2026-03-30 11:33:32.731 -03:00 [INF] User profile is available. Using 'C:\Users\ACPGROUP\AppData\Local\ASP.NET\DataProtection-Keys' as key repository and Windows DPAPI to encrypt keys at rest.
2026-03-30 11:33:32.810 -03:00 [ERR] Hosting failed to start
System.IO.IOException: Failed to bind to address http://127.0.0.1:8080: address already in use.
 ---> Microsoft.AspNetCore.Connections.AddressInUseException: Normalmente é permitida apenas uma utilização de cada endereço de soquete (protocolo/endereço de rede/porta).
 ---> System.Net.Sockets.SocketException (10048): Normalmente é permitida apenas uma utilização de cada endereço de soquete (protocolo/endereço de rede/porta).
   at System.Net.Sockets.Socket.UpdateStatusAfterSocketErrorAndThrowException(SocketError error, Boolean disconnectOnFailure, String callerName)
   at System.Net.Sockets.Socket.DoBind(EndPoint endPointSnapshot, SocketAddress socketAddress)
   at System.Net.Sockets.Socket.Bind(EndPoint localEP)
   at Microsoft.AspNetCore.Server.Kestrel.Transport.Sockets.SocketTransportOptions.CreateDefaultBoundListenSocket(EndPoint endpoint)
   at Microsoft.AspNetCore.Server.Kestrel.Transport.Sockets.SocketConnectionListener.Bind()
   --- End of inner exception stack trace ---
   at Microsoft.AspNetCore.Server.Kestrel.Transport.Sockets.SocketConnectionListener.Bind()
   at Microsoft.AspNetCore.Server.Kestrel.Transport.Sockets.SocketTransportFactory.BindAsync(EndPoint endpoint, CancellationToken cancellationToken)
   at Microsoft.AspNetCore.Server.Kestrel.Core.Internal.Infrastructure.TransportManager.BindAsync(EndPoint endPoint, ConnectionDelegate connectionDelegate, EndpointConfig endpointConfig, CancellationToken cancellationToken)
   at Microsoft.AspNetCore.Server.Kestrel.Core.KestrelServerImpl.<>c__DisplayClass28_0`1.<<StartAsync>g__OnBind|0>d.MoveNext()
--- End of stack trace from previous location ---
   at Microsoft.AspNetCore.Server.Kestrel.Core.Internal.AddressBinder.BindEndpointAsync(ListenOptions endpoint, AddressBindContext context, CancellationToken cancellationToken)
   --- End of inner exception stack trace ---
   at Microsoft.AspNetCore.Server.Kestrel.Core.Internal.AddressBinder.BindEndpointAsync(ListenOptions endpoint, AddressBindContext context, CancellationToken cancellationToken)
   at Microsoft.AspNetCore.Server.Kestrel.Core.LocalhostListenOptions.BindAsync(AddressBindContext context, CancellationToken cancellationToken)
   at Microsoft.AspNetCore.Server.Kestrel.Core.Internal.AddressBinder.AddressesStrategy.BindAsync(AddressBindContext context, CancellationToken cancellationToken)
   at Microsoft.AspNetCore.Server.Kestrel.Core.Internal.AddressBinder.BindAsync(ListenOptions[] listenOptions, AddressBindContext context, Func`2 useHttps, CancellationToken cancellationToken)
   at Microsoft.AspNetCore.Server.Kestrel.Core.KestrelServerImpl.BindAsync(CancellationToken cancellationToken)
   at Microsoft.AspNetCore.Server.Kestrel.Core.KestrelServerImpl.StartAsync[TContext](IHttpApplication`1 application, CancellationToken cancellationToken)
   at Microsoft.AspNetCore.Hosting.GenericWebHostService.StartAsync(CancellationToken cancellationToken)
   at Microsoft.Extensions.Hosting.Internal.Host.<StartAsync>b__15_1(IHostedService service, CancellationToken token)
   at Microsoft.Extensions.Hosting.Internal.Host.ForeachService[T](IEnumerable`1 services, CancellationToken token, Boolean concurrent, Boolean abortOnFirstException, List`1 exceptions, Func`3 operation)
2026-03-30 11:43:56.634 -03:00 [INF] User profile is available. Using 'C:\Users\ACPGROUP\AppData\Local\ASP.NET\DataProtection-Keys' as key repository and Windows DPAPI to encrypt keys at rest.
2026-03-30 11:43:56.695 -03:00 [INF] Now listening on: http://localhost:8080
2026-03-30 11:43:56.700 -03:00 [INF] Application started. Press Ctrl+C to shut down.
2026-03-30 11:43:56.702 -03:00 [INF] Hosting environment: Development
2026-03-30 11:43:56.702 -03:00 [INF] Content root path: C:\Users\ACPGROUP\Desktop\HTML PURO\hidrorec\backend
2026-03-30 11:43:59.360 -03:00 [INF] Request starting HTTP/1.1 GET http://localhost:8080/api/previsoes - null null
2026-03-30 11:43:59.360 -03:00 [INF] Request starting HTTP/1.1 GET http://localhost:8080/api/dashboard/resumo - null null
2026-03-30 11:43:59.438 -03:00 [INF] Executing endpoint 'HidroRec.Backend.Controllers.PrevisoesController.GetResumo (HidroRec.Backend)'
2026-03-30 11:43:59.438 -03:00 [INF] Executing endpoint 'HidroRec.Backend.Controllers.DashboardController.GetResumo (HidroRec.Backend)'
2026-03-30 11:43:59.465 -03:00 [INF] Route matched with {action = "GetResumo", controller = "Dashboard"}. Executing controller action with signature System.Threading.Tasks.Task`1[Microsoft.AspNetCore.Mvc.ActionResult`1[HidroRec.Backend.Application.DTOs.Common.ApiResponse`1[HidroRec.Backend.Application.DTOs.Dashboard.DashboardResumoDto]]] GetResumo(System.Threading.CancellationToken) on controller HidroRec.Backend.Controllers.DashboardController (HidroRec.Backend).
2026-03-30 11:43:59.465 -03:00 [INF] Route matched with {action = "GetResumo", controller = "Previsoes"}. Executing controller action with signature System.Threading.Tasks.Task`1[Microsoft.AspNetCore.Mvc.ActionResult`1[HidroRec.Backend.Application.DTOs.Common.ApiResponse`1[HidroRec.Backend.Application.DTOs.Previsoes.PrevisaoResumoDto]]] GetResumo(System.Threading.CancellationToken) on controller HidroRec.Backend.Controllers.PrevisoesController (HidroRec.Backend).
2026-03-30 11:43:59.553 -03:00 [INF] Start processing HTTP request GET https://geoportal.apac.pe.gov.br/server/rest/services/met_volume_acumulado_chuva_municipio_24hs/MapServer/0/query?where=nm_mun%20%3D%20%27Recife%27&outFields=nm_mun,horas_24,ultima_leitura_data_hora&returnGeometry=false&f=json
2026-03-30 11:43:59.558 -03:00 [INF] Sending HTTP request GET https://geoportal.apac.pe.gov.br/server/rest/services/met_volume_acumulado_chuva_municipio_24hs/MapServer/0/query?where=nm_mun%20%3D%20%27Recife%27&outFields=nm_mun,horas_24,ultima_leitura_data_hora&returnGeometry=false&f=json
2026-03-30 11:43:59.707 -03:00 [INF] Start processing HTTP request GET https://geoportal.apac.pe.gov.br/server/rest/services/met_volume_acumulado_chuva_municipio_24hs/MapServer/0/query?where=nm_mun%20%3D%20%27Recife%27&outFields=nm_mun,horas_24,ultima_leitura_data_hora&returnGeometry=false&f=json
2026-03-30 11:43:59.710 -03:00 [INF] Sending HTTP request GET https://geoportal.apac.pe.gov.br/server/rest/services/met_volume_acumulado_chuva_municipio_24hs/MapServer/0/query?where=nm_mun%20%3D%20%27Recife%27&outFields=nm_mun,horas_24,ultima_leitura_data_hora&returnGeometry=false&f=json
2026-03-30 11:43:59.911 -03:00 [INF] Received HTTP response headers after 193.6223ms - 200
2026-03-30 11:43:59.911 -03:00 [INF] Received HTTP response headers after 345.7118ms - 200
2026-03-30 11:43:59.922 -03:00 [INF] End processing HTTP request after 215.2856ms - 200
2026-03-30 11:43:59.924 -03:00 [INF] End processing HTTP request after 375.572ms - 200
2026-03-30 11:43:59.994 -03:00 [INF] Executing OkObjectResult, writing value of type 'HidroRec.Backend.Application.DTOs.Common.ApiResponse`1[[HidroRec.Backend.Application.DTOs.Previsoes.PrevisaoResumoDto, HidroRec.Backend, Version=1.0.0.0, Culture=neutral, PublicKeyToken=null]]'.
2026-03-30 11:43:59.998 -03:00 [INF] Executing OkObjectResult, writing value of type 'HidroRec.Backend.Application.DTOs.Common.ApiResponse`1[[HidroRec.Backend.Application.DTOs.Dashboard.DashboardResumoDto, HidroRec.Backend, Version=1.0.0.0, Culture=neutral, PublicKeyToken=null]]'.
2026-03-30 11:44:00.013 -03:00 [INF] Executed action HidroRec.Backend.Controllers.PrevisoesController.GetResumo (HidroRec.Backend) in 534.0829ms
2026-03-30 11:44:00.016 -03:00 [INF] Executed endpoint 'HidroRec.Backend.Controllers.PrevisoesController.GetResumo (HidroRec.Backend)'
2026-03-30 11:44:00.020 -03:00 [INF] HTTP GET /api/previsoes responded 200 in 622.3382 ms
2026-03-30 11:44:00.027 -03:00 [INF] Request finished HTTP/1.1 GET http://localhost:8080/api/previsoes - 200 null application/json; charset=utf-8 668.7949ms
2026-03-30 11:44:00.028 -03:00 [INF] Executed action HidroRec.Backend.Controllers.DashboardController.GetResumo (HidroRec.Backend) in 556.5307ms
2026-03-30 11:44:00.035 -03:00 [INF] Executed endpoint 'HidroRec.Backend.Controllers.DashboardController.GetResumo (HidroRec.Backend)'
2026-03-30 11:44:00.037 -03:00 [INF] HTTP GET /api/dashboard/resumo responded 200 in 641.3859 ms
2026-03-30 11:44:00.045 -03:00 [INF] Request finished HTTP/1.1 GET http://localhost:8080/api/dashboard/resumo - 200 null application/json; charset=utf-8 686.9436ms
2026-03-30 11:44:27.975 -03:00 [INF] Request starting HTTP/1.1 GET http://localhost:8080/acesso.html - null null
2026-03-30 11:44:27.987 -03:00 [INF] The file /acesso.html was not modified
2026-03-30 11:44:27.991 -03:00 [INF] HTTP GET /acesso.html responded 304 in 9.4003 ms
2026-03-30 11:44:27.996 -03:00 [INF] Request finished HTTP/1.1 GET http://localhost:8080/acesso.html - 304 null text/html 21.2331ms
2026-03-30 11:44:28.013 -03:00 [INF] Request starting HTTP/1.1 GET http://localhost:8080/css/components.css - null null
2026-03-30 11:44:28.015 -03:00 [INF] Request starting HTTP/1.1 GET http://localhost:8080/css/acesso.css - null null
2026-03-30 11:44:28.016 -03:00 [INF] Request starting HTTP/1.1 GET http://localhost:8080/js/acesso.js - null null
2026-03-30 11:44:28.019 -03:00 [INF] The file /css/components.css was not modified
2026-03-30 11:44:28.025 -03:00 [INF] The file /css/acesso.css was not modified
2026-03-30 11:44:28.032 -03:00 [INF] HTTP GET /css/components.css responded 304 in 13.9202 ms
2026-03-30 11:44:28.033 -03:00 [INF] HTTP GET /css/acesso.css responded 304 in 8.0847 ms
2026-03-30 11:44:28.033 -03:00 [INF] CORS policy execution successful.
2026-03-30 11:44:28.035 -03:00 [INF] Request finished HTTP/1.1 GET http://localhost:8080/css/components.css - 304 null text/css 21.9053ms
2026-03-30 11:44:28.036 -03:00 [INF] Request finished HTTP/1.1 GET http://localhost:8080/css/acesso.css - 304 null text/css 21.4638ms
2026-03-30 11:44:28.038 -03:00 [INF] The file /js/acesso.js was not modified
2026-03-30 11:44:28.044 -03:00 [INF] HTTP GET /js/acesso.js responded 304 in 12.6733 ms
2026-03-30 11:44:28.046 -03:00 [INF] Request finished HTTP/1.1 GET http://localhost:8080/js/acesso.js - 304 null text/javascript 30.3418ms
2026-03-30 11:44:28.048 -03:00 [INF] Request starting HTTP/1.1 GET http://localhost:8080/js/utils.js - null null
2026-03-30 11:44:28.048 -03:00 [INF] Request starting HTTP/1.1 GET http://localhost:8080/js/api.js - null null
2026-03-30 11:44:28.049 -03:00 [INF] Request starting HTTP/1.1 GET http://localhost:8080/js/app.js - null null
2026-03-30 11:44:28.052 -03:00 [INF] CORS policy execution successful.
2026-03-30 11:44:28.054 -03:00 [INF] CORS policy execution successful.
2026-03-30 11:44:28.058 -03:00 [INF] CORS policy execution successful.
2026-03-30 11:44:28.059 -03:00 [INF] The file /js/utils.js was not modified
2026-03-30 11:44:28.059 -03:00 [INF] The file /js/api.js was not modified
2026-03-30 11:44:28.059 -03:00 [INF] The file /js/app.js was not modified
2026-03-30 11:44:28.060 -03:00 [INF] HTTP GET /js/utils.js responded 304 in 8.5647 ms
2026-03-30 11:44:28.061 -03:00 [INF] HTTP GET /js/api.js responded 304 in 7.0540 ms
2026-03-30 11:44:28.062 -03:00 [INF] HTTP GET /js/app.js responded 304 in 4.5285 ms
2026-03-30 11:44:28.064 -03:00 [INF] Request finished HTTP/1.1 GET http://localhost:8080/js/utils.js - 304 null text/javascript 15.4187ms
2026-03-30 11:44:28.065 -03:00 [INF] Request finished HTTP/1.1 GET http://localhost:8080/js/api.js - 304 null text/javascript 17.0743ms
2026-03-30 11:44:28.067 -03:00 [INF] Request finished HTTP/1.1 GET http://localhost:8080/js/app.js - 304 null text/javascript 17.4283ms
2026-03-30 11:44:28.075 -03:00 [INF] Request starting HTTP/1.1 GET http://localhost:8080/api/auth/me - null null
2026-03-30 11:44:28.137 -03:00 [INF] Executing endpoint 'HidroRec.Backend.Controllers.AuthController.Me (HidroRec.Backend)'
2026-03-30 11:44:28.147 -03:00 [INF] Route matched with {action = "Me", controller = "Auth"}. Executing controller action with signature System.Threading.Tasks.Task`1[Microsoft.AspNetCore.Mvc.ActionResult`1[HidroRec.Backend.Application.DTOs.Common.ApiResponse`1[HidroRec.Backend.Application.DTOs.Auth.UsuarioResumoDto]]] Me(System.Threading.CancellationToken) on controller HidroRec.Backend.Controllers.AuthController (HidroRec.Backend).
2026-03-30 11:44:28.561 -03:00 [INF] Executing OkObjectResult, writing value of type 'HidroRec.Backend.Application.DTOs.Common.ApiResponse`1[[HidroRec.Backend.Application.DTOs.Auth.UsuarioResumoDto, HidroRec.Backend, Version=1.0.0.0, Culture=neutral, PublicKeyToken=null]]'.
2026-03-30 11:44:28.570 -03:00 [INF] Executed action HidroRec.Backend.Controllers.AuthController.Me (HidroRec.Backend) in 419.3459ms
2026-03-30 11:44:28.575 -03:00 [INF] Executed endpoint 'HidroRec.Backend.Controllers.AuthController.Me (HidroRec.Backend)'
2026-03-30 11:44:28.576 -03:00 [INF] HTTP GET /api/auth/me responded 200 in 494.7737 ms
2026-03-30 11:44:28.578 -03:00 [INF] Request finished HTTP/1.1 GET http://localhost:8080/api/auth/me - 200 null application/json; charset=utf-8 503.1094ms
2026-03-30 11:44:38.740 -03:00 [INF] Request starting HTTP/1.1 GET http://localhost:8080/index.html - null null
2026-03-30 11:44:38.752 -03:00 [INF] Sending file. Request path: '/index.html'. Physical path: 'C:\Users\ACPGROUP\Desktop\HTML PURO\hidrorec\frontend\index.html'
2026-03-30 11:44:38.756 -03:00 [INF] HTTP GET /index.html responded 200 in 6.5435 ms
2026-03-30 11:44:38.758 -03:00 [INF] Request finished HTTP/1.1 GET http://localhost:8080/index.html - 200 6348 text/html 18.0038ms
2026-03-30 11:44:38.771 -03:00 [INF] Request starting HTTP/1.1 GET http://localhost:8080/css/dashboard.css - null null
2026-03-30 11:44:38.771 -03:00 [INF] Request starting HTTP/1.1 GET http://localhost:8080/css/mapa.css - null null
2026-03-30 11:44:38.771 -03:00 [INF] Request starting HTTP/1.1 GET http://localhost:8080/js/dashboard.js - null null
2026-03-30 11:44:38.775 -03:00 [INF] The file /css/dashboard.css was not modified
2026-03-30 11:44:38.777 -03:00 [INF] The file /css/mapa.css was not modified
2026-03-30 11:44:38.779 -03:00 [INF] CORS policy execution successful.
2026-03-30 11:44:38.780 -03:00 [INF] HTTP GET /css/dashboard.css responded 304 in 5.0022 ms
2026-03-30 11:44:38.781 -03:00 [INF] HTTP GET /css/mapa.css responded 304 in 3.9628 ms
2026-03-30 11:44:38.782 -03:00 [INF] The file /js/dashboard.js was not modified
2026-03-30 11:44:38.783 -03:00 [INF] Request finished HTTP/1.1 GET http://localhost:8080/css/dashboard.css - 304 null text/css 12.368ms
2026-03-30 11:44:38.785 -03:00 [INF] Request finished HTTP/1.1 GET http://localhost:8080/css/mapa.css - 304 null text/css 14.0284ms
2026-03-30 11:44:38.786 -03:00 [INF] HTTP GET /js/dashboard.js responded 304 in 7.2451 ms
2026-03-30 11:44:38.794 -03:00 [INF] Request finished HTTP/1.1 GET http://localhost:8080/js/dashboard.js - 304 null text/javascript 23.0204ms
2026-03-30 11:44:38.798 -03:00 [INF] Request starting HTTP/1.1 GET http://localhost:8080/js/mapa.js - null null
2026-03-30 11:44:38.801 -03:00 [INF] CORS policy execution successful.
2026-03-30 11:44:38.802 -03:00 [INF] The file /js/mapa.js was not modified
2026-03-30 11:44:38.803 -03:00 [INF] HTTP GET /js/mapa.js responded 304 in 1.9974 ms
2026-03-30 11:44:38.804 -03:00 [INF] Request finished HTTP/1.1 GET http://localhost:8080/js/mapa.js - 304 null text/javascript 6.1659ms
2026-03-30 11:44:38.809 -03:00 [INF] Request starting HTTP/1.1 GET http://localhost:8080/api/auth/me - null null
2026-03-30 11:44:38.815 -03:00 [INF] Executing endpoint 'HidroRec.Backend.Controllers.AuthController.Me (HidroRec.Backend)'
2026-03-30 11:44:38.816 -03:00 [INF] Route matched with {action = "Me", controller = "Auth"}. Executing controller action with signature System.Threading.Tasks.Task`1[Microsoft.AspNetCore.Mvc.ActionResult`1[HidroRec.Backend.Application.DTOs.Common.ApiResponse`1[HidroRec.Backend.Application.DTOs.Auth.UsuarioResumoDto]]] Me(System.Threading.CancellationToken) on controller HidroRec.Backend.Controllers.AuthController (HidroRec.Backend).
2026-03-30 11:44:38.826 -03:00 [INF] Executing OkObjectResult, writing value of type 'HidroRec.Backend.Application.DTOs.Common.ApiResponse`1[[HidroRec.Backend.Application.DTOs.Auth.UsuarioResumoDto, HidroRec.Backend, Version=1.0.0.0, Culture=neutral, PublicKeyToken=null]]'.
2026-03-30 11:44:38.828 -03:00 [INF] Executed action HidroRec.Backend.Controllers.AuthController.Me (HidroRec.Backend) in 9.8508ms
2026-03-30 11:44:38.829 -03:00 [INF] Executed endpoint 'HidroRec.Backend.Controllers.AuthController.Me (HidroRec.Backend)'
2026-03-30 11:44:38.830 -03:00 [INF] HTTP GET /api/auth/me responded 200 in 16.6208 ms
2026-03-30 11:44:38.831 -03:00 [INF] Request finished HTTP/1.1 GET http://localhost:8080/api/auth/me - 200 null application/json; charset=utf-8 22.894ms
2026-03-30 11:44:38.834 -03:00 [INF] Request starting HTTP/1.1 GET http://localhost:8080/api/dashboard/resumo - null null
2026-03-30 11:44:38.837 -03:00 [INF] Executing endpoint 'HidroRec.Backend.Controllers.DashboardController.GetResumo (HidroRec.Backend)'
2026-03-30 11:44:38.838 -03:00 [INF] Route matched with {action = "GetResumo", controller = "Dashboard"}. Executing controller action with signature System.Threading.Tasks.Task`1[Microsoft.AspNetCore.Mvc.ActionResult`1[HidroRec.Backend.Application.DTOs.Common.ApiResponse`1[HidroRec.Backend.Application.DTOs.Dashboard.DashboardResumoDto]]] GetResumo(System.Threading.CancellationToken) on controller HidroRec.Backend.Controllers.DashboardController (HidroRec.Backend).
2026-03-30 11:44:38.847 -03:00 [INF] Start processing HTTP request GET https://geoportal.apac.pe.gov.br/server/rest/services/met_volume_acumulado_chuva_municipio_24hs/MapServer/0/query?where=nm_mun%20%3D%20%27Recife%27&outFields=nm_mun,horas_24,ultima_leitura_data_hora&returnGeometry=false&f=json
2026-03-30 11:44:38.848 -03:00 [INF] Sending HTTP request GET https://geoportal.apac.pe.gov.br/server/rest/services/met_volume_acumulado_chuva_municipio_24hs/MapServer/0/query?where=nm_mun%20%3D%20%27Recife%27&outFields=nm_mun,horas_24,ultima_leitura_data_hora&returnGeometry=false&f=json
2026-03-30 11:44:38.908 -03:00 [INF] Received HTTP response headers after 59.4793ms - 200
2026-03-30 11:44:38.914 -03:00 [INF] End processing HTTP request after 67.6306ms - 200
2026-03-30 11:44:38.918 -03:00 [INF] Executing OkObjectResult, writing value of type 'HidroRec.Backend.Application.DTOs.Common.ApiResponse`1[[HidroRec.Backend.Application.DTOs.Dashboard.DashboardResumoDto, HidroRec.Backend, Version=1.0.0.0, Culture=neutral, PublicKeyToken=null]]'.
2026-03-30 11:44:38.919 -03:00 [INF] Executed action HidroRec.Backend.Controllers.DashboardController.GetResumo (HidroRec.Backend) in 78.6181ms
2026-03-30 11:44:38.921 -03:00 [INF] Executed endpoint 'HidroRec.Backend.Controllers.DashboardController.GetResumo (HidroRec.Backend)'
2026-03-30 11:44:38.922 -03:00 [INF] HTTP GET /api/dashboard/resumo responded 200 in 85.0152 ms
2026-03-30 11:44:38.924 -03:00 [INF] Request finished HTTP/1.1 GET http://localhost:8080/api/dashboard/resumo - 200 null application/json; charset=utf-8 90.22ms
2026-03-30 11:46:29.333 -03:00 [INF] Request starting HTTP/1.1 GET http://localhost:8080/index.html - null null
2026-03-30 11:46:29.589 -03:00 [INF] The file /index.html was not modified
2026-03-30 11:46:29.695 -03:00 [INF] HTTP GET /index.html responded 304 in 106.0256 ms
2026-03-30 11:46:29.908 -03:00 [INF] Request finished HTTP/1.1 GET http://localhost:8080/index.html - 304 null text/html 574.1547ms
2026-03-30 11:46:29.934 -03:00 [INF] Request starting HTTP/1.1 GET http://localhost:8080/css/dashboard.css - null null
2026-03-30 11:46:29.937 -03:00 [INF] Request starting HTTP/1.1 GET http://localhost:8080/js/dashboard.js - null null
2026-03-30 11:46:30.298 -03:00 [INF] Request starting HTTP/1.1 GET http://localhost:8080/css/components.css - null null
2026-03-30 11:46:30.320 -03:00 [INF] The file /css/dashboard.css was not modified
2026-03-30 11:46:30.443 -03:00 [INF] CORS policy execution successful.
2026-03-30 11:46:30.580 -03:00 [INF] The file /css/components.css was not modified
2026-03-30 11:46:30.587 -03:00 [INF] HTTP GET /css/dashboard.css responded 304 in 268.2921 ms
2026-03-30 11:46:30.603 -03:00 [INF] The file /js/dashboard.js was not modified
2026-03-30 11:46:30.673 -03:00 [INF] HTTP GET /css/components.css responded 304 in 93.1605 ms
2026-03-30 11:46:30.710 -03:00 [INF] Request finished HTTP/1.1 GET http://localhost:8080/css/dashboard.css - 304 null text/css 776.4864ms
2026-03-30 11:46:30.817 -03:00 [INF] HTTP GET /js/dashboard.js responded 304 in 374.2657 ms
2026-03-30 11:46:30.882 -03:00 [INF] Request finished HTTP/1.1 GET http://localhost:8080/css/components.css - 304 null text/css 584.2599ms
2026-03-30 11:46:31.082 -03:00 [INF] Request finished HTTP/1.1 GET http://localhost:8080/js/dashboard.js - 304 null text/javascript 1144.2285ms
2026-03-30 11:46:31.093 -03:00 [INF] Request starting HTTP/1.1 GET http://localhost:8080/js/utils.js - null null
2026-03-30 11:46:31.336 -03:00 [INF] Request starting HTTP/1.1 GET http://localhost:8080/js/api.js - null null
2026-03-30 11:46:31.416 -03:00 [INF] Request starting HTTP/1.1 GET http://localhost:8080/js/app.js - null null
2026-03-30 11:46:31.446 -03:00 [INF] CORS policy execution successful.
2026-03-30 11:46:31.469 -03:00 [INF] CORS policy execution successful.
2026-03-30 11:46:31.473 -03:00 [INF] CORS policy execution successful.
2026-03-30 11:46:31.480 -03:00 [INF] The file /js/utils.js was not modified
2026-03-30 11:46:31.483 -03:00 [INF] The file /js/api.js was not modified
2026-03-30 11:46:31.485 -03:00 [INF] The file /js/app.js was not modified
2026-03-30 11:46:31.486 -03:00 [INF] HTTP GET /js/utils.js responded 304 in 39.1764 ms
2026-03-30 11:46:31.487 -03:00 [INF] HTTP GET /js/api.js responded 304 in 18.5828 ms
2026-03-30 11:46:31.489 -03:00 [INF] HTTP GET /js/app.js responded 304 in 16.7269 ms
2026-03-30 11:46:31.495 -03:00 [INF] Request finished HTTP/1.1 GET http://localhost:8080/js/utils.js - 304 null text/javascript 401.3792ms
2026-03-30 11:46:31.498 -03:00 [INF] Request finished HTTP/1.1 GET http://localhost:8080/js/api.js - 304 null text/javascript 161.7877ms
2026-03-30 11:46:31.500 -03:00 [INF] Request finished HTTP/1.1 GET http://localhost:8080/js/app.js - 304 null text/javascript 84.3964ms
2026-03-30 11:46:31.518 -03:00 [INF] Request starting HTTP/1.1 GET http://localhost:8080/api/auth/me - null null
2026-03-30 11:46:31.526 -03:00 [INF] Executing endpoint 'HidroRec.Backend.Controllers.AuthController.Me (HidroRec.Backend)'
2026-03-30 11:46:31.530 -03:00 [INF] Route matched with {action = "Me", controller = "Auth"}. Executing controller action with signature System.Threading.Tasks.Task`1[Microsoft.AspNetCore.Mvc.ActionResult`1[HidroRec.Backend.Application.DTOs.Common.ApiResponse`1[HidroRec.Backend.Application.DTOs.Auth.UsuarioResumoDto]]] Me(System.Threading.CancellationToken) on controller HidroRec.Backend.Controllers.AuthController (HidroRec.Backend).
2026-03-30 11:46:31.542 -03:00 [INF] Executing OkObjectResult, writing value of type 'HidroRec.Backend.Application.DTOs.Common.ApiResponse`1[[HidroRec.Backend.Application.DTOs.Auth.UsuarioResumoDto, HidroRec.Backend, Version=1.0.0.0, Culture=neutral, PublicKeyToken=null]]'.
2026-03-30 11:46:31.544 -03:00 [INF] Executed action HidroRec.Backend.Controllers.AuthController.Me (HidroRec.Backend) in 11.8093ms
2026-03-30 11:46:31.546 -03:00 [INF] Executed endpoint 'HidroRec.Backend.Controllers.AuthController.Me (HidroRec.Backend)'
2026-03-30 11:46:31.547 -03:00 [INF] HTTP GET /api/auth/me responded 200 in 23.7603 ms
2026-03-30 11:46:31.549 -03:00 [INF] Request finished HTTP/1.1 GET http://localhost:8080/api/auth/me - 200 null application/json; charset=utf-8 30.1779ms
2026-03-30 11:46:31.552 -03:00 [INF] Request starting HTTP/1.1 GET http://localhost:8080/api/dashboard/resumo - null null
2026-03-30 11:46:31.556 -03:00 [INF] Executing endpoint 'HidroRec.Backend.Controllers.DashboardController.GetResumo (HidroRec.Backend)'
2026-03-30 11:46:31.557 -03:00 [INF] Route matched with {action = "GetResumo", controller = "Dashboard"}. Executing controller action with signature System.Threading.Tasks.Task`1[Microsoft.AspNetCore.Mvc.ActionResult`1[HidroRec.Backend.Application.DTOs.Common.ApiResponse`1[HidroRec.Backend.Application.DTOs.Dashboard.DashboardResumoDto]]] GetResumo(System.Threading.CancellationToken) on controller HidroRec.Backend.Controllers.DashboardController (HidroRec.Backend).
2026-03-30 11:46:31.569 -03:00 [INF] Start processing HTTP request GET https://geoportal.apac.pe.gov.br/server/rest/services/met_volume_acumulado_chuva_municipio_24hs/MapServer/0/query?where=nm_mun%20%3D%20%27Recife%27&outFields=nm_mun,horas_24,ultima_leitura_data_hora&returnGeometry=false&f=json
2026-03-30 11:46:31.571 -03:00 [INF] Sending HTTP request GET https://geoportal.apac.pe.gov.br/server/rest/services/met_volume_acumulado_chuva_municipio_24hs/MapServer/0/query?where=nm_mun%20%3D%20%27Recife%27&outFields=nm_mun,horas_24,ultima_leitura_data_hora&returnGeometry=false&f=json
2026-03-30 11:46:32.059 -03:00 [INF] Received HTTP response headers after 486.9105ms - 200
2026-03-30 11:46:32.061 -03:00 [INF] End processing HTTP request after 492.3341ms - 200
2026-03-30 11:46:32.063 -03:00 [INF] Executing OkObjectResult, writing value of type 'HidroRec.Backend.Application.DTOs.Common.ApiResponse`1[[HidroRec.Backend.Application.DTOs.Dashboard.DashboardResumoDto, HidroRec.Backend, Version=1.0.0.0, Culture=neutral, PublicKeyToken=null]]'.
2026-03-30 11:46:32.072 -03:00 [INF] Executed action HidroRec.Backend.Controllers.DashboardController.GetResumo (HidroRec.Backend) in 510.7466ms
2026-03-30 11:46:32.074 -03:00 [INF] Executed endpoint 'HidroRec.Backend.Controllers.DashboardController.GetResumo (HidroRec.Backend)'
2026-03-30 11:46:32.075 -03:00 [INF] HTTP GET /api/dashboard/resumo responded 200 in 519.5613 ms
2026-03-30 11:46:32.077 -03:00 [INF] Request finished HTTP/1.1 GET http://localhost:8080/api/dashboard/resumo - 200 null application/json; charset=utf-8 524.7436ms
2026-03-30 11:47:44.721 -03:00 [INF] Request starting HTTP/1.1 GET http://localhost:8080/alertas.html - null null
2026-03-30 11:47:44.725 -03:00 [INF] The file /alertas.html was not modified
2026-03-30 11:47:44.727 -03:00 [INF] HTTP GET /alertas.html responded 304 in 1.8272 ms
2026-03-30 11:47:44.728 -03:00 [INF] Request finished HTTP/1.1 GET http://localhost:8080/alertas.html - 304 null text/html 6.9717ms
2026-03-30 11:47:44.741 -03:00 [INF] Request starting HTTP/1.1 GET http://localhost:8080/css/alertas.css - null null
2026-03-30 11:47:44.741 -03:00 [INF] Request starting HTTP/1.1 GET http://localhost:8080/js/alertas.js - null null
2026-03-30 11:47:44.743 -03:00 [INF] The file /css/alertas.css was not modified
2026-03-30 11:47:44.745 -03:00 [INF] CORS policy execution successful.
2026-03-30 11:47:44.746 -03:00 [INF] HTTP GET /css/alertas.css responded 304 in 2.9346 ms
2026-03-30 11:47:44.747 -03:00 [INF] The file /js/alertas.js was not modified
2026-03-30 11:47:44.748 -03:00 [INF] Request finished HTTP/1.1 GET http://localhost:8080/css/alertas.css - 304 null text/css 7.2982ms
2026-03-30 11:47:44.749 -03:00 [INF] HTTP GET /js/alertas.js responded 304 in 3.8942 ms
2026-03-30 11:47:44.752 -03:00 [INF] Request finished HTTP/1.1 GET http://localhost:8080/js/alertas.js - 304 null text/javascript 11.8994ms
2026-03-30 11:47:44.755 -03:00 [INF] Request starting HTTP/1.1 GET http://localhost:8080/api/alertas/ativos - null null
2026-03-30 11:47:44.755 -03:00 [INF] Request starting HTTP/1.1 GET http://localhost:8080/api/auth/me - null null
2026-03-30 11:47:44.758 -03:00 [INF] Executing endpoint 'HidroRec.Backend.Controllers.AlertasController.GetAtivos (HidroRec.Backend)'
2026-03-30 11:47:44.760 -03:00 [INF] Executing endpoint 'HidroRec.Backend.Controllers.AuthController.Me (HidroRec.Backend)'
2026-03-30 11:47:44.761 -03:00 [INF] Route matched with {action = "Me", controller = "Auth"}. Executing controller action with signature System.Threading.Tasks.Task`1[Microsoft.AspNetCore.Mvc.ActionResult`1[HidroRec.Backend.Application.DTOs.Common.ApiResponse`1[HidroRec.Backend.Application.DTOs.Auth.UsuarioResumoDto]]] Me(System.Threading.CancellationToken) on controller HidroRec.Backend.Controllers.AuthController (HidroRec.Backend).
2026-03-30 11:47:44.764 -03:00 [INF] Route matched with {action = "GetAtivos", controller = "Alertas"}. Executing controller action with signature System.Threading.Tasks.Task`1[Microsoft.AspNetCore.Mvc.ActionResult`1[HidroRec.Backend.Application.DTOs.Common.ApiResponse`1[System.Collections.Generic.IReadOnlyCollection`1[HidroRec.Backend.Application.DTOs.Alertas.AlertaDto]]]] GetAtivos(System.String, System.Threading.CancellationToken) on controller HidroRec.Backend.Controllers.AlertasController (HidroRec.Backend).
2026-03-30 11:47:44.767 -03:00 [INF] Executing OkObjectResult, writing value of type 'HidroRec.Backend.Application.DTOs.Common.ApiResponse`1[[HidroRec.Backend.Application.DTOs.Auth.UsuarioResumoDto, HidroRec.Backend, Version=1.0.0.0, Culture=neutral, PublicKeyToken=null]]'.
2026-03-30 11:47:44.769 -03:00 [INF] Executed action HidroRec.Backend.Controllers.AuthController.Me (HidroRec.Backend) in 5.9015ms
2026-03-30 11:47:44.770 -03:00 [INF] Executed endpoint 'HidroRec.Backend.Controllers.AuthController.Me (HidroRec.Backend)'
2026-03-30 11:47:44.771 -03:00 [INF] HTTP GET /api/auth/me responded 200 in 11.6316 ms
2026-03-30 11:47:44.773 -03:00 [INF] Request finished HTTP/1.1 GET http://localhost:8080/api/auth/me - 200 null application/json; charset=utf-8 17.8729ms
2026-03-30 11:47:44.813 -03:00 [INF] Executing OkObjectResult, writing value of type 'HidroRec.Backend.Application.DTOs.Common.ApiResponse`1[[System.Collections.Generic.IReadOnlyCollection`1[[HidroRec.Backend.Application.DTOs.Alertas.AlertaDto, HidroRec.Backend, Version=1.0.0.0, Culture=neutral, PublicKeyToken=null]], System.Private.CoreLib, Version=8.0.0.0, Culture=neutral, PublicKeyToken=7cec85d7bea7798e]]'.
2026-03-30 11:47:44.821 -03:00 [INF] Executed action HidroRec.Backend.Controllers.AlertasController.GetAtivos (HidroRec.Backend) in 54.6039ms
2026-03-30 11:47:44.826 -03:00 [INF] Executed endpoint 'HidroRec.Backend.Controllers.AlertasController.GetAtivos (HidroRec.Backend)'
2026-03-30 11:47:44.828 -03:00 [INF] HTTP GET /api/alertas/ativos responded 200 in 71.0865 ms
2026-03-30 11:47:44.830 -03:00 [INF] Request finished HTTP/1.1 GET http://localhost:8080/api/alertas/ativos - 200 null application/json; charset=utf-8 74.6397ms
2026-03-30 11:47:53.370 -03:00 [INF] Request starting HTTP/1.1 GET http://localhost:8080/index.html - null null
2026-03-30 11:47:53.375 -03:00 [INF] The file /index.html was not modified
2026-03-30 11:47:53.378 -03:00 [INF] HTTP GET /index.html responded 304 in 4.1421 ms
2026-03-30 11:47:53.382 -03:00 [INF] Request finished HTTP/1.1 GET http://localhost:8080/index.html - 304 null text/html 11.7194ms
2026-03-30 11:47:53.393 -03:00 [INF] Request starting HTTP/1.1 GET http://localhost:8080/js/dashboard.js - null null
2026-03-30 11:47:53.396 -03:00 [INF] CORS policy execution successful.
2026-03-30 11:47:53.397 -03:00 [INF] The file /js/dashboard.js was not modified
2026-03-30 11:47:53.398 -03:00 [INF] HTTP GET /js/dashboard.js responded 304 in 1.8508 ms
2026-03-30 11:47:53.399 -03:00 [INF] Request finished HTTP/1.1 GET http://localhost:8080/js/dashboard.js - 304 null text/javascript 6.4043ms
2026-03-30 11:47:53.403 -03:00 [INF] Request starting HTTP/1.1 GET http://localhost:8080/api/auth/me - null null
2026-03-30 11:47:53.405 -03:00 [INF] Executing endpoint 'HidroRec.Backend.Controllers.AuthController.Me (HidroRec.Backend)'
2026-03-30 11:47:53.406 -03:00 [INF] Route matched with {action = "Me", controller = "Auth"}. Executing controller action with signature System.Threading.Tasks.Task`1[Microsoft.AspNetCore.Mvc.ActionResult`1[HidroRec.Backend.Application.DTOs.Common.ApiResponse`1[HidroRec.Backend.Application.DTOs.Auth.UsuarioResumoDto]]] Me(System.Threading.CancellationToken) on controller HidroRec.Backend.Controllers.AuthController (HidroRec.Backend).
2026-03-30 11:47:53.415 -03:00 [INF] Executing OkObjectResult, writing value of type 'HidroRec.Backend.Application.DTOs.Common.ApiResponse`1[[HidroRec.Backend.Application.DTOs.Auth.UsuarioResumoDto, HidroRec.Backend, Version=1.0.0.0, Culture=neutral, PublicKeyToken=null]]'.
2026-03-30 11:47:53.417 -03:00 [INF] Executed action HidroRec.Backend.Controllers.AuthController.Me (HidroRec.Backend) in 9.5247ms
2026-03-30 11:47:53.418 -03:00 [INF] Executed endpoint 'HidroRec.Backend.Controllers.AuthController.Me (HidroRec.Backend)'
2026-03-30 11:47:53.419 -03:00 [INF] HTTP GET /api/auth/me responded 200 in 14.1594 ms
2026-03-30 11:47:53.421 -03:00 [INF] Request finished HTTP/1.1 GET http://localhost:8080/api/auth/me - 200 null application/json; charset=utf-8 18.1046ms
2026-03-30 11:47:53.423 -03:00 [INF] Request starting HTTP/1.1 GET http://localhost:8080/api/dashboard/resumo - null null
2026-03-30 11:47:53.426 -03:00 [INF] Executing endpoint 'HidroRec.Backend.Controllers.DashboardController.GetResumo (HidroRec.Backend)'
2026-03-30 11:47:53.428 -03:00 [INF] Route matched with {action = "GetResumo", controller = "Dashboard"}. Executing controller action with signature System.Threading.Tasks.Task`1[Microsoft.AspNetCore.Mvc.ActionResult`1[HidroRec.Backend.Application.DTOs.Common.ApiResponse`1[HidroRec.Backend.Application.DTOs.Dashboard.DashboardResumoDto]]] GetResumo(System.Threading.CancellationToken) on controller HidroRec.Backend.Controllers.DashboardController (HidroRec.Backend).
2026-03-30 11:47:53.432 -03:00 [INF] Start processing HTTP request GET https://geoportal.apac.pe.gov.br/server/rest/services/met_volume_acumulado_chuva_municipio_24hs/MapServer/0/query?where=nm_mun%20%3D%20%27Recife%27&outFields=nm_mun,horas_24,ultima_leitura_data_hora&returnGeometry=false&f=json
2026-03-30 11:47:53.433 -03:00 [INF] Sending HTTP request GET https://geoportal.apac.pe.gov.br/server/rest/services/met_volume_acumulado_chuva_municipio_24hs/MapServer/0/query?where=nm_mun%20%3D%20%27Recife%27&outFields=nm_mun,horas_24,ultima_leitura_data_hora&returnGeometry=false&f=json
2026-03-30 11:47:53.584 -03:00 [INF] Received HTTP response headers after 149.3523ms - 200
2026-03-30 11:47:53.592 -03:00 [INF] End processing HTTP request after 159.5117ms - 200
2026-03-30 11:47:53.597 -03:00 [INF] Executing OkObjectResult, writing value of type 'HidroRec.Backend.Application.DTOs.Common.ApiResponse`1[[HidroRec.Backend.Application.DTOs.Dashboard.DashboardResumoDto, HidroRec.Backend, Version=1.0.0.0, Culture=neutral, PublicKeyToken=null]]'.
2026-03-30 11:47:53.603 -03:00 [INF] Executed action HidroRec.Backend.Controllers.DashboardController.GetResumo (HidroRec.Backend) in 173.858ms
2026-03-30 11:47:53.605 -03:00 [INF] Executed endpoint 'HidroRec.Backend.Controllers.DashboardController.GetResumo (HidroRec.Backend)'
2026-03-30 11:47:53.606 -03:00 [INF] HTTP GET /api/dashboard/resumo responded 200 in 180.9437 ms
2026-03-30 11:47:53.608 -03:00 [INF] Request finished HTTP/1.1 GET http://localhost:8080/api/dashboard/resumo - 200 null application/json; charset=utf-8 185.1869ms
2026-03-30 11:51:00.326 -03:00 [INF] User profile is available. Using 'C:\Users\ACPGROUP\AppData\Local\ASP.NET\DataProtection-Keys' as key repository and Windows DPAPI to encrypt keys at rest.
2026-03-30 11:51:00.405 -03:00 [INF] Now listening on: http://localhost:8080
2026-03-30 11:51:00.408 -03:00 [INF] Application started. Press Ctrl+C to shut down.
2026-03-30 11:51:00.410 -03:00 [INF] Hosting environment: Development
2026-03-30 11:51:00.411 -03:00 [INF] Content root path: C:\Users\ACPGROUP\Desktop\HTML PURO\hidrorec\backend
2026-03-30 11:51:02.903 -03:00 [INF] Request starting HTTP/1.1 POST http://localhost:8080/api/auth/login - application/json 56
2026-03-30 11:51:02.903 -03:00 [INF] Request starting HTTP/1.1 HEAD http://localhost:8080/index.html - null null
2026-03-30 11:51:02.943 -03:00 [INF] Request starting HTTP/1.1 POST http://localhost:8080/api/auth/login - application/json 55
2026-03-30 11:51:02.957 -03:00 [INF] HTTP HEAD /index.html responded 200 in 22.8410 ms
2026-03-30 11:51:02.973 -03:00 [INF] Request finished HTTP/1.1 HEAD http://localhost:8080/index.html - 200 6348 text/html 71.4849ms
2026-03-30 11:51:02.977 -03:00 [INF] Executing endpoint 'HidroRec.Backend.Controllers.AuthController.Login (HidroRec.Backend)'
2026-03-30 11:51:02.977 -03:00 [INF] Executing endpoint 'HidroRec.Backend.Controllers.AuthController.Login (HidroRec.Backend)'
2026-03-30 11:51:03.003 -03:00 [INF] Route matched with {action = "Login", controller = "Auth"}. Executing controller action with signature System.Threading.Tasks.Task`1[Microsoft.AspNetCore.Mvc.ActionResult`1[HidroRec.Backend.Application.DTOs.Common.ApiResponse`1[HidroRec.Backend.Application.DTOs.Auth.AuthResponseDto]]] Login(HidroRec.Backend.Application.DTOs.Auth.LoginRequestDto, System.Threading.CancellationToken) on controller HidroRec.Backend.Controllers.AuthController (HidroRec.Backend).
2026-03-30 11:51:03.003 -03:00 [INF] Route matched with {action = "Login", controller = "Auth"}. Executing controller action with signature System.Threading.Tasks.Task`1[Microsoft.AspNetCore.Mvc.ActionResult`1[HidroRec.Backend.Application.DTOs.Common.ApiResponse`1[HidroRec.Backend.Application.DTOs.Auth.AuthResponseDto]]] Login(HidroRec.Backend.Application.DTOs.Auth.LoginRequestDto, System.Threading.CancellationToken) on controller HidroRec.Backend.Controllers.AuthController (HidroRec.Backend).
2026-03-30 11:51:03.545 -03:00 [INF] Executed action HidroRec.Backend.Controllers.AuthController.Login (HidroRec.Backend) in 531.2668ms
2026-03-30 11:51:03.549 -03:00 [INF] Executed endpoint 'HidroRec.Backend.Controllers.AuthController.Login (HidroRec.Backend)'
2026-03-30 11:51:03.555 -03:00 [WRN] Acesso negado em /api/auth/login
System.UnauthorizedAccessException: Credenciais invalidas.
   at HidroRec.Backend.Application.Services.AuthService.LoginAsync(LoginRequestDto request, CancellationToken cancellationToken) in C:\Users\ACPGROUP\Desktop\HTML PURO\hidrorec\backend\Application\Services\AuthService.cs:line 65
   at HidroRec.Backend.Controllers.AuthController.Login(LoginRequestDto request, CancellationToken cancellationToken) in C:\Users\ACPGROUP\Desktop\HTML PURO\hidrorec\backend\Controllers\AuthController.cs:line 27
   at lambda_method12(Closure, Object)
   at Microsoft.AspNetCore.Mvc.Infrastructure.ActionMethodExecutor.AwaitableObjectResultExecutor.Execute(ActionContext actionContext, IActionResultTypeMapper mapper, ObjectMethodExecutor executor, Object controller, Object[] arguments)
   at Microsoft.AspNetCore.Mvc.Infrastructure.ControllerActionInvoker.<InvokeActionMethodAsync>g__Awaited|12_0(ControllerActionInvoker invoker, ValueTask`1 actionResultValueTask)
   at Microsoft.AspNetCore.Mvc.Infrastructure.ControllerActionInvoker.<InvokeNextActionFilterAsync>g__Awaited|10_0(ControllerActionInvoker invoker, Task lastTask, State next, Scope scope, Object state, Boolean isCompleted)
   at Microsoft.AspNetCore.Mvc.Infrastructure.ControllerActionInvoker.Rethrow(ActionExecutedContextSealed context)
   at Microsoft.AspNetCore.Mvc.Infrastructure.ControllerActionInvoker.Next(State& next, Scope& scope, Object& state, Boolean& isCompleted)
   at Microsoft.AspNetCore.Mvc.Infrastructure.ControllerActionInvoker.<InvokeInnerFilterAsync>g__Awaited|13_0(ControllerActionInvoker invoker, Task lastTask, State next, Scope scope, Object state, Boolean isCompleted)
   at Microsoft.AspNetCore.Mvc.Infrastructure.ResourceInvoker.<InvokeFilterPipelineAsync>g__Awaited|20_0(ResourceInvoker invoker, Task lastTask, State next, Scope scope, Object state, Boolean isCompleted)
   at Microsoft.AspNetCore.Mvc.Infrastructure.ResourceInvoker.<InvokeAsync>g__Logged|17_1(ResourceInvoker invoker)
   at Microsoft.AspNetCore.Mvc.Infrastructure.ResourceInvoker.<InvokeAsync>g__Logged|17_1(ResourceInvoker invoker)
   at Microsoft.AspNetCore.Routing.EndpointMiddleware.<Invoke>g__AwaitRequestTask|7_0(Endpoint endpoint, Task requestTask, ILogger logger)
   at Microsoft.AspNetCore.Authorization.AuthorizationMiddleware.Invoke(HttpContext context)
   at Microsoft.AspNetCore.Authentication.AuthenticationMiddleware.Invoke(HttpContext context)
   at Swashbuckle.AspNetCore.SwaggerUI.SwaggerUIMiddleware.Invoke(HttpContext httpContext)
   at Swashbuckle.AspNetCore.Swagger.SwaggerMiddleware.Invoke(HttpContext httpContext, ISwaggerProvider swaggerProvider)
   at Microsoft.AspNetCore.RateLimiting.RateLimitingMiddleware.InvokeInternal(HttpContext context, EnableRateLimitingAttribute enableRateLimitingAttribute)
   at HidroRec.Backend.Middlewares.SecurityHeadersMiddleware.InvokeAsync(HttpContext context) in C:\Users\ACPGROUP\Desktop\HTML PURO\hidrorec\backend\Middlewares\SecurityHeadersMiddleware.cs:line 40
   at HidroRec.Backend.Middlewares.ExceptionHandlingMiddleware.InvokeAsync(HttpContext context) in C:\Users\ACPGROUP\Desktop\HTML PURO\hidrorec\backend\Middlewares\ExceptionHandlingMiddleware.cs:line 13
2026-03-30 11:51:03.616 -03:00 [INF] HTTP POST /api/auth/login responded 401 in 663.5199 ms
2026-03-30 11:51:03.629 -03:00 [INF] Request finished HTTP/1.1 POST http://localhost:8080/api/auth/login - 401 null application/json; charset=utf-8 685.3052ms
2026-03-30 11:51:03.680 -03:00 [INF] Request starting HTTP/1.1 POST http://localhost:8080/api/auth/login - application/json 55
2026-03-30 11:51:03.691 -03:00 [INF] Executing endpoint 'HidroRec.Backend.Controllers.AuthController.Login (HidroRec.Backend)'
2026-03-30 11:51:03.695 -03:00 [INF] Route matched with {action = "Login", controller = "Auth"}. Executing controller action with signature System.Threading.Tasks.Task`1[Microsoft.AspNetCore.Mvc.ActionResult`1[HidroRec.Backend.Application.DTOs.Common.ApiResponse`1[HidroRec.Backend.Application.DTOs.Auth.AuthResponseDto]]] Login(HidroRec.Backend.Application.DTOs.Auth.LoginRequestDto, System.Threading.CancellationToken) on controller HidroRec.Backend.Controllers.AuthController (HidroRec.Backend).
2026-03-30 11:51:03.859 -03:00 [INF] Executed action HidroRec.Backend.Controllers.AuthController.Login (HidroRec.Backend) in 157.7677ms
2026-03-30 11:51:03.863 -03:00 [INF] Executed endpoint 'HidroRec.Backend.Controllers.AuthController.Login (HidroRec.Backend)'
2026-03-30 11:51:03.866 -03:00 [WRN] Acesso negado em /api/auth/login
System.UnauthorizedAccessException: Credenciais invalidas.
   at HidroRec.Backend.Application.Services.AuthService.LoginAsync(LoginRequestDto request, CancellationToken cancellationToken) in C:\Users\ACPGROUP\Desktop\HTML PURO\hidrorec\backend\Application\Services\AuthService.cs:line 65
   at HidroRec.Backend.Controllers.AuthController.Login(LoginRequestDto request, CancellationToken cancellationToken) in C:\Users\ACPGROUP\Desktop\HTML PURO\hidrorec\backend\Controllers\AuthController.cs:line 27
   at lambda_method12(Closure, Object)
   at Microsoft.AspNetCore.Mvc.Infrastructure.ActionMethodExecutor.AwaitableObjectResultExecutor.Execute(ActionContext actionContext, IActionResultTypeMapper mapper, ObjectMethodExecutor executor, Object controller, Object[] arguments)
   at Microsoft.AspNetCore.Mvc.Infrastructure.ControllerActionInvoker.<InvokeActionMethodAsync>g__Awaited|12_0(ControllerActionInvoker invoker, ValueTask`1 actionResultValueTask)
   at Microsoft.AspNetCore.Mvc.Infrastructure.ControllerActionInvoker.<InvokeNextActionFilterAsync>g__Awaited|10_0(ControllerActionInvoker invoker, Task lastTask, State next, Scope scope, Object state, Boolean isCompleted)
   at Microsoft.AspNetCore.Mvc.Infrastructure.ControllerActionInvoker.Rethrow(ActionExecutedContextSealed context)
   at Microsoft.AspNetCore.Mvc.Infrastructure.ControllerActionInvoker.Next(State& next, Scope& scope, Object& state, Boolean& isCompleted)
   at Microsoft.AspNetCore.Mvc.Infrastructure.ControllerActionInvoker.<InvokeInnerFilterAsync>g__Awaited|13_0(ControllerActionInvoker invoker, Task lastTask, State next, Scope scope, Object state, Boolean isCompleted)
   at Microsoft.AspNetCore.Mvc.Infrastructure.ResourceInvoker.<InvokeFilterPipelineAsync>g__Awaited|20_0(ResourceInvoker invoker, Task lastTask, State next, Scope scope, Object state, Boolean isCompleted)
   at Microsoft.AspNetCore.Mvc.Infrastructure.ResourceInvoker.<InvokeAsync>g__Logged|17_1(ResourceInvoker invoker)
   at Microsoft.AspNetCore.Mvc.Infrastructure.ResourceInvoker.<InvokeAsync>g__Logged|17_1(ResourceInvoker invoker)
   at Microsoft.AspNetCore.Routing.EndpointMiddleware.<Invoke>g__AwaitRequestTask|7_0(Endpoint endpoint, Task requestTask, ILogger logger)
   at Microsoft.AspNetCore.Authorization.AuthorizationMiddleware.Invoke(HttpContext context)
   at Microsoft.AspNetCore.Authentication.AuthenticationMiddleware.Invoke(HttpContext context)
   at Swashbuckle.AspNetCore.SwaggerUI.SwaggerUIMiddleware.Invoke(HttpContext httpContext)
   at Swashbuckle.AspNetCore.Swagger.SwaggerMiddleware.Invoke(HttpContext httpContext, ISwaggerProvider swaggerProvider)
   at Microsoft.AspNetCore.RateLimiting.RateLimitingMiddleware.InvokeInternal(HttpContext context, EnableRateLimitingAttribute enableRateLimitingAttribute)
   at HidroRec.Backend.Middlewares.SecurityHeadersMiddleware.InvokeAsync(HttpContext context) in C:\Users\ACPGROUP\Desktop\HTML PURO\hidrorec\backend\Middlewares\SecurityHeadersMiddleware.cs:line 40
   at HidroRec.Backend.Middlewares.ExceptionHandlingMiddleware.InvokeAsync(HttpContext context) in C:\Users\ACPGROUP\Desktop\HTML PURO\hidrorec\backend\Middlewares\ExceptionHandlingMiddleware.cs:line 13
2026-03-30 11:51:03.872 -03:00 [INF] HTTP POST /api/auth/login responded 401 in 184.1580 ms
2026-03-30 11:51:03.874 -03:00 [INF] Request finished HTTP/1.1 POST http://localhost:8080/api/auth/login - 401 null application/json; charset=utf-8 193.8959ms
2026-03-30 11:51:03.877 -03:00 [INF] Request starting HTTP/1.1 POST http://localhost:8080/api/auth/login - application/json 55
2026-03-30 11:51:03.881 -03:00 [INF] Executing endpoint 'HidroRec.Backend.Controllers.AuthController.Login (HidroRec.Backend)'
2026-03-30 11:51:03.882 -03:00 [INF] Route matched with {action = "Login", controller = "Auth"}. Executing controller action with signature System.Threading.Tasks.Task`1[Microsoft.AspNetCore.Mvc.ActionResult`1[HidroRec.Backend.Application.DTOs.Common.ApiResponse`1[HidroRec.Backend.Application.DTOs.Auth.AuthResponseDto]]] Login(HidroRec.Backend.Application.DTOs.Auth.LoginRequestDto, System.Threading.CancellationToken) on controller HidroRec.Backend.Controllers.AuthController (HidroRec.Backend).
2026-03-30 11:51:03.890 -03:00 [INF] Executed action HidroRec.Backend.Controllers.AuthController.Login (HidroRec.Backend) in 6.0605ms
2026-03-30 11:51:03.892 -03:00 [INF] Executed endpoint 'HidroRec.Backend.Controllers.AuthController.Login (HidroRec.Backend)'
2026-03-30 11:51:03.893 -03:00 [WRN] Acesso negado em /api/auth/login
System.UnauthorizedAccessException: Credenciais invalidas.
   at HidroRec.Backend.Application.Services.AuthService.LoginAsync(LoginRequestDto request, CancellationToken cancellationToken) in C:\Users\ACPGROUP\Desktop\HTML PURO\hidrorec\backend\Application\Services\AuthService.cs:line 65
   at HidroRec.Backend.Controllers.AuthController.Login(LoginRequestDto request, CancellationToken cancellationToken) in C:\Users\ACPGROUP\Desktop\HTML PURO\hidrorec\backend\Controllers\AuthController.cs:line 27
   at lambda_method12(Closure, Object)
   at Microsoft.AspNetCore.Mvc.Infrastructure.ActionMethodExecutor.AwaitableObjectResultExecutor.Execute(ActionContext actionContext, IActionResultTypeMapper mapper, ObjectMethodExecutor executor, Object controller, Object[] arguments)
   at Microsoft.AspNetCore.Mvc.Infrastructure.ControllerActionInvoker.<InvokeActionMethodAsync>g__Awaited|12_0(ControllerActionInvoker invoker, ValueTask`1 actionResultValueTask)
   at Microsoft.AspNetCore.Mvc.Infrastructure.ControllerActionInvoker.<InvokeNextActionFilterAsync>g__Awaited|10_0(ControllerActionInvoker invoker, Task lastTask, State next, Scope scope, Object state, Boolean isCompleted)
   at Microsoft.AspNetCore.Mvc.Infrastructure.ControllerActionInvoker.Rethrow(ActionExecutedContextSealed context)
   at Microsoft.AspNetCore.Mvc.Infrastructure.ControllerActionInvoker.Next(State& next, Scope& scope, Object& state, Boolean& isCompleted)
   at Microsoft.AspNetCore.Mvc.Infrastructure.ControllerActionInvoker.<InvokeInnerFilterAsync>g__Awaited|13_0(ControllerActionInvoker invoker, Task lastTask, State next, Scope scope, Object state, Boolean isCompleted)
   at Microsoft.AspNetCore.Mvc.Infrastructure.ResourceInvoker.<InvokeFilterPipelineAsync>g__Awaited|20_0(ResourceInvoker invoker, Task lastTask, State next, Scope scope, Object state, Boolean isCompleted)
   at Microsoft.AspNetCore.Mvc.Infrastructure.ResourceInvoker.<InvokeAsync>g__Logged|17_1(ResourceInvoker invoker)
   at Microsoft.AspNetCore.Mvc.Infrastructure.ResourceInvoker.<InvokeAsync>g__Logged|17_1(ResourceInvoker invoker)
   at Microsoft.AspNetCore.Routing.EndpointMiddleware.<Invoke>g__AwaitRequestTask|7_0(Endpoint endpoint, Task requestTask, ILogger logger)
   at Microsoft.AspNetCore.Authorization.AuthorizationMiddleware.Invoke(HttpContext context)
   at Microsoft.AspNetCore.Authentication.AuthenticationMiddleware.Invoke(HttpContext context)
   at Swashbuckle.AspNetCore.SwaggerUI.SwaggerUIMiddleware.Invoke(HttpContext httpContext)
   at Swashbuckle.AspNetCore.Swagger.SwaggerMiddleware.Invoke(HttpContext httpContext, ISwaggerProvider swaggerProvider)
   at Microsoft.AspNetCore.RateLimiting.RateLimitingMiddleware.InvokeInternal(HttpContext context, EnableRateLimitingAttribute enableRateLimitingAttribute)
   at HidroRec.Backend.Middlewares.SecurityHeadersMiddleware.InvokeAsync(HttpContext context) in C:\Users\ACPGROUP\Desktop\HTML PURO\hidrorec\backend\Middlewares\SecurityHeadersMiddleware.cs:line 40
   at HidroRec.Backend.Middlewares.ExceptionHandlingMiddleware.InvokeAsync(HttpContext context) in C:\Users\ACPGROUP\Desktop\HTML PURO\hidrorec\backend\Middlewares\ExceptionHandlingMiddleware.cs:line 13
2026-03-30 11:51:03.900 -03:00 [INF] HTTP POST /api/auth/login responded 401 in 19.5417 ms
2026-03-30 11:51:03.902 -03:00 [INF] Request finished HTTP/1.1 POST http://localhost:8080/api/auth/login - 401 null application/json; charset=utf-8 24.8874ms
2026-03-30 11:51:03.906 -03:00 [INF] Request starting HTTP/1.1 POST http://localhost:8080/api/auth/login - application/json 55
2026-03-30 11:51:03.909 -03:00 [INF] Executing endpoint 'HidroRec.Backend.Controllers.AuthController.Login (HidroRec.Backend)'
2026-03-30 11:51:03.910 -03:00 [INF] Route matched with {action = "Login", controller = "Auth"}. Executing controller action with signature System.Threading.Tasks.Task`1[Microsoft.AspNetCore.Mvc.ActionResult`1[HidroRec.Backend.Application.DTOs.Common.ApiResponse`1[HidroRec.Backend.Application.DTOs.Auth.AuthResponseDto]]] Login(HidroRec.Backend.Application.DTOs.Auth.LoginRequestDto, System.Threading.CancellationToken) on controller HidroRec.Backend.Controllers.AuthController (HidroRec.Backend).
2026-03-30 11:51:03.925 -03:00 [INF] Executing OkObjectResult, writing value of type 'HidroRec.Backend.Application.DTOs.Common.ApiResponse`1[[HidroRec.Backend.Application.DTOs.Auth.AuthResponseDto, HidroRec.Backend, Version=1.0.0.0, Culture=neutral, PublicKeyToken=null]]'.
2026-03-30 11:51:03.935 -03:00 [INF] Executed action HidroRec.Backend.Controllers.AuthController.Login (HidroRec.Backend) in 22.1877ms
2026-03-30 11:51:03.937 -03:00 [INF] Executed endpoint 'HidroRec.Backend.Controllers.AuthController.Login (HidroRec.Backend)'
2026-03-30 11:51:03.939 -03:00 [INF] Executed action HidroRec.Backend.Controllers.AuthController.Login (HidroRec.Backend) in 932.4638ms
2026-03-30 11:51:03.939 -03:00 [WRN] Acesso negado em /api/auth/login
System.UnauthorizedAccessException: Credenciais invalidas.
   at HidroRec.Backend.Application.Services.AuthService.LoginAsync(LoginRequestDto request, CancellationToken cancellationToken) in C:\Users\ACPGROUP\Desktop\HTML PURO\hidrorec\backend\Application\Services\AuthService.cs:line 65
   at HidroRec.Backend.Controllers.AuthController.Login(LoginRequestDto request, CancellationToken cancellationToken) in C:\Users\ACPGROUP\Desktop\HTML PURO\hidrorec\backend\Controllers\AuthController.cs:line 27
   at lambda_method12(Closure, Object)
   at Microsoft.AspNetCore.Mvc.Infrastructure.ActionMethodExecutor.AwaitableObjectResultExecutor.Execute(ActionContext actionContext, IActionResultTypeMapper mapper, ObjectMethodExecutor executor, Object controller, Object[] arguments)
   at Microsoft.AspNetCore.Mvc.Infrastructure.ControllerActionInvoker.<InvokeActionMethodAsync>g__Awaited|12_0(ControllerActionInvoker invoker, ValueTask`1 actionResultValueTask)
   at Microsoft.AspNetCore.Mvc.Infrastructure.ControllerActionInvoker.<InvokeNextActionFilterAsync>g__Awaited|10_0(ControllerActionInvoker invoker, Task lastTask, State next, Scope scope, Object state, Boolean isCompleted)
   at Microsoft.AspNetCore.Mvc.Infrastructure.ControllerActionInvoker.Rethrow(ActionExecutedContextSealed context)
   at Microsoft.AspNetCore.Mvc.Infrastructure.ControllerActionInvoker.Next(State& next, Scope& scope, Object& state, Boolean& isCompleted)
   at Microsoft.AspNetCore.Mvc.Infrastructure.ControllerActionInvoker.<InvokeInnerFilterAsync>g__Awaited|13_0(ControllerActionInvoker invoker, Task lastTask, State next, Scope scope, Object state, Boolean isCompleted)
   at Microsoft.AspNetCore.Mvc.Infrastructure.ResourceInvoker.<InvokeFilterPipelineAsync>g__Awaited|20_0(ResourceInvoker invoker, Task lastTask, State next, Scope scope, Object state, Boolean isCompleted)
   at Microsoft.AspNetCore.Mvc.Infrastructure.ResourceInvoker.<InvokeAsync>g__Logged|17_1(ResourceInvoker invoker)
   at Microsoft.AspNetCore.Mvc.Infrastructure.ResourceInvoker.<InvokeAsync>g__Logged|17_1(ResourceInvoker invoker)
   at Microsoft.AspNetCore.Routing.EndpointMiddleware.<Invoke>g__AwaitRequestTask|7_0(Endpoint endpoint, Task requestTask, ILogger logger)
   at Microsoft.AspNetCore.Authorization.AuthorizationMiddleware.Invoke(HttpContext context)
   at Microsoft.AspNetCore.Authentication.AuthenticationMiddleware.Invoke(HttpContext context)
   at Swashbuckle.AspNetCore.SwaggerUI.SwaggerUIMiddleware.Invoke(HttpContext httpContext)
   at Swashbuckle.AspNetCore.Swagger.SwaggerMiddleware.Invoke(HttpContext httpContext, ISwaggerProvider swaggerProvider)
   at Microsoft.AspNetCore.RateLimiting.RateLimitingMiddleware.InvokeInternal(HttpContext context, EnableRateLimitingAttribute enableRateLimitingAttribute)
   at HidroRec.Backend.Middlewares.SecurityHeadersMiddleware.InvokeAsync(HttpContext context) in C:\Users\ACPGROUP\Desktop\HTML PURO\hidrorec\backend\Middlewares\SecurityHeadersMiddleware.cs:line 40
   at HidroRec.Backend.Middlewares.ExceptionHandlingMiddleware.InvokeAsync(HttpContext context) in C:\Users\ACPGROUP\Desktop\HTML PURO\hidrorec\backend\Middlewares\ExceptionHandlingMiddleware.cs:line 13
2026-03-30 11:51:03.940 -03:00 [INF] Executed endpoint 'HidroRec.Backend.Controllers.AuthController.Login (HidroRec.Backend)'
2026-03-30 11:51:03.950 -03:00 [INF] HTTP POST /api/auth/login responded 200 in 1018.6575 ms
2026-03-30 11:51:03.950 -03:00 [INF] HTTP POST /api/auth/login responded 401 in 41.5487 ms
2026-03-30 11:51:03.953 -03:00 [INF] Request finished HTTP/1.1 POST http://localhost:8080/api/auth/login - 200 null application/json; charset=utf-8 1051.845ms
2026-03-30 11:51:03.955 -03:00 [INF] Request finished HTTP/1.1 POST http://localhost:8080/api/auth/login - 401 null application/json; charset=utf-8 48.6722ms
2026-03-30 11:51:03.963 -03:00 [INF] Request starting HTTP/1.1 POST http://localhost:8080/api/auth/login - application/json 55
2026-03-30 11:51:03.967 -03:00 [INF] HTTP POST /api/auth/login responded 429 in 1.5079 ms
2026-03-30 11:51:03.969 -03:00 [INF] Request finished HTTP/1.1 POST http://localhost:8080/api/auth/login - 429 0 null 6.9252ms
2026-03-30 11:51:03.984 -03:00 [INF] Request starting HTTP/1.1 POST http://localhost:8080/api/auth/login - application/json 55
2026-03-30 11:51:03.986 -03:00 [INF] HTTP POST /api/auth/login responded 429 in 0.0962 ms
2026-03-30 11:51:03.990 -03:00 [INF] Request finished HTTP/1.1 POST http://localhost:8080/api/auth/login - 429 0 null 6.0527ms
2026-03-30 11:51:24.640 -03:00 [INF] Request starting HTTP/1.1 GET http://localhost:8080/index.html - null null
2026-03-30 11:51:24.654 -03:00 [INF] The file /index.html was not modified
2026-03-30 11:51:24.657 -03:00 [INF] HTTP GET /index.html responded 304 in 11.7989 ms
2026-03-30 11:51:24.663 -03:00 [INF] Request finished HTTP/1.1 GET http://localhost:8080/index.html - 304 null text/html 23.5648ms
2026-03-30 11:51:24.682 -03:00 [INF] Request starting HTTP/1.1 GET http://localhost:8080/css/global.css - null null
2026-03-30 11:51:24.682 -03:00 [INF] Request starting HTTP/1.1 GET http://localhost:8080/css/layout.css - null null
2026-03-30 11:51:24.683 -03:00 [INF] Request starting HTTP/1.1 GET http://localhost:8080/css/components.css - null null
2026-03-30 11:51:24.683 -03:00 [INF] Request starting HTTP/1.1 GET http://localhost:8080/css/dashboard.css - null null
2026-03-30 11:51:24.684 -03:00 [INF] Request starting HTTP/1.1 GET http://localhost:8080/js/dashboard.js - null null
2026-03-30 11:51:24.688 -03:00 [INF] The file /css/global.css was not modified
2026-03-30 11:51:24.692 -03:00 [INF] The file /css/layout.css was not modified
2026-03-30 11:51:24.695 -03:00 [INF] The file /css/components.css was not modified
2026-03-30 11:51:24.699 -03:00 [INF] The file /css/dashboard.css was not modified
2026-03-30 11:51:24.704 -03:00 [INF] HTTP GET /css/global.css responded 304 in 17.3256 ms
2026-03-30 11:51:24.705 -03:00 [INF] CORS policy execution successful.
2026-03-30 11:51:24.706 -03:00 [INF] HTTP GET /css/layout.css responded 304 in 14.2815 ms
2026-03-30 11:51:24.707 -03:00 [INF] HTTP GET /css/components.css responded 304 in 12.3921 ms
2026-03-30 11:51:24.708 -03:00 [INF] HTTP GET /css/dashboard.css responded 304 in 9.5995 ms
2026-03-30 11:51:24.712 -03:00 [INF] Request finished HTTP/1.1 GET http://localhost:8080/css/global.css - 304 null text/css 29.8135ms
2026-03-30 11:51:24.714 -03:00 [INF] The file /js/dashboard.js was not modified
2026-03-30 11:51:24.715 -03:00 [INF] Request finished HTTP/1.1 GET http://localhost:8080/css/layout.css - 304 null text/css 33.1388ms
2026-03-30 11:51:24.717 -03:00 [INF] Request finished HTTP/1.1 GET http://localhost:8080/css/components.css - 304 null text/css 34.636ms
2026-03-30 11:51:24.720 -03:00 [INF] Request finished HTTP/1.1 GET http://localhost:8080/css/dashboard.css - 304 null text/css 37.1465ms
2026-03-30 11:51:24.725 -03:00 [INF] HTTP GET /js/dashboard.js responded 304 in 21.8974 ms
2026-03-30 11:51:24.740 -03:00 [INF] Request finished HTTP/1.1 GET http://localhost:8080/js/dashboard.js - 304 null text/javascript 55.2808ms
2026-03-30 11:51:24.745 -03:00 [INF] Request starting HTTP/1.1 GET http://localhost:8080/js/utils.js - null null
2026-03-30 11:51:24.745 -03:00 [INF] Request starting HTTP/1.1 GET http://localhost:8080/js/api.js - null null
2026-03-30 11:51:24.746 -03:00 [INF] Request starting HTTP/1.1 GET http://localhost:8080/js/app.js - null null
2026-03-30 11:51:24.749 -03:00 [INF] CORS policy execution successful.
2026-03-30 11:51:24.752 -03:00 [INF] CORS policy execution successful.
2026-03-30 11:51:24.756 -03:00 [INF] CORS policy execution successful.
2026-03-30 11:51:24.757 -03:00 [INF] The file /js/utils.js was not modified
2026-03-30 11:51:24.760 -03:00 [INF] The file /js/app.js was not modified
2026-03-30 11:51:24.761 -03:00 [INF] HTTP GET /js/utils.js responded 304 in 12.1287 ms
2026-03-30 11:51:24.762 -03:00 [INF] HTTP GET /js/app.js responded 304 in 5.9261 ms
2026-03-30 11:51:24.762 -03:00 [INF] Sending file. Request path: '/js/api.js'. Physical path: 'C:\Users\ACPGROUP\Desktop\HTML PURO\hidrorec\frontend\js\api.js'
2026-03-30 11:51:24.766 -03:00 [INF] Request finished HTTP/1.1 GET http://localhost:8080/js/utils.js - 304 null text/javascript 20.4098ms
2026-03-30 11:51:24.768 -03:00 [INF] HTTP GET /js/api.js responded 200 in 16.5917 ms
2026-03-30 11:51:24.767 -03:00 [INF] Request finished HTTP/1.1 GET http://localhost:8080/js/app.js - 304 null text/javascript 21.6922ms
2026-03-30 11:51:24.771 -03:00 [INF] Request starting HTTP/1.1 GET http://localhost:8080/api/auth/me - null null
2026-03-30 11:51:24.773 -03:00 [INF] Request finished HTTP/1.1 GET http://localhost:8080/js/api.js - 200 6162 text/javascript 27.6383ms
2026-03-30 11:51:24.810 -03:00 [INF] Executing endpoint 'HidroRec.Backend.Controllers.AuthController.Me (HidroRec.Backend)'
2026-03-30 11:51:24.818 -03:00 [INF] Route matched with {action = "Me", controller = "Auth"}. Executing controller action with signature System.Threading.Tasks.Task`1[Microsoft.AspNetCore.Mvc.ActionResult`1[HidroRec.Backend.Application.DTOs.Common.ApiResponse`1[HidroRec.Backend.Application.DTOs.Auth.UsuarioResumoDto]]] Me(System.Threading.CancellationToken) on controller HidroRec.Backend.Controllers.AuthController (HidroRec.Backend).
2026-03-30 11:51:24.853 -03:00 [INF] Executing OkObjectResult, writing value of type 'HidroRec.Backend.Application.DTOs.Common.ApiResponse`1[[HidroRec.Backend.Application.DTOs.Auth.UsuarioResumoDto, HidroRec.Backend, Version=1.0.0.0, Culture=neutral, PublicKeyToken=null]]'.
2026-03-30 11:51:24.857 -03:00 [INF] Executed action HidroRec.Backend.Controllers.AuthController.Me (HidroRec.Backend) in 32.2509ms
2026-03-30 11:51:24.859 -03:00 [INF] Executed endpoint 'HidroRec.Backend.Controllers.AuthController.Me (HidroRec.Backend)'
2026-03-30 11:51:24.861 -03:00 [INF] HTTP GET /api/auth/me responded 200 in 82.1977 ms
2026-03-30 11:51:24.864 -03:00 [INF] Request finished HTTP/1.1 GET http://localhost:8080/api/auth/me - 200 null application/json; charset=utf-8 92.5851ms
2026-03-30 11:51:24.868 -03:00 [INF] Request starting HTTP/1.1 GET http://localhost:8080/api/dashboard/resumo - null null
2026-03-30 11:51:24.870 -03:00 [INF] Executing endpoint 'HidroRec.Backend.Controllers.DashboardController.GetResumo (HidroRec.Backend)'
2026-03-30 11:51:24.874 -03:00 [INF] Route matched with {action = "GetResumo", controller = "Dashboard"}. Executing controller action with signature System.Threading.Tasks.Task`1[Microsoft.AspNetCore.Mvc.ActionResult`1[HidroRec.Backend.Application.DTOs.Common.ApiResponse`1[HidroRec.Backend.Application.DTOs.Dashboard.DashboardResumoDto]]] GetResumo(System.Threading.CancellationToken) on controller HidroRec.Backend.Controllers.DashboardController (HidroRec.Backend).
2026-03-30 11:51:24.924 -03:00 [INF] Start processing HTTP request GET https://geoportal.apac.pe.gov.br/server/rest/services/met_volume_acumulado_chuva_municipio_24hs/MapServer/0/query?where=nm_mun%20%3D%20%27Recife%27&outFields=nm_mun,horas_24,ultima_leitura_data_hora&returnGeometry=false&f=json
2026-03-30 11:51:24.928 -03:00 [INF] Sending HTTP request GET https://geoportal.apac.pe.gov.br/server/rest/services/met_volume_acumulado_chuva_municipio_24hs/MapServer/0/query?where=nm_mun%20%3D%20%27Recife%27&outFields=nm_mun,horas_24,ultima_leitura_data_hora&returnGeometry=false&f=json
2026-03-30 11:51:25.182 -03:00 [INF] Received HTTP response headers after 247.0398ms - 200
2026-03-30 11:51:25.189 -03:00 [INF] End processing HTTP request after 266.9823ms - 200
2026-03-30 11:51:25.247 -03:00 [INF] Executing OkObjectResult, writing value of type 'HidroRec.Backend.Application.DTOs.Common.ApiResponse`1[[HidroRec.Backend.Application.DTOs.Dashboard.DashboardResumoDto, HidroRec.Backend, Version=1.0.0.0, Culture=neutral, PublicKeyToken=null]]'.
2026-03-30 11:51:25.276 -03:00 [INF] Executed action HidroRec.Backend.Controllers.DashboardController.GetResumo (HidroRec.Backend) in 400.4199ms
2026-03-30 11:51:25.281 -03:00 [INF] Executed endpoint 'HidroRec.Backend.Controllers.DashboardController.GetResumo (HidroRec.Backend)'
2026-03-30 11:51:25.287 -03:00 [INF] HTTP GET /api/dashboard/resumo responded 200 in 417.3786 ms
2026-03-30 11:51:25.294 -03:00 [INF] Request finished HTTP/1.1 GET http://localhost:8080/api/dashboard/resumo - 200 null application/json; charset=utf-8 426.2656ms
2026-03-30 11:52:31.517 -03:00 [INF] Request starting HTTP/1.1 GET http://localhost:8080/index.html - null null
2026-03-30 11:52:31.522 -03:00 [INF] The file /index.html was not modified
2026-03-30 11:52:31.523 -03:00 [INF] HTTP GET /index.html responded 304 in 2.2218 ms
2026-03-30 11:52:31.526 -03:00 [INF] Request finished HTTP/1.1 GET http://localhost:8080/index.html - 304 null text/html 8.4755ms
2026-03-30 11:52:31.545 -03:00 [INF] Request starting HTTP/1.1 GET http://localhost:8080/js/api.js - null null
2026-03-30 11:52:31.546 -03:00 [INF] Request starting HTTP/1.1 GET http://localhost:8080/js/mapa.js - null null
2026-03-30 11:52:31.550 -03:00 [INF] CORS policy execution successful.
2026-03-30 11:52:31.552 -03:00 [INF] CORS policy execution successful.
2026-03-30 11:52:31.553 -03:00 [INF] The file /js/api.js was not modified
2026-03-30 11:52:31.553 -03:00 [INF] The file /js/mapa.js was not modified
2026-03-30 11:52:31.554 -03:00 [INF] HTTP GET /js/api.js responded 304 in 4.6205 ms
2026-03-30 11:52:31.555 -03:00 [INF] HTTP GET /js/mapa.js responded 304 in 3.3265 ms
2026-03-30 11:52:31.559 -03:00 [INF] Request finished HTTP/1.1 GET http://localhost:8080/js/api.js - 304 null text/javascript 13.3382ms
2026-03-30 11:52:31.561 -03:00 [INF] Request finished HTTP/1.1 GET http://localhost:8080/js/mapa.js - 304 null text/javascript 15.1949ms
2026-03-30 11:52:31.568 -03:00 [INF] Request starting HTTP/1.1 GET http://localhost:8080/api/auth/me - null null
2026-03-30 11:52:31.578 -03:00 [INF] Executing endpoint 'HidroRec.Backend.Controllers.AuthController.Me (HidroRec.Backend)'
2026-03-30 11:52:31.580 -03:00 [INF] Route matched with {action = "Me", controller = "Auth"}. Executing controller action with signature System.Threading.Tasks.Task`1[Microsoft.AspNetCore.Mvc.ActionResult`1[HidroRec.Backend.Application.DTOs.Common.ApiResponse`1[HidroRec.Backend.Application.DTOs.Auth.UsuarioResumoDto]]] Me(System.Threading.CancellationToken) on controller HidroRec.Backend.Controllers.AuthController (HidroRec.Backend).
2026-03-30 11:52:31.587 -03:00 [INF] Executing OkObjectResult, writing value of type 'HidroRec.Backend.Application.DTOs.Common.ApiResponse`1[[HidroRec.Backend.Application.DTOs.Auth.UsuarioResumoDto, HidroRec.Backend, Version=1.0.0.0, Culture=neutral, PublicKeyToken=null]]'.
2026-03-30 11:52:31.589 -03:00 [INF] Executed action HidroRec.Backend.Controllers.AuthController.Me (HidroRec.Backend) in 5.6859ms
2026-03-30 11:52:31.590 -03:00 [INF] Executed endpoint 'HidroRec.Backend.Controllers.AuthController.Me (HidroRec.Backend)'
2026-03-30 11:52:31.591 -03:00 [INF] HTTP GET /api/auth/me responded 200 in 15.1876 ms
2026-03-30 11:52:31.592 -03:00 [INF] Request finished HTTP/1.1 GET http://localhost:8080/api/auth/me - 200 null application/json; charset=utf-8 24.2792ms
2026-03-30 11:52:31.595 -03:00 [INF] Request starting HTTP/1.1 GET http://localhost:8080/api/dashboard/resumo - null null
2026-03-30 11:52:31.599 -03:00 [INF] Executing endpoint 'HidroRec.Backend.Controllers.DashboardController.GetResumo (HidroRec.Backend)'
2026-03-30 11:52:31.600 -03:00 [INF] Route matched with {action = "GetResumo", controller = "Dashboard"}. Executing controller action with signature System.Threading.Tasks.Task`1[Microsoft.AspNetCore.Mvc.ActionResult`1[HidroRec.Backend.Application.DTOs.Common.ApiResponse`1[HidroRec.Backend.Application.DTOs.Dashboard.DashboardResumoDto]]] GetResumo(System.Threading.CancellationToken) on controller HidroRec.Backend.Controllers.DashboardController (HidroRec.Backend).
2026-03-30 11:52:31.606 -03:00 [INF] Start processing HTTP request GET https://geoportal.apac.pe.gov.br/server/rest/services/met_volume_acumulado_chuva_municipio_24hs/MapServer/0/query?where=nm_mun%20%3D%20%27Recife%27&outFields=nm_mun,horas_24,ultima_leitura_data_hora&returnGeometry=false&f=json
2026-03-30 11:52:31.607 -03:00 [INF] Sending HTTP request GET https://geoportal.apac.pe.gov.br/server/rest/services/met_volume_acumulado_chuva_municipio_24hs/MapServer/0/query?where=nm_mun%20%3D%20%27Recife%27&outFields=nm_mun,horas_24,ultima_leitura_data_hora&returnGeometry=false&f=json
2026-03-30 11:52:31.677 -03:00 [INF] Received HTTP response headers after 69.6075ms - 200
2026-03-30 11:52:31.679 -03:00 [INF] End processing HTTP request after 72.902ms - 200
2026-03-30 11:52:31.683 -03:00 [INF] Executing OkObjectResult, writing value of type 'HidroRec.Backend.Application.DTOs.Common.ApiResponse`1[[HidroRec.Backend.Application.DTOs.Dashboard.DashboardResumoDto, HidroRec.Backend, Version=1.0.0.0, Culture=neutral, PublicKeyToken=null]]'.
2026-03-30 11:52:31.685 -03:00 [INF] Executed action HidroRec.Backend.Controllers.DashboardController.GetResumo (HidroRec.Backend) in 83.7468ms
2026-03-30 11:52:31.687 -03:00 [INF] Executed endpoint 'HidroRec.Backend.Controllers.DashboardController.GetResumo (HidroRec.Backend)'
2026-03-30 11:52:31.688 -03:00 [INF] HTTP GET /api/dashboard/resumo responded 200 in 90.1987 ms
2026-03-30 11:52:31.690 -03:00 [INF] Request finished HTTP/1.1 GET http://localhost:8080/api/dashboard/resumo - 200 null application/json; charset=utf-8 94.9636ms
2026-03-30 11:54:27.373 -03:00 [INF] Request starting HTTP/1.1 GET http://localhost:8080/index.html - null null
2026-03-30 11:54:27.774 -03:00 [INF] The file /index.html was not modified
2026-03-30 11:54:27.864 -03:00 [INF] HTTP GET /index.html responded 304 in 90.3156 ms
2026-03-30 11:54:28.121 -03:00 [INF] Request finished HTTP/1.1 GET http://localhost:8080/index.html - 304 null text/html 748.0457ms
2026-03-30 11:54:28.143 -03:00 [INF] Request starting HTTP/1.1 GET http://localhost:8080/css/dashboard.css - null null
2026-03-30 11:54:28.150 -03:00 [INF] Request starting HTTP/1.1 GET http://localhost:8080/css/mapa.css - null null
2026-03-30 11:54:28.167 -03:00 [INF] Request starting HTTP/1.1 GET http://localhost:8080/js/dashboard.js - null null
2026-03-30 11:54:28.446 -03:00 [INF] Request starting HTTP/1.1 GET http://localhost:8080/css/components.css - null null
2026-03-30 11:54:28.455 -03:00 [INF] The file /css/dashboard.css was not modified
2026-03-30 11:54:28.465 -03:00 [INF] The file /css/mapa.css was not modified
2026-03-30 11:54:28.476 -03:00 [INF] CORS policy execution successful.
2026-03-30 11:54:28.478 -03:00 [INF] The file /css/components.css was not modified
2026-03-30 11:54:28.481 -03:00 [INF] HTTP GET /css/dashboard.css responded 304 in 26.5658 ms
2026-03-30 11:54:28.481 -03:00 [INF] HTTP GET /css/mapa.css responded 304 in 16.2987 ms
2026-03-30 11:54:28.482 -03:00 [INF] The file /js/dashboard.js was not modified
2026-03-30 11:54:28.485 -03:00 [INF] HTTP GET /css/components.css responded 304 in 6.5238 ms
2026-03-30 11:54:28.491 -03:00 [INF] Request finished HTTP/1.1 GET http://localhost:8080/css/dashboard.css - 304 null text/css 347.6393ms
2026-03-30 11:54:28.496 -03:00 [INF] Request finished HTTP/1.1 GET http://localhost:8080/css/mapa.css - 304 null text/css 345.2825ms
2026-03-30 11:54:28.505 -03:00 [INF] HTTP GET /js/dashboard.js responded 304 in 28.5330 ms
2026-03-30 11:54:28.506 -03:00 [INF] Request finished HTTP/1.1 GET http://localhost:8080/css/components.css - 304 null text/css 60.2677ms
2026-03-30 11:54:28.523 -03:00 [INF] Request finished HTTP/1.1 GET http://localhost:8080/js/dashboard.js - 304 null text/javascript 356.486ms
2026-03-30 11:54:28.527 -03:00 [INF] Request starting HTTP/1.1 GET http://localhost:8080/js/utils.js - null null
2026-03-30 11:54:28.527 -03:00 [INF] Request starting HTTP/1.1 GET http://localhost:8080/js/api.js - null null
2026-03-30 11:54:28.530 -03:00 [INF] Request starting HTTP/1.1 GET http://localhost:8080/js/app.js - null null
2026-03-30 11:54:28.534 -03:00 [INF] CORS policy execution successful.
2026-03-30 11:54:28.536 -03:00 [INF] CORS policy execution successful.
2026-03-30 11:54:28.539 -03:00 [INF] CORS policy execution successful.
2026-03-30 11:54:28.540 -03:00 [INF] The file /js/utils.js was not modified
2026-03-30 11:54:28.541 -03:00 [INF] The file /js/api.js was not modified
2026-03-30 11:54:28.542 -03:00 [INF] The file /js/app.js was not modified
2026-03-30 11:54:28.543 -03:00 [INF] HTTP GET /js/utils.js responded 304 in 8.8446 ms
2026-03-30 11:54:28.544 -03:00 [INF] HTTP GET /js/api.js responded 304 in 8.3396 ms
2026-03-30 11:54:28.545 -03:00 [INF] HTTP GET /js/app.js responded 304 in 6.7047 ms
2026-03-30 11:54:28.547 -03:00 [INF] Request finished HTTP/1.1 GET http://localhost:8080/js/utils.js - 304 null text/javascript 20.0414ms
2026-03-30 11:54:28.549 -03:00 [INF] Request finished HTTP/1.1 GET http://localhost:8080/js/api.js - 304 null text/javascript 21.5186ms
2026-03-30 11:54:28.553 -03:00 [INF] Request finished HTTP/1.1 GET http://localhost:8080/js/app.js - 304 null text/javascript 22.4753ms
2026-03-30 11:54:28.557 -03:00 [INF] Request starting HTTP/1.1 GET http://localhost:8080/api/auth/me - null null
2026-03-30 11:54:28.566 -03:00 [INF] Executing endpoint 'HidroRec.Backend.Controllers.AuthController.Me (HidroRec.Backend)'
2026-03-30 11:54:28.572 -03:00 [INF] Route matched with {action = "Me", controller = "Auth"}. Executing controller action with signature System.Threading.Tasks.Task`1[Microsoft.AspNetCore.Mvc.ActionResult`1[HidroRec.Backend.Application.DTOs.Common.ApiResponse`1[HidroRec.Backend.Application.DTOs.Auth.UsuarioResumoDto]]] Me(System.Threading.CancellationToken) on controller HidroRec.Backend.Controllers.AuthController (HidroRec.Backend).
2026-03-30 11:54:28.580 -03:00 [INF] Executing OkObjectResult, writing value of type 'HidroRec.Backend.Application.DTOs.Common.ApiResponse`1[[HidroRec.Backend.Application.DTOs.Auth.UsuarioResumoDto, HidroRec.Backend, Version=1.0.0.0, Culture=neutral, PublicKeyToken=null]]'.
2026-03-30 11:54:28.582 -03:00 [INF] Executed action HidroRec.Backend.Controllers.AuthController.Me (HidroRec.Backend) in 7.0668ms
2026-03-30 11:54:28.585 -03:00 [INF] Executed endpoint 'HidroRec.Backend.Controllers.AuthController.Me (HidroRec.Backend)'
2026-03-30 11:54:28.586 -03:00 [INF] HTTP GET /api/auth/me responded 200 in 21.8782 ms
2026-03-30 11:54:28.588 -03:00 [INF] Request finished HTTP/1.1 GET http://localhost:8080/api/auth/me - 200 null application/json; charset=utf-8 30.8309ms
2026-03-30 11:54:28.591 -03:00 [INF] Request starting HTTP/1.1 GET http://localhost:8080/api/dashboard/resumo - null null
2026-03-30 11:54:28.594 -03:00 [INF] Executing endpoint 'HidroRec.Backend.Controllers.DashboardController.GetResumo (HidroRec.Backend)'
2026-03-30 11:54:28.596 -03:00 [INF] Route matched with {action = "GetResumo", controller = "Dashboard"}. Executing controller action with signature System.Threading.Tasks.Task`1[Microsoft.AspNetCore.Mvc.ActionResult`1[HidroRec.Backend.Application.DTOs.Common.ApiResponse`1[HidroRec.Backend.Application.DTOs.Dashboard.DashboardResumoDto]]] GetResumo(System.Threading.CancellationToken) on controller HidroRec.Backend.Controllers.DashboardController (HidroRec.Backend).
2026-03-30 11:54:28.607 -03:00 [INF] Start processing HTTP request GET https://geoportal.apac.pe.gov.br/server/rest/services/met_volume_acumulado_chuva_municipio_24hs/MapServer/0/query?where=nm_mun%20%3D%20%27Recife%27&outFields=nm_mun,horas_24,ultima_leitura_data_hora&returnGeometry=false&f=json
2026-03-30 11:54:28.608 -03:00 [INF] Sending HTTP request GET https://geoportal.apac.pe.gov.br/server/rest/services/met_volume_acumulado_chuva_municipio_24hs/MapServer/0/query?where=nm_mun%20%3D%20%27Recife%27&outFields=nm_mun,horas_24,ultima_leitura_data_hora&returnGeometry=false&f=json
2026-03-30 11:54:28.778 -03:00 [INF] Received HTTP response headers after 168.21ms - 200
2026-03-30 11:54:28.779 -03:00 [INF] End processing HTTP request after 172.3887ms - 200
2026-03-30 11:54:28.781 -03:00 [INF] Executing OkObjectResult, writing value of type 'HidroRec.Backend.Application.DTOs.Common.ApiResponse`1[[HidroRec.Backend.Application.DTOs.Dashboard.DashboardResumoDto, HidroRec.Backend, Version=1.0.0.0, Culture=neutral, PublicKeyToken=null]]'.
2026-03-30 11:54:28.784 -03:00 [INF] Executed action HidroRec.Backend.Controllers.DashboardController.GetResumo (HidroRec.Backend) in 186.8952ms
2026-03-30 11:54:28.786 -03:00 [INF] Executed endpoint 'HidroRec.Backend.Controllers.DashboardController.GetResumo (HidroRec.Backend)'
2026-03-30 11:54:28.787 -03:00 [INF] HTTP GET /api/dashboard/resumo responded 200 in 193.3643 ms
2026-03-30 11:54:28.790 -03:00 [INF] Request finished HTTP/1.1 GET http://localhost:8080/api/dashboard/resumo - 200 null application/json; charset=utf-8 198.2849ms
2026-03-30 11:57:53.586 -03:00 [INF] Request starting HTTP/1.1 GET http://localhost:8080/index.html - null null
2026-03-30 11:57:53.955 -03:00 [INF] The file /index.html was not modified
2026-03-30 11:57:53.990 -03:00 [INF] HTTP GET /index.html responded 304 in 35.9025 ms
2026-03-30 11:57:53.992 -03:00 [INF] Request finished HTTP/1.1 GET http://localhost:8080/index.html - 304 null text/html 406.6743ms
2026-03-30 11:57:54.029 -03:00 [INF] Request starting HTTP/1.1 GET http://localhost:8080/css/components.css - null null
2026-03-30 11:57:54.032 -03:00 [INF] Request starting HTTP/1.1 GET http://localhost:8080/css/dashboard.css - null null
2026-03-30 11:57:54.079 -03:00 [INF] Request starting HTTP/1.1 GET http://localhost:8080/js/dashboard.js - null null
2026-03-30 11:57:54.266 -03:00 [INF] CORS policy execution successful.
2026-03-30 11:57:54.246 -03:00 [INF] The file /css/dashboard.css was not modified
2026-03-30 11:57:54.191 -03:00 [INF] The file /css/components.css was not modified
2026-03-30 11:57:54.290 -03:00 [INF] The file /js/dashboard.js was not modified
2026-03-30 11:57:54.365 -03:00 [INF] HTTP GET /css/dashboard.css responded 304 in 118.8814 ms
2026-03-30 11:57:54.377 -03:00 [INF] HTTP GET /css/components.css responded 304 in 186.3652 ms
2026-03-30 11:57:54.390 -03:00 [INF] HTTP GET /js/dashboard.js responded 304 in 124.4663 ms
2026-03-30 11:57:54.536 -03:00 [INF] Request finished HTTP/1.1 GET http://localhost:8080/css/dashboard.css - 304 null text/css 504.179ms
2026-03-30 11:57:54.572 -03:00 [INF] Request finished HTTP/1.1 GET http://localhost:8080/css/components.css - 304 null text/css 543.0304ms
2026-03-30 11:57:54.613 -03:00 [INF] Request finished HTTP/1.1 GET http://localhost:8080/js/dashboard.js - 304 null text/javascript 533.6041ms
2026-03-30 11:57:54.814 -03:00 [INF] Request starting HTTP/1.1 GET http://localhost:8080/js/app.js - null null
2026-03-30 11:57:54.784 -03:00 [INF] Request starting HTTP/1.1 GET http://localhost:8080/js/api.js - null null
2026-03-30 11:57:54.758 -03:00 [INF] Request starting HTTP/1.1 GET http://localhost:8080/js/utils.js - null null
2026-03-30 11:57:54.832 -03:00 [INF] CORS policy execution successful.
2026-03-30 11:57:54.860 -03:00 [INF] CORS policy execution successful.
2026-03-30 11:57:54.930 -03:00 [INF] CORS policy execution successful.
2026-03-30 11:57:54.944 -03:00 [INF] The file /js/app.js was not modified
2026-03-30 11:57:54.946 -03:00 [INF] The file /js/api.js was not modified
2026-03-30 11:57:55.011 -03:00 [INF] HTTP GET /js/api.js responded 304 in 150.8561 ms
2026-03-30 11:57:54.993 -03:00 [INF] HTTP GET /js/app.js responded 304 in 162.7653 ms
2026-03-30 11:57:54.992 -03:00 [INF] The file /js/utils.js was not modified
2026-03-30 11:57:55.042 -03:00 [INF] Request finished HTTP/1.1 GET http://localhost:8080/js/api.js - 304 null text/javascript 258.5165ms
2026-03-30 11:57:55.068 -03:00 [INF] Request finished HTTP/1.1 GET http://localhost:8080/js/app.js - 304 null text/javascript 254.0187ms
2026-03-30 11:57:55.162 -03:00 [INF] HTTP GET /js/utils.js responded 304 in 232.7053 ms
2026-03-30 11:57:55.269 -03:00 [INF] Request finished HTTP/1.1 GET http://localhost:8080/js/utils.js - 304 null text/javascript 510.444ms
2026-03-30 11:57:55.299 -03:00 [INF] Request starting HTTP/1.1 GET http://localhost:8080/api/auth/me - null null
2026-03-30 11:57:55.614 -03:00 [INF] Executing endpoint 'HidroRec.Backend.Controllers.AuthController.Me (HidroRec.Backend)'
2026-03-30 11:57:55.623 -03:00 [INF] Route matched with {action = "Me", controller = "Auth"}. Executing controller action with signature System.Threading.Tasks.Task`1[Microsoft.AspNetCore.Mvc.ActionResult`1[HidroRec.Backend.Application.DTOs.Common.ApiResponse`1[HidroRec.Backend.Application.DTOs.Auth.UsuarioResumoDto]]] Me(System.Threading.CancellationToken) on controller HidroRec.Backend.Controllers.AuthController (HidroRec.Backend).
2026-03-30 11:57:56.009 -03:00 [INF] Executing OkObjectResult, writing value of type 'HidroRec.Backend.Application.DTOs.Common.ApiResponse`1[[HidroRec.Backend.Application.DTOs.Auth.UsuarioResumoDto, HidroRec.Backend, Version=1.0.0.0, Culture=neutral, PublicKeyToken=null]]'.
2026-03-30 11:57:56.215 -03:00 [INF] Executed action HidroRec.Backend.Controllers.AuthController.Me (HidroRec.Backend) in 243.6413ms
2026-03-30 11:57:56.400 -03:00 [INF] Executed endpoint 'HidroRec.Backend.Controllers.AuthController.Me (HidroRec.Backend)'
2026-03-30 11:57:56.549 -03:00 [INF] HTTP GET /api/auth/me responded 200 in 935.7992 ms
2026-03-30 11:57:56.809 -03:00 [INF] Request finished HTTP/1.1 GET http://localhost:8080/api/auth/me - 200 null application/json; charset=utf-8 1510.6464ms
2026-03-30 11:57:57.280 -03:00 [INF] Request starting HTTP/1.1 GET http://localhost:8080/api/dashboard/resumo - null null
2026-03-30 11:57:57.485 -03:00 [INF] Executing endpoint 'HidroRec.Backend.Controllers.DashboardController.GetResumo (HidroRec.Backend)'
2026-03-30 11:57:57.633 -03:00 [INF] Route matched with {action = "GetResumo", controller = "Dashboard"}. Executing controller action with signature System.Threading.Tasks.Task`1[Microsoft.AspNetCore.Mvc.ActionResult`1[HidroRec.Backend.Application.DTOs.Common.ApiResponse`1[HidroRec.Backend.Application.DTOs.Dashboard.DashboardResumoDto]]] GetResumo(System.Threading.CancellationToken) on controller HidroRec.Backend.Controllers.DashboardController (HidroRec.Backend).
2026-03-30 11:57:57.650 -03:00 [INF] Start processing HTTP request GET https://geoportal.apac.pe.gov.br/server/rest/services/met_volume_acumulado_chuva_municipio_24hs/MapServer/0/query?where=nm_mun%20%3D%20%27Recife%27&outFields=nm_mun,horas_24,ultima_leitura_data_hora&returnGeometry=false&f=json
2026-03-30 11:57:57.654 -03:00 [INF] Sending HTTP request GET https://geoportal.apac.pe.gov.br/server/rest/services/met_volume_acumulado_chuva_municipio_24hs/MapServer/0/query?where=nm_mun%20%3D%20%27Recife%27&outFields=nm_mun,horas_24,ultima_leitura_data_hora&returnGeometry=false&f=json
2026-03-30 11:57:57.808 -03:00 [INF] Received HTTP response headers after 142.1616ms - 200
2026-03-30 11:57:57.812 -03:00 [INF] End processing HTTP request after 161.9116ms - 200
2026-03-30 11:57:57.815 -03:00 [INF] Executing OkObjectResult, writing value of type 'HidroRec.Backend.Application.DTOs.Common.ApiResponse`1[[HidroRec.Backend.Application.DTOs.Dashboard.DashboardResumoDto, HidroRec.Backend, Version=1.0.0.0, Culture=neutral, PublicKeyToken=null]]'.
2026-03-30 11:57:57.819 -03:00 [INF] Executed action HidroRec.Backend.Controllers.DashboardController.GetResumo (HidroRec.Backend) in 177.573ms
2026-03-30 11:57:57.823 -03:00 [INF] Executed endpoint 'HidroRec.Backend.Controllers.DashboardController.GetResumo (HidroRec.Backend)'
2026-03-30 11:57:57.825 -03:00 [INF] HTTP GET /api/dashboard/resumo responded 200 in 340.7207 ms
2026-03-30 11:57:57.831 -03:00 [INF] Request finished HTTP/1.1 GET http://localhost:8080/api/dashboard/resumo - 200 null application/json; charset=utf-8 551.4772ms
2026-03-30 11:58:58.263 -03:00 [INF] Request starting HTTP/1.1 GET http://localhost:8080/index.html - null null
2026-03-30 11:58:58.627 -03:00 [INF] The file /index.html was not modified
2026-03-30 11:58:58.629 -03:00 [INF] HTTP GET /index.html responded 304 in 1.9149 ms
2026-03-30 11:58:58.634 -03:00 [INF] Request finished HTTP/1.1 GET http://localhost:8080/index.html - 304 null text/html 371.6351ms
2026-03-30 11:58:59.110 -03:00 [INF] Request starting HTTP/1.1 GET http://localhost:8080/js/api.js - null null
2026-03-30 11:58:59.368 -03:00 [INF] CORS policy execution successful.
2026-03-30 11:58:59.493 -03:00 [INF] The file /js/api.js was not modified
2026-03-30 11:58:59.695 -03:00 [INF] HTTP GET /js/api.js responded 304 in 331.2954 ms
2026-03-30 11:59:00.000 -03:00 [INF] Request finished HTTP/1.1 GET http://localhost:8080/js/api.js - 304 null text/javascript 889.4136ms
2026-03-30 11:59:00.016 -03:00 [INF] Request starting HTTP/1.1 GET http://localhost:8080/api/auth/me - null null
2026-03-30 11:59:00.511 -03:00 [INF] Executing endpoint 'HidroRec.Backend.Controllers.AuthController.Me (HidroRec.Backend)'
2026-03-30 11:59:00.533 -03:00 [INF] Route matched with {action = "Me", controller = "Auth"}. Executing controller action with signature System.Threading.Tasks.Task`1[Microsoft.AspNetCore.Mvc.ActionResult`1[HidroRec.Backend.Application.DTOs.Common.ApiResponse`1[HidroRec.Backend.Application.DTOs.Auth.UsuarioResumoDto]]] Me(System.Threading.CancellationToken) on controller HidroRec.Backend.Controllers.AuthController (HidroRec.Backend).
2026-03-30 11:59:00.841 -03:00 [INF] Executing OkObjectResult, writing value of type 'HidroRec.Backend.Application.DTOs.Common.ApiResponse`1[[HidroRec.Backend.Application.DTOs.Auth.UsuarioResumoDto, HidroRec.Backend, Version=1.0.0.0, Culture=neutral, PublicKeyToken=null]]'.
2026-03-30 11:59:01.035 -03:00 [INF] Executed action HidroRec.Backend.Controllers.AuthController.Me (HidroRec.Backend) in 218.9104ms
2026-03-30 11:59:01.227 -03:00 [INF] Executed endpoint 'HidroRec.Backend.Controllers.AuthController.Me (HidroRec.Backend)'
2026-03-30 11:59:01.390 -03:00 [INF] HTTP GET /api/auth/me responded 200 in 879.9593 ms
2026-03-30 11:59:01.658 -03:00 [INF] Request finished HTTP/1.1 GET http://localhost:8080/api/auth/me - 200 null application/json; charset=utf-8 1641.8654ms
2026-03-30 11:59:02.041 -03:00 [INF] Request starting HTTP/1.1 GET http://localhost:8080/api/dashboard/resumo - null null
2026-03-30 11:59:02.540 -03:00 [INF] Executing endpoint 'HidroRec.Backend.Controllers.DashboardController.GetResumo (HidroRec.Backend)'
2026-03-30 11:59:02.708 -03:00 [INF] Route matched with {action = "GetResumo", controller = "Dashboard"}. Executing controller action with signature System.Threading.Tasks.Task`1[Microsoft.AspNetCore.Mvc.ActionResult`1[HidroRec.Backend.Application.DTOs.Common.ApiResponse`1[HidroRec.Backend.Application.DTOs.Dashboard.DashboardResumoDto]]] GetResumo(System.Threading.CancellationToken) on controller HidroRec.Backend.Controllers.DashboardController (HidroRec.Backend).
2026-03-30 11:59:02.741 -03:00 [INF] Start processing HTTP request GET https://geoportal.apac.pe.gov.br/server/rest/services/met_volume_acumulado_chuva_municipio_24hs/MapServer/0/query?where=nm_mun%20%3D%20%27Recife%27&outFields=nm_mun,horas_24,ultima_leitura_data_hora&returnGeometry=false&f=json
2026-03-30 11:59:02.742 -03:00 [INF] Sending HTTP request GET https://geoportal.apac.pe.gov.br/server/rest/services/met_volume_acumulado_chuva_municipio_24hs/MapServer/0/query?where=nm_mun%20%3D%20%27Recife%27&outFields=nm_mun,horas_24,ultima_leitura_data_hora&returnGeometry=false&f=json
2026-03-30 11:59:03.009 -03:00 [INF] Received HTTP response headers after 266.4075ms - 200
2026-03-30 11:59:03.012 -03:00 [INF] End processing HTTP request after 271.322ms - 200
2026-03-30 11:59:03.013 -03:00 [INF] Executing OkObjectResult, writing value of type 'HidroRec.Backend.Application.DTOs.Common.ApiResponse`1[[HidroRec.Backend.Application.DTOs.Dashboard.DashboardResumoDto, HidroRec.Backend, Version=1.0.0.0, Culture=neutral, PublicKeyToken=null]]'.
2026-03-30 11:59:03.015 -03:00 [INF] Executed action HidroRec.Backend.Controllers.DashboardController.GetResumo (HidroRec.Backend) in 280.6646ms
2026-03-30 11:59:03.017 -03:00 [INF] Executed endpoint 'HidroRec.Backend.Controllers.DashboardController.GetResumo (HidroRec.Backend)'
2026-03-30 11:59:03.018 -03:00 [INF] HTTP GET /api/dashboard/resumo responded 200 in 481.1179 ms
2026-03-30 11:59:03.019 -03:00 [INF] Request finished HTTP/1.1 GET http://localhost:8080/api/dashboard/resumo - 200 null application/json; charset=utf-8 978.6556ms
2026-03-30 11:59:31.928 -03:00 [INF] Request starting HTTP/1.1 HEAD http://localhost:8080/index.html - null null
2026-03-30 11:59:31.934 -03:00 [INF] HTTP HEAD /index.html responded 200 in 0.2868 ms
2026-03-30 11:59:31.952 -03:00 [INF] Request finished HTTP/1.1 HEAD http://localhost:8080/index.html - 200 6348 text/html 23.2408ms
2026-03-30 11:59:31.953 -03:00 [INF] Request starting HTTP/1.1 HEAD http://localhost:8080/admin.html - null null
2026-03-30 11:59:31.981 -03:00 [INF] HTTP HEAD /admin.html responded 200 in 0.2112 ms
2026-03-30 11:59:31.982 -03:00 [INF] Request finished HTTP/1.1 HEAD http://localhost:8080/admin.html - 200 6561 text/html 29.1409ms
2026-03-30 11:59:31.975 -03:00 [INF] Request starting HTTP/1.1 HEAD http://localhost:8080/css/dashboard.css - null null
2026-03-30 11:59:31.986 -03:00 [INF] Request starting HTTP/1.1 HEAD http://localhost:8080/acesso.html - null null
2026-03-30 11:59:31.995 -03:00 [INF] HTTP HEAD /acesso.html responded 200 in 0.2009 ms
2026-03-30 11:59:31.991 -03:00 [INF] HTTP HEAD /css/dashboard.css responded 200 in 0.2332 ms
2026-03-30 11:59:32.044 -03:00 [INF] Request finished HTTP/1.1 HEAD http://localhost:8080/css/dashboard.css - 200 2663 text/css 68.3973ms
2026-03-30 11:59:32.042 -03:00 [INF] Request finished HTTP/1.1 HEAD http://localhost:8080/acesso.html - 200 6456 text/html 55.579ms
2026-03-30 11:59:32.034 -03:00 [INF] Request starting HTTP/1.1 HEAD http://localhost:8080/css/admin.css - null null
2026-03-30 11:59:32.045 -03:00 [INF] Request starting HTTP/1.1 HEAD http://localhost:8080/css/components.css - null null
2026-03-30 11:59:32.101 -03:00 [INF] Request starting HTTP/1.1 HEAD http://localhost:8080/css/layout.css - null null
2026-03-30 11:59:32.108 -03:00 [INF] HTTP HEAD /css/admin.css responded 200 in 0.1922 ms
2026-03-30 11:59:32.113 -03:00 [INF] HTTP HEAD /css/components.css responded 200 in 0.1753 ms
2026-03-30 11:59:32.120 -03:00 [INF] HTTP HEAD /css/layout.css responded 200 in 0.2070 ms
2026-03-30 11:59:32.122 -03:00 [INF] Request finished HTTP/1.1 HEAD http://localhost:8080/css/admin.css - 200 2112 text/css 86.6299ms
2026-03-30 11:59:32.125 -03:00 [INF] Request finished HTTP/1.1 HEAD http://localhost:8080/css/components.css - 200 6011 text/css 80.076ms
2026-03-30 11:59:32.303 -03:00 [INF] Request finished HTTP/1.1 HEAD http://localhost:8080/css/layout.css - 200 2989 text/css 202.4963ms
2026-03-30 11:59:43.340 -03:00 [INF] Application is shutting down...
