2026-04-06 22:02:52.828 -03:00 [INF] User profile is available. Using 'C:\Users\ACPGROUP\AppData\Local\ASP.NET\DataProtection-Keys' as key repository and Windows DPAPI to encrypt keys at rest.
2026-04-06 22:02:52.907 -03:00 [INF] Now listening on: http://localhost:8080
2026-04-06 22:02:52.911 -03:00 [INF] Application started. Press Ctrl+C to shut down.
2026-04-06 22:02:52.912 -03:00 [INF] Hosting environment: Development
2026-04-06 22:02:52.913 -03:00 [INF] Content root path: C:\Users\ACPGROUP\Desktop\HTML PURO\hidrorec\backend
2026-04-06 22:06:57.785 -03:00 [INF] User profile is available. Using 'C:\Users\ACPGROUP\AppData\Local\ASP.NET\DataProtection-Keys' as key repository and Windows DPAPI to encrypt keys at rest.
2026-04-06 22:06:57.896 -03:00 [INF] Now listening on: http://localhost:8080
2026-04-06 22:06:57.898 -03:00 [INF] Application started. Press Ctrl+C to shut down.
2026-04-06 22:06:57.899 -03:00 [INF] Hosting environment: Development
2026-04-06 22:06:57.900 -03:00 [INF] Content root path: C:\Users\ACPGROUP\Desktop\HTML PURO\hidrorec\backend
2026-04-06 22:07:18.063 -03:00 [INF] Request starting HTTP/1.1 GET http://localhost:8080/previsoes.html - null null
2026-04-06 22:07:18.124 -03:00 [INF] Sending file. Request path: '/previsoes.html'. Physical path: 'C:\Users\ACPGROUP\Desktop\HTML PURO\hidrorec\frontend\previsoes.html'
2026-04-06 22:07:18.128 -03:00 [INF] HTTP GET /previsoes.html responded 200 in 37.3640 ms
2026-04-06 22:07:18.135 -03:00 [INF] Request finished HTTP/1.1 GET http://localhost:8080/previsoes.html - 200 3334 text/html 74.5963ms
2026-04-06 22:07:18.145 -03:00 [INF] Request starting HTTP/1.1 GET http://localhost:8080/css/previsoes.css?v=20260406-2042 - null null
2026-04-06 22:07:18.145 -03:00 [INF] Request starting HTTP/1.1 GET http://localhost:8080/js/previsoes.js?v=20260406-2042 - null null
2026-04-06 22:07:18.154 -03:00 [INF] CORS policy execution successful.
2026-04-06 22:07:18.155 -03:00 [INF] Sending file. Request path: '/css/previsoes.css'. Physical path: 'C:\Users\ACPGROUP\Desktop\HTML PURO\hidrorec\frontend\css\previsoes.css'
2026-04-06 22:07:18.159 -03:00 [INF] HTTP GET /css/previsoes.css responded 200 in 9.3246 ms
2026-04-06 22:07:18.159 -03:00 [INF] Sending file. Request path: '/js/previsoes.js'. Physical path: 'C:\Users\ACPGROUP\Desktop\HTML PURO\hidrorec\frontend\js\previsoes.js'
2026-04-06 22:07:18.162 -03:00 [INF] Request finished HTTP/1.1 GET http://localhost:8080/css/previsoes.css?v=20260406-2042 - 200 920 text/css 17.6339ms
2026-04-06 22:07:18.163 -03:00 [INF] HTTP GET /js/previsoes.js responded 200 in 12.4252 ms
2026-04-06 22:07:18.176 -03:00 [INF] Request finished HTTP/1.1 GET http://localhost:8080/js/previsoes.js?v=20260406-2042 - 200 1861 text/javascript 31.6768ms
2026-04-06 22:07:18.181 -03:00 [INF] Request starting HTTP/1.1 GET http://localhost:8080/js/api.js - null null
2026-04-06 22:07:18.184 -03:00 [INF] CORS policy execution successful.
2026-04-06 22:07:18.188 -03:00 [INF] The file /js/api.js was not modified
2026-04-06 22:07:18.191 -03:00 [INF] HTTP GET /js/api.js responded 304 in 6.7017 ms
2026-04-06 22:07:18.195 -03:00 [INF] Request finished HTTP/1.1 GET http://localhost:8080/js/api.js - 304 null text/javascript 13.3087ms
2026-04-06 22:07:18.200 -03:00 [INF] Request starting HTTP/1.1 GET http://localhost:8080/api/previsoes - null null
2026-04-06 22:07:18.228 -03:00 [INF] Executing endpoint 'HidroRec.Backend.Controllers.PrevisoesController.GetResumo (HidroRec.Backend)'
2026-04-06 22:07:18.251 -03:00 [INF] Route matched with {action = "GetResumo", controller = "Previsoes"}. Executing controller action with signature System.Threading.Tasks.Task`1[Microsoft.AspNetCore.Mvc.ActionResult`1[HidroRec.Backend.Application.DTOs.Common.ApiResponse`1[HidroRec.Backend.Application.DTOs.Previsoes.PrevisaoResumoDto]]] GetResumo(System.Threading.CancellationToken) on controller HidroRec.Backend.Controllers.PrevisoesController (HidroRec.Backend).
2026-04-06 22:07:18.307 -03:00 [INF] Start processing HTTP request GET https://geoportal.apac.pe.gov.br/server/rest/services/met_volume_acumulado_chuva_municipio_24hs/MapServer/0/query?where=nm_mun%20%3D%20%27Recife%27&outFields=nm_mun,horas_24,ultima_leitura_data_hora&returnGeometry=false&f=json
2026-04-06 22:07:18.312 -03:00 [INF] Sending HTTP request GET https://geoportal.apac.pe.gov.br/server/rest/services/met_volume_acumulado_chuva_municipio_24hs/MapServer/0/query?where=nm_mun%20%3D%20%27Recife%27&outFields=nm_mun,horas_24,ultima_leitura_data_hora&returnGeometry=false&f=json
2026-04-06 22:07:18.521 -03:00 [INF] Received HTTP response headers after 202.101ms - 200
2026-04-06 22:07:18.527 -03:00 [INF] End processing HTTP request after 222.7394ms - 200
2026-04-06 22:07:18.575 -03:00 [INF] Start processing HTTP request GET https://api.open-meteo.com/v1/forecast?latitude=-8.0476&longitude=-34.8770&hourly=precipitation,precipitation_probability&forecast_hours=24&timezone=America%2FSao_Paulo
2026-04-06 22:07:18.579 -03:00 [INF] Sending HTTP request GET https://api.open-meteo.com/v1/forecast?latitude=-8.0476&longitude=-34.8770&hourly=precipitation,precipitation_probability&forecast_hours=24&timezone=America%2FSao_Paulo
2026-04-06 22:07:19.416 -03:00 [INF] Received HTTP response headers after 834.3295ms - 200
2026-04-06 22:07:19.423 -03:00 [INF] End processing HTTP request after 847.6029ms - 200
2026-04-06 22:07:19.470 -03:00 [INF] Executing OkObjectResult, writing value of type 'HidroRec.Backend.Application.DTOs.Common.ApiResponse`1[[HidroRec.Backend.Application.DTOs.Previsoes.PrevisaoResumoDto, HidroRec.Backend, Version=1.0.0.0, Culture=neutral, PublicKeyToken=null]]'.
2026-04-06 22:07:19.496 -03:00 [INF] Executed action HidroRec.Backend.Controllers.PrevisoesController.GetResumo (HidroRec.Backend) in 1239.3202ms
2026-04-06 22:07:19.500 -03:00 [INF] Executed endpoint 'HidroRec.Backend.Controllers.PrevisoesController.GetResumo (HidroRec.Backend)'
2026-04-06 22:07:19.504 -03:00 [INF] HTTP GET /api/previsoes responded 200 in 1298.7616 ms
2026-04-06 22:07:19.508 -03:00 [INF] Request finished HTTP/1.1 GET http://localhost:8080/api/previsoes - 200 null application/json; charset=utf-8 1308.4436ms
2026-04-06 22:08:57.645 -03:00 [INF] Request starting HTTP/1.1 GET http://localhost:8080/index.html - null null
2026-04-06 22:08:57.654 -03:00 [INF] Sending file. Request path: '/index.html'. Physical path: 'C:\Users\ACPGROUP\Desktop\HTML PURO\hidrorec\frontend\index.html'
2026-04-06 22:08:57.659 -03:00 [INF] HTTP GET /index.html responded 200 in 8.3473 ms
2026-04-06 22:08:57.665 -03:00 [INF] Request finished HTTP/1.1 GET http://localhost:8080/index.html - 200 7602 text/html 19.9318ms
2026-04-06 22:08:57.671 -03:00 [INF] Request starting HTTP/1.1 GET http://localhost:8080/js/dashboard.js?v=20260406-2042 - null null
2026-04-06 22:08:57.675 -03:00 [INF] Request starting HTTP/1.1 GET http://localhost:8080/css/dashboard.css?v=20260406-2042 - null null
2026-04-06 22:08:57.683 -03:00 [INF] CORS policy execution successful.
2026-04-06 22:08:57.693 -03:00 [INF] The file /css/dashboard.css was not modified
2026-04-06 22:08:57.695 -03:00 [INF] The file /js/dashboard.js was not modified
2026-04-06 22:08:57.698 -03:00 [INF] HTTP GET /css/dashboard.css responded 304 in 6.3836 ms
2026-04-06 22:08:57.702 -03:00 [INF] HTTP GET /js/dashboard.js responded 304 in 19.3198 ms
2026-04-06 22:08:57.709 -03:00 [INF] Request finished HTTP/1.1 GET http://localhost:8080/css/dashboard.css?v=20260406-2042 - 304 null text/css 34.3515ms
2026-04-06 22:08:57.713 -03:00 [INF] Request finished HTTP/1.1 GET http://localhost:8080/js/dashboard.js?v=20260406-2042 - 304 null text/javascript 41.7521ms
2026-04-06 22:08:57.722 -03:00 [INF] Request starting HTTP/1.1 GET http://localhost:8080/api/dashboard/resumo - null null
2026-04-06 22:08:57.754 -03:00 [INF] Executing endpoint 'HidroRec.Backend.Controllers.DashboardController.GetResumo (HidroRec.Backend)'
2026-04-06 22:08:57.770 -03:00 [INF] Route matched with {action = "GetResumo", controller = "Dashboard"}. Executing controller action with signature System.Threading.Tasks.Task`1[Microsoft.AspNetCore.Mvc.ActionResult`1[HidroRec.Backend.Application.DTOs.Common.ApiResponse`1[HidroRec.Backend.Application.DTOs.Dashboard.DashboardResumoDto]]] GetResumo(System.Threading.CancellationToken) on controller HidroRec.Backend.Controllers.DashboardController (HidroRec.Backend).
2026-04-06 22:08:57.942 -03:00 [WRN] The query uses the 'First'/'FirstOrDefault' operator without 'OrderBy' and filter operators. This may lead to unpredictable results.
2026-04-06 22:08:58.413 -03:00 [INF] Start processing HTTP request GET https://geoportal.apac.pe.gov.br/server/rest/services/met_volume_acumulado_chuva_municipio_24hs/MapServer/0/query?where=nm_mun%20%3D%20%27Recife%27&outFields=nm_mun,horas_24,ultima_leitura_data_hora&returnGeometry=false&f=json
2026-04-06 22:08:58.417 -03:00 [INF] Sending HTTP request GET https://geoportal.apac.pe.gov.br/server/rest/services/met_volume_acumulado_chuva_municipio_24hs/MapServer/0/query?where=nm_mun%20%3D%20%27Recife%27&outFields=nm_mun,horas_24,ultima_leitura_data_hora&returnGeometry=false&f=json
2026-04-06 22:08:58.514 -03:00 [INF] Received HTTP response headers after 91.7963ms - 200
2026-04-06 22:08:58.521 -03:00 [INF] End processing HTTP request after 108.5462ms - 200
2026-04-06 22:08:58.528 -03:00 [INF] Start processing HTTP request GET https://api.open-meteo.com/v1/forecast?latitude=-8.0476&longitude=-34.8770&hourly=precipitation,precipitation_probability&forecast_hours=24&timezone=America%2FSao_Paulo
2026-04-06 22:08:58.534 -03:00 [INF] Sending HTTP request GET https://api.open-meteo.com/v1/forecast?latitude=-8.0476&longitude=-34.8770&hourly=precipitation,precipitation_probability&forecast_hours=24&timezone=America%2FSao_Paulo
2026-04-06 22:08:59.509 -03:00 [INF] Received HTTP response headers after 968.3084ms - 200
2026-04-06 22:08:59.513 -03:00 [INF] End processing HTTP request after 984.6561ms - 200
2026-04-06 22:08:59.582 -03:00 [INF] Executing OkObjectResult, writing value of type 'HidroRec.Backend.Application.DTOs.Common.ApiResponse`1[[HidroRec.Backend.Application.DTOs.Dashboard.DashboardResumoDto, HidroRec.Backend, Version=1.0.0.0, Culture=neutral, PublicKeyToken=null]]'.
2026-04-06 22:08:59.660 -03:00 [INF] Executed action HidroRec.Backend.Controllers.DashboardController.GetResumo (HidroRec.Backend) in 1883.6841ms
2026-04-06 22:08:59.662 -03:00 [INF] Executed endpoint 'HidroRec.Backend.Controllers.DashboardController.GetResumo (HidroRec.Backend)'
2026-04-06 22:08:59.666 -03:00 [INF] HTTP GET /api/dashboard/resumo responded 200 in 1913.2589 ms
2026-04-06 22:08:59.677 -03:00 [INF] Request finished HTTP/1.1 GET http://localhost:8080/api/dashboard/resumo - 200 null application/json; charset=utf-8 1954.9749ms
2026-04-06 22:15:42.142 -03:00 [INF] Request starting HTTP/1.1 GET http://localhost:8080/index.html - null null
2026-04-06 22:15:42.148 -03:00 [INF] Sending file. Request path: '/index.html'. Physical path: 'C:\Users\ACPGROUP\Desktop\HTML PURO\hidrorec\frontend\index.html'
2026-04-06 22:15:42.151 -03:00 [INF] HTTP GET /index.html responded 200 in 5.6366 ms
2026-04-06 22:15:42.164 -03:00 [INF] Request finished HTTP/1.1 GET http://localhost:8080/index.html - 200 7638 text/html 22.8062ms
2026-04-06 22:15:42.168 -03:00 [INF] Request starting HTTP/1.1 GET http://localhost:8080/css/layout.css?v=20260406-2112 - null null
2026-04-06 22:15:42.169 -03:00 [INF] Request starting HTTP/1.1 GET http://localhost:8080/css/components.css?v=20260406-2112 - null null
2026-04-06 22:15:42.171 -03:00 [INF] Request starting HTTP/1.1 GET http://localhost:8080/css/dashboard.css?v=20260406-2112 - null null
2026-04-06 22:15:42.171 -03:00 [INF] Request starting HTTP/1.1 GET http://localhost:8080/js/dashboard.js?v=20260406-2112 - null null
2026-04-06 22:15:42.172 -03:00 [INF] Request starting HTTP/1.1 GET http://localhost:8080/css/mapa.css?v=20260406-2112 - null null
2026-04-06 22:15:42.172 -03:00 [INF] Request starting HTTP/1.1 GET http://localhost:8080/css/global.css?v=20260406-2112 - null null
2026-04-06 22:15:42.179 -03:00 [INF] Sending file. Request path: '/css/layout.css'. Physical path: 'C:\Users\ACPGROUP\Desktop\HTML PURO\hidrorec\frontend\css\layout.css'
2026-04-06 22:15:42.183 -03:00 [INF] Sending file. Request path: '/css/components.css'. Physical path: 'C:\Users\ACPGROUP\Desktop\HTML PURO\hidrorec\frontend\css\components.css'
2026-04-06 22:15:42.186 -03:00 [INF] Sending file. Request path: '/css/dashboard.css'. Physical path: 'C:\Users\ACPGROUP\Desktop\HTML PURO\hidrorec\frontend\css\dashboard.css'
2026-04-06 22:15:42.189 -03:00 [INF] CORS policy execution successful.
2026-04-06 22:15:42.194 -03:00 [INF] Sending file. Request path: '/css/mapa.css'. Physical path: 'C:\Users\ACPGROUP\Desktop\HTML PURO\hidrorec\frontend\css\mapa.css'
2026-04-06 22:15:42.198 -03:00 [INF] Sending file. Request path: '/css/global.css'. Physical path: 'C:\Users\ACPGROUP\Desktop\HTML PURO\hidrorec\frontend\css\global.css'
2026-04-06 22:15:42.199 -03:00 [INF] HTTP GET /css/layout.css responded 200 in 22.1218 ms
2026-04-06 22:15:42.204 -03:00 [INF] HTTP GET /css/components.css responded 200 in 21.7758 ms
2026-04-06 22:15:42.221 -03:00 [INF] Request finished HTTP/1.1 GET http://localhost:8080/css/components.css?v=20260406-2112 - 200 10778 text/css 51.2044ms
2026-04-06 22:15:42.209 -03:00 [INF] Sending file. Request path: '/js/dashboard.js'. Physical path: 'C:\Users\ACPGROUP\Desktop\HTML PURO\hidrorec\frontend\js\dashboard.js'
2026-04-06 22:15:42.211 -03:00 [INF] HTTP GET /css/mapa.css responded 200 in 18.8707 ms
2026-04-06 22:15:42.213 -03:00 [INF] HTTP GET /css/global.css responded 200 in 16.3433 ms
2026-04-06 22:15:42.217 -03:00 [INF] Request finished HTTP/1.1 GET http://localhost:8080/css/layout.css?v=20260406-2112 - 200 4821 text/css 48.7538ms
2026-04-06 22:15:42.206 -03:00 [INF] HTTP GET /css/dashboard.css responded 200 in 21.0705 ms
2026-04-06 22:15:42.235 -03:00 [INF] HTTP GET /js/dashboard.js responded 200 in 46.8205 ms
2026-04-06 22:15:42.239 -03:00 [INF] Request finished HTTP/1.1 GET http://localhost:8080/css/mapa.css?v=20260406-2112 - 200 2088 text/css 67.5504ms
2026-04-06 22:15:42.240 -03:00 [INF] Request finished HTTP/1.1 GET http://localhost:8080/css/global.css?v=20260406-2112 - 200 3158 text/css 68.1468ms
2026-04-06 22:15:42.245 -03:00 [INF] Request finished HTTP/1.1 GET http://localhost:8080/css/dashboard.css?v=20260406-2112 - 200 3829 text/css 73.4187ms
2026-04-06 22:15:42.249 -03:00 [INF] Request finished HTTP/1.1 GET http://localhost:8080/js/dashboard.js?v=20260406-2112 - 200 7035 text/javascript 77.1819ms
2026-04-06 22:15:42.388 -03:00 [INF] Request starting HTTP/1.1 GET http://localhost:8080/js/api.js - null null
2026-04-06 22:15:42.409 -03:00 [INF] CORS policy execution successful.
2026-04-06 22:15:42.415 -03:00 [INF] The file /js/api.js was not modified
2026-04-06 22:15:42.416 -03:00 [INF] HTTP GET /js/api.js responded 304 in 6.5659 ms
2026-04-06 22:15:42.418 -03:00 [INF] Request finished HTTP/1.1 GET http://localhost:8080/js/api.js - 304 null text/javascript 30.2658ms
2026-04-06 22:15:42.432 -03:00 [INF] Request starting HTTP/1.1 GET http://localhost:8080/api/dashboard/resumo - null null
2026-04-06 22:15:42.450 -03:00 [INF] Executing endpoint 'HidroRec.Backend.Controllers.DashboardController.GetResumo (HidroRec.Backend)'
2026-04-06 22:15:42.454 -03:00 [INF] Route matched with {action = "GetResumo", controller = "Dashboard"}. Executing controller action with signature System.Threading.Tasks.Task`1[Microsoft.AspNetCore.Mvc.ActionResult`1[HidroRec.Backend.Application.DTOs.Common.ApiResponse`1[HidroRec.Backend.Application.DTOs.Dashboard.DashboardResumoDto]]] GetResumo(System.Threading.CancellationToken) on controller HidroRec.Backend.Controllers.DashboardController (HidroRec.Backend).
2026-04-06 22:15:42.739 -03:00 [INF] Start processing HTTP request GET https://geoportal.apac.pe.gov.br/server/rest/services/met_volume_acumulado_chuva_municipio_24hs/MapServer/0/query?where=nm_mun%20%3D%20%27Recife%27&outFields=nm_mun,horas_24,ultima_leitura_data_hora&returnGeometry=false&f=json
2026-04-06 22:15:42.742 -03:00 [INF] Sending HTTP request GET https://geoportal.apac.pe.gov.br/server/rest/services/met_volume_acumulado_chuva_municipio_24hs/MapServer/0/query?where=nm_mun%20%3D%20%27Recife%27&outFields=nm_mun,horas_24,ultima_leitura_data_hora&returnGeometry=false&f=json
2026-04-06 22:15:42.834 -03:00 [INF] Received HTTP response headers after 88.6195ms - 200
2026-04-06 22:15:42.839 -03:00 [INF] End processing HTTP request after 99.8779ms - 200
2026-04-06 22:15:42.843 -03:00 [INF] Start processing HTTP request GET https://api.open-meteo.com/v1/forecast?latitude=-8.0476&longitude=-34.8770&hourly=precipitation,precipitation_probability&forecast_hours=24&timezone=America%2FSao_Paulo
2026-04-06 22:15:42.847 -03:00 [INF] Sending HTTP request GET https://api.open-meteo.com/v1/forecast?latitude=-8.0476&longitude=-34.8770&hourly=precipitation,precipitation_probability&forecast_hours=24&timezone=America%2FSao_Paulo
2026-04-06 22:15:43.780 -03:00 [INF] Received HTTP response headers after 929.381ms - 200
2026-04-06 22:15:43.782 -03:00 [INF] End processing HTTP request after 938.8842ms - 200
2026-04-06 22:15:43.786 -03:00 [INF] Executing OkObjectResult, writing value of type 'HidroRec.Backend.Application.DTOs.Common.ApiResponse`1[[HidroRec.Backend.Application.DTOs.Dashboard.DashboardResumoDto, HidroRec.Backend, Version=1.0.0.0, Culture=neutral, PublicKeyToken=null]]'.
2026-04-06 22:15:43.789 -03:00 [INF] Executed action HidroRec.Backend.Controllers.DashboardController.GetResumo (HidroRec.Backend) in 1331.2593ms
2026-04-06 22:15:43.792 -03:00 [INF] Executed endpoint 'HidroRec.Backend.Controllers.DashboardController.GetResumo (HidroRec.Backend)'
2026-04-06 22:15:43.793 -03:00 [INF] HTTP GET /api/dashboard/resumo responded 200 in 1346.5214 ms
2026-04-06 22:15:43.795 -03:00 [INF] Request finished HTTP/1.1 GET http://localhost:8080/api/dashboard/resumo - 200 null application/json; charset=utf-8 1362.6809ms
2026-04-06 22:15:51.022 -03:00 [INF] Request starting HTTP/1.1 GET http://localhost:8080/previsoes.html - null null
2026-04-06 22:15:51.036 -03:00 [INF] Sending file. Request path: '/previsoes.html'. Physical path: 'C:\Users\ACPGROUP\Desktop\HTML PURO\hidrorec\frontend\previsoes.html'
2026-04-06 22:15:51.043 -03:00 [INF] HTTP GET /previsoes.html responded 200 in 14.1774 ms
2026-04-06 22:15:51.046 -03:00 [INF] Request finished HTTP/1.1 GET http://localhost:8080/previsoes.html - 200 3334 text/html 23.9465ms
2026-04-06 22:15:51.060 -03:00 [INF] Request starting HTTP/1.1 GET http://localhost:8080/css/previsoes.css?v=20260406-2112 - null null
2026-04-06 22:15:51.060 -03:00 [INF] Request starting HTTP/1.1 GET http://localhost:8080/css/components.css?v=20260406-2112 - null null
2026-04-06 22:15:51.061 -03:00 [INF] Request starting HTTP/1.1 GET http://localhost:8080/js/previsoes.js?v=20260406-2112 - null null
2026-04-06 22:15:51.070 -03:00 [INF] Sending file. Request path: '/css/previsoes.css'. Physical path: 'C:\Users\ACPGROUP\Desktop\HTML PURO\hidrorec\frontend\css\previsoes.css'
2026-04-06 22:15:51.079 -03:00 [INF] CORS policy execution successful.
2026-04-06 22:15:51.084 -03:00 [INF] HTTP GET /css/previsoes.css responded 200 in 15.1361 ms
2026-04-06 22:15:51.092 -03:00 [INF] Request finished HTTP/1.1 GET http://localhost:8080/css/previsoes.css?v=20260406-2112 - 200 920 text/css 30.6694ms
2026-04-06 22:15:51.103 -03:00 [INF] The file /css/components.css was not modified
2026-04-06 22:15:51.104 -03:00 [INF] Sending file. Request path: '/js/previsoes.js'. Physical path: 'C:\Users\ACPGROUP\Desktop\HTML PURO\hidrorec\frontend\js\previsoes.js'
2026-04-06 22:15:51.106 -03:00 [INF] HTTP GET /css/components.css responded 304 in 33.4183 ms
2026-04-06 22:15:51.109 -03:00 [INF] HTTP GET /js/previsoes.js responded 200 in 29.6448 ms
2026-04-06 22:15:51.116 -03:00 [INF] Request finished HTTP/1.1 GET http://localhost:8080/css/components.css?v=20260406-2112 - 304 null text/css 55.0607ms
2026-04-06 22:15:51.118 -03:00 [INF] Request finished HTTP/1.1 GET http://localhost:8080/js/previsoes.js?v=20260406-2112 - 200 2303 text/javascript 57.45ms
2026-04-06 22:15:51.119 -03:00 [INF] Request starting HTTP/1.1 GET http://localhost:8080/api/previsoes - null null
2026-04-06 22:15:51.144 -03:00 [INF] Executing endpoint 'HidroRec.Backend.Controllers.PrevisoesController.GetResumo (HidroRec.Backend)'
2026-04-06 22:15:51.145 -03:00 [INF] Route matched with {action = "GetResumo", controller = "Previsoes"}. Executing controller action with signature System.Threading.Tasks.Task`1[Microsoft.AspNetCore.Mvc.ActionResult`1[HidroRec.Backend.Application.DTOs.Common.ApiResponse`1[HidroRec.Backend.Application.DTOs.Previsoes.PrevisaoResumoDto]]] GetResumo(System.Threading.CancellationToken) on controller HidroRec.Backend.Controllers.PrevisoesController (HidroRec.Backend).
2026-04-06 22:15:51.148 -03:00 [INF] Start processing HTTP request GET https://geoportal.apac.pe.gov.br/server/rest/services/met_volume_acumulado_chuva_municipio_24hs/MapServer/0/query?where=nm_mun%20%3D%20%27Recife%27&outFields=nm_mun,horas_24,ultima_leitura_data_hora&returnGeometry=false&f=json
2026-04-06 22:15:51.152 -03:00 [INF] Sending HTTP request GET https://geoportal.apac.pe.gov.br/server/rest/services/met_volume_acumulado_chuva_municipio_24hs/MapServer/0/query?where=nm_mun%20%3D%20%27Recife%27&outFields=nm_mun,horas_24,ultima_leitura_data_hora&returnGeometry=false&f=json
2026-04-06 22:15:51.184 -03:00 [INF] Received HTTP response headers after 29.2756ms - 200
2026-04-06 22:15:51.188 -03:00 [INF] End processing HTTP request after 39.3792ms - 200
2026-04-06 22:15:51.191 -03:00 [INF] Start processing HTTP request GET https://api.open-meteo.com/v1/forecast?latitude=-8.0476&longitude=-34.8770&hourly=precipitation,precipitation_probability&forecast_hours=24&timezone=America%2FSao_Paulo
2026-04-06 22:15:51.195 -03:00 [INF] Sending HTTP request GET https://api.open-meteo.com/v1/forecast?latitude=-8.0476&longitude=-34.8770&hourly=precipitation,precipitation_probability&forecast_hours=24&timezone=America%2FSao_Paulo
2026-04-06 22:15:51.462 -03:00 [INF] Received HTTP response headers after 263.5976ms - 200
2026-04-06 22:15:51.464 -03:00 [INF] End processing HTTP request after 272.7471ms - 200
2026-04-06 22:15:51.468 -03:00 [INF] Executing OkObjectResult, writing value of type 'HidroRec.Backend.Application.DTOs.Common.ApiResponse`1[[HidroRec.Backend.Application.DTOs.Previsoes.PrevisaoResumoDto, HidroRec.Backend, Version=1.0.0.0, Culture=neutral, PublicKeyToken=null]]'.
2026-04-06 22:15:51.474 -03:00 [INF] Executed action HidroRec.Backend.Controllers.PrevisoesController.GetResumo (HidroRec.Backend) in 327.7804ms
2026-04-06 22:15:51.478 -03:00 [INF] Executed endpoint 'HidroRec.Backend.Controllers.PrevisoesController.GetResumo (HidroRec.Backend)'
2026-04-06 22:15:51.481 -03:00 [INF] HTTP GET /api/previsoes responded 200 in 336.9834 ms
2026-04-06 22:15:51.488 -03:00 [INF] Request finished HTTP/1.1 GET http://localhost:8080/api/previsoes - 200 null application/json; charset=utf-8 368.5436ms
2026-04-06 22:16:10.454 -03:00 [INF] Request starting HTTP/1.1 GET http://localhost:8080/ - null null
2026-04-06 22:16:10.460 -03:00 [INF] Executing endpoint 'HTTP: GET /'
2026-04-06 22:16:10.466 -03:00 [INF] Executed endpoint 'HTTP: GET /'
2026-04-06 22:16:10.471 -03:00 [INF] HTTP GET / responded 200 in 11.2261 ms
2026-04-06 22:16:10.477 -03:00 [INF] Request finished HTTP/1.1 GET http://localhost:8080/ - 200 null text/html; charset=utf-8 22.3894ms
2026-04-06 22:16:10.487 -03:00 [INF] Request starting HTTP/1.1 GET http://localhost:8080/css/layout.css?v=20260406-2112 - null null
2026-04-06 22:16:10.490 -03:00 [INF] Request starting HTTP/1.1 GET http://localhost:8080/css/components.css?v=20260406-2112 - null null
2026-04-06 22:16:10.491 -03:00 [INF] Request starting HTTP/1.1 GET http://localhost:8080/css/dashboard.css?v=20260406-2112 - null null
2026-04-06 22:16:10.491 -03:00 [INF] Request starting HTTP/1.1 GET http://localhost:8080/css/mapa.css?v=20260406-2112 - null null
2026-04-06 22:16:10.492 -03:00 [INF] Request starting HTTP/1.1 GET http://localhost:8080/css/global.css?v=20260406-2112 - null null
2026-04-06 22:16:10.492 -03:00 [INF] Request starting HTTP/1.1 GET http://localhost:8080/js/dashboard.js?v=20260406-2112 - null null
2026-04-06 22:16:10.500 -03:00 [INF] Sending file. Request path: '/css/layout.css'. Physical path: 'C:\Users\ACPGROUP\Desktop\HTML PURO\hidrorec\frontend\css\layout.css'
2026-04-06 22:16:10.504 -03:00 [INF] Sending file. Request path: '/css/components.css'. Physical path: 'C:\Users\ACPGROUP\Desktop\HTML PURO\hidrorec\frontend\css\components.css'
2026-04-06 22:16:10.507 -03:00 [INF] Sending file. Request path: '/css/dashboard.css'. Physical path: 'C:\Users\ACPGROUP\Desktop\HTML PURO\hidrorec\frontend\css\dashboard.css'
2026-04-06 22:16:10.512 -03:00 [INF] Sending file. Request path: '/css/mapa.css'. Physical path: 'C:\Users\ACPGROUP\Desktop\HTML PURO\hidrorec\frontend\css\mapa.css'
2026-04-06 22:16:10.516 -03:00 [INF] Sending file. Request path: '/css/global.css'. Physical path: 'C:\Users\ACPGROUP\Desktop\HTML PURO\hidrorec\frontend\css\global.css'
2026-04-06 22:16:10.520 -03:00 [INF] CORS policy execution successful.
2026-04-06 22:16:10.522 -03:00 [INF] HTTP GET /css/layout.css responded 200 in 23.7305 ms
2026-04-06 22:16:10.524 -03:00 [INF] HTTP GET /css/components.css responded 200 in 21.4585 ms
2026-04-06 22:16:10.546 -03:00 [INF] Request finished HTTP/1.1 GET http://localhost:8080/css/components.css?v=20260406-2112 - 200 10778 text/css 56.1151ms
2026-04-06 22:16:10.527 -03:00 [INF] HTTP GET /css/mapa.css responded 200 in 16.8518 ms
2026-04-06 22:16:10.529 -03:00 [INF] HTTP GET /css/global.css responded 200 in 14.1381 ms
2026-04-06 22:16:10.538 -03:00 [INF] Sending file. Request path: '/js/dashboard.js'. Physical path: 'C:\Users\ACPGROUP\Desktop\HTML PURO\hidrorec\frontend\js\dashboard.js'
2026-04-06 22:16:10.547 -03:00 [INF] Request finished HTTP/1.1 GET http://localhost:8080/css/layout.css?v=20260406-2112 - 200 4821 text/css 57.398ms
2026-04-06 22:16:10.525 -03:00 [INF] HTTP GET /css/dashboard.css responded 200 in 19.7156 ms
2026-04-06 22:16:10.567 -03:00 [INF] Request finished HTTP/1.1 GET http://localhost:8080/css/mapa.css?v=20260406-2112 - 200 2088 text/css 75.6464ms
2026-04-06 22:16:10.570 -03:00 [INF] Request finished HTTP/1.1 GET http://localhost:8080/css/global.css?v=20260406-2112 - 200 3158 text/css 77.7697ms
2026-04-06 22:16:10.572 -03:00 [INF] HTTP GET /js/dashboard.js responded 200 in 51.9328 ms
2026-04-06 22:16:10.580 -03:00 [INF] Request finished HTTP/1.1 GET http://localhost:8080/css/dashboard.css?v=20260406-2112 - 200 3829 text/css 88.6536ms
2026-04-06 22:16:10.595 -03:00 [INF] Request finished HTTP/1.1 GET http://localhost:8080/js/dashboard.js?v=20260406-2112 - 200 7035 text/javascript 102.7521ms
2026-04-06 22:16:10.607 -03:00 [INF] Request starting HTTP/1.1 GET http://localhost:8080/js/api.js - null null
2026-04-06 22:16:10.611 -03:00 [INF] CORS policy execution successful.
2026-04-06 22:16:10.613 -03:00 [INF] The file /js/api.js was not modified
2026-04-06 22:16:10.615 -03:00 [INF] HTTP GET /js/api.js responded 304 in 4.7149 ms
2026-04-06 22:16:10.620 -03:00 [INF] Request finished HTTP/1.1 GET http://localhost:8080/js/api.js - 304 null text/javascript 13.4784ms
2026-04-06 22:16:10.628 -03:00 [INF] Request starting HTTP/1.1 GET http://localhost:8080/api/dashboard/resumo - null null
2026-04-06 22:16:10.636 -03:00 [INF] Executing endpoint 'HidroRec.Backend.Controllers.DashboardController.GetResumo (HidroRec.Backend)'
2026-04-06 22:16:10.642 -03:00 [INF] Route matched with {action = "GetResumo", controller = "Dashboard"}. Executing controller action with signature System.Threading.Tasks.Task`1[Microsoft.AspNetCore.Mvc.ActionResult`1[HidroRec.Backend.Application.DTOs.Common.ApiResponse`1[HidroRec.Backend.Application.DTOs.Dashboard.DashboardResumoDto]]] GetResumo(System.Threading.CancellationToken) on controller HidroRec.Backend.Controllers.DashboardController (HidroRec.Backend).
2026-04-06 22:16:10.745 -03:00 [INF] Start processing HTTP request GET https://geoportal.apac.pe.gov.br/server/rest/services/met_volume_acumulado_chuva_municipio_24hs/MapServer/0/query?where=nm_mun%20%3D%20%27Recife%27&outFields=nm_mun,horas_24,ultima_leitura_data_hora&returnGeometry=false&f=json
2026-04-06 22:16:10.748 -03:00 [INF] Sending HTTP request GET https://geoportal.apac.pe.gov.br/server/rest/services/met_volume_acumulado_chuva_municipio_24hs/MapServer/0/query?where=nm_mun%20%3D%20%27Recife%27&outFields=nm_mun,horas_24,ultima_leitura_data_hora&returnGeometry=false&f=json
2026-04-06 22:16:10.780 -03:00 [INF] Received HTTP response headers after 29.8241ms - 200
2026-04-06 22:16:10.783 -03:00 [INF] End processing HTTP request after 38.0958ms - 200
2026-04-06 22:16:10.787 -03:00 [INF] Start processing HTTP request GET https://api.open-meteo.com/v1/forecast?latitude=-8.0476&longitude=-34.8770&hourly=precipitation,precipitation_probability&forecast_hours=24&timezone=America%2FSao_Paulo
2026-04-06 22:16:10.789 -03:00 [INF] Sending HTTP request GET https://api.open-meteo.com/v1/forecast?latitude=-8.0476&longitude=-34.8770&hourly=precipitation,precipitation_probability&forecast_hours=24&timezone=America%2FSao_Paulo
2026-04-06 22:16:11.021 -03:00 [INF] Received HTTP response headers after 229.482ms - 200
2026-04-06 22:16:11.022 -03:00 [INF] End processing HTTP request after 235.5785ms - 200
2026-04-06 22:16:11.027 -03:00 [INF] Executing OkObjectResult, writing value of type 'HidroRec.Backend.Application.DTOs.Common.ApiResponse`1[[HidroRec.Backend.Application.DTOs.Dashboard.DashboardResumoDto, HidroRec.Backend, Version=1.0.0.0, Culture=neutral, PublicKeyToken=null]]'.
2026-04-06 22:16:11.030 -03:00 [INF] Executed action HidroRec.Backend.Controllers.DashboardController.GetResumo (HidroRec.Backend) in 386.3885ms
2026-04-06 22:16:11.032 -03:00 [INF] Executed endpoint 'HidroRec.Backend.Controllers.DashboardController.GetResumo (HidroRec.Backend)'
2026-04-06 22:16:11.035 -03:00 [INF] HTTP GET /api/dashboard/resumo responded 200 in 399.0566 ms
2026-04-06 22:16:11.041 -03:00 [INF] Request finished HTTP/1.1 GET http://localhost:8080/api/dashboard/resumo - 200 null application/json; charset=utf-8 412.7926ms
2026-04-06 22:45:41.794 -03:00 [INF] Request starting HTTP/1.1 GET http://localhost:8080/previsoes.html - null null
2026-04-06 22:45:41.803 -03:00 [INF] The file /previsoes.html was not modified
2026-04-06 22:45:41.805 -03:00 [INF] HTTP GET /previsoes.html responded 304 in 3.0996 ms
2026-04-06 22:45:41.810 -03:00 [INF] Request finished HTTP/1.1 GET http://localhost:8080/previsoes.html - 304 null text/html 15.6962ms
2026-04-06 22:45:41.833 -03:00 [INF] Request starting HTTP/1.1 GET http://localhost:8080/css/components.css?v=20260406-2112 - null null
2026-04-06 22:45:41.834 -03:00 [INF] Request starting HTTP/1.1 GET http://localhost:8080/css/previsoes.css?v=20260406-2112 - null null
2026-04-06 22:45:41.834 -03:00 [INF] Request starting HTTP/1.1 GET http://localhost:8080/js/previsoes.js?v=20260406-2112 - null null
2026-04-06 22:45:41.840 -03:00 [INF] The file /css/components.css was not modified
2026-04-06 22:45:41.847 -03:00 [INF] The file /css/previsoes.css was not modified
2026-04-06 22:45:41.852 -03:00 [INF] CORS policy execution successful.
2026-04-06 22:45:41.854 -03:00 [INF] HTTP GET /css/components.css responded 304 in 14.7337 ms
2026-04-06 22:45:41.858 -03:00 [INF] HTTP GET /css/previsoes.css responded 304 in 11.2436 ms
2026-04-06 22:45:41.862 -03:00 [INF] The file /js/previsoes.js was not modified
2026-04-06 22:45:41.867 -03:00 [INF] Request finished HTTP/1.1 GET http://localhost:8080/css/components.css?v=20260406-2112 - 304 null text/css 33.8068ms
2026-04-06 22:45:41.870 -03:00 [INF] Request finished HTTP/1.1 GET http://localhost:8080/css/previsoes.css?v=20260406-2112 - 304 null text/css 36.2395ms
2026-04-06 22:45:41.872 -03:00 [INF] HTTP GET /js/previsoes.js responded 304 in 20.5375 ms
2026-04-06 22:45:41.882 -03:00 [INF] Request finished HTTP/1.1 GET http://localhost:8080/js/previsoes.js?v=20260406-2112 - 304 null text/javascript 47.4778ms
2026-04-06 22:45:41.888 -03:00 [INF] Request starting HTTP/1.1 GET http://localhost:8080/js/api.js - null null
2026-04-06 22:45:41.894 -03:00 [INF] CORS policy execution successful.
2026-04-06 22:45:41.896 -03:00 [INF] The file /js/api.js was not modified
2026-04-06 22:45:41.984 -03:00 [INF] HTTP GET /js/api.js responded 304 in 89.9623 ms
2026-04-06 22:45:42.002 -03:00 [INF] Request finished HTTP/1.1 GET http://localhost:8080/js/api.js - 304 null text/javascript 113.6843ms
2026-04-06 22:45:42.008 -03:00 [INF] Request starting HTTP/1.1 GET http://localhost:8080/api/previsoes - null null
2026-04-06 22:45:42.036 -03:00 [INF] Executing endpoint 'HidroRec.Backend.Controllers.PrevisoesController.GetResumo (HidroRec.Backend)'
2026-04-06 22:45:42.039 -03:00 [INF] Route matched with {action = "GetResumo", controller = "Previsoes"}. Executing controller action with signature System.Threading.Tasks.Task`1[Microsoft.AspNetCore.Mvc.ActionResult`1[HidroRec.Backend.Application.DTOs.Common.ApiResponse`1[HidroRec.Backend.Application.DTOs.Previsoes.PrevisaoResumoDto]]] GetResumo(System.Threading.CancellationToken) on controller HidroRec.Backend.Controllers.PrevisoesController (HidroRec.Backend).
2026-04-06 22:45:42.048 -03:00 [INF] Start processing HTTP request GET https://geoportal.apac.pe.gov.br/server/rest/services/met_volume_acumulado_chuva_municipio_24hs/MapServer/0/query?where=nm_mun%20%3D%20%27Recife%27&outFields=nm_mun,horas_24,ultima_leitura_data_hora&returnGeometry=false&f=json
2026-04-06 22:45:42.051 -03:00 [INF] Sending HTTP request GET https://geoportal.apac.pe.gov.br/server/rest/services/met_volume_acumulado_chuva_municipio_24hs/MapServer/0/query?where=nm_mun%20%3D%20%27Recife%27&outFields=nm_mun,horas_24,ultima_leitura_data_hora&returnGeometry=false&f=json
2026-04-06 22:45:42.284 -03:00 [INF] Received HTTP response headers after 230.3127ms - 200
2026-04-06 22:45:42.287 -03:00 [INF] End processing HTTP request after 239.7635ms - 200
2026-04-06 22:45:42.291 -03:00 [INF] Start processing HTTP request GET https://api.open-meteo.com/v1/forecast?latitude=-8.0476&longitude=-34.8770&hourly=precipitation,precipitation_probability&forecast_hours=24&timezone=America%2FSao_Paulo
2026-04-06 22:45:42.294 -03:00 [INF] Sending HTTP request GET https://api.open-meteo.com/v1/forecast?latitude=-8.0476&longitude=-34.8770&hourly=precipitation,precipitation_probability&forecast_hours=24&timezone=America%2FSao_Paulo
2026-04-06 22:45:43.264 -03:00 [INF] Received HTTP response headers after 966.7167ms - 200
2026-04-06 22:45:43.269 -03:00 [INF] End processing HTTP request after 977.689ms - 200
2026-04-06 22:45:43.273 -03:00 [INF] Executing OkObjectResult, writing value of type 'HidroRec.Backend.Application.DTOs.Common.ApiResponse`1[[HidroRec.Backend.Application.DTOs.Previsoes.PrevisaoResumoDto, HidroRec.Backend, Version=1.0.0.0, Culture=neutral, PublicKeyToken=null]]'.
2026-04-06 22:45:43.279 -03:00 [INF] Executed action HidroRec.Backend.Controllers.PrevisoesController.GetResumo (HidroRec.Backend) in 1234.489ms
2026-04-06 22:45:43.283 -03:00 [INF] Executed endpoint 'HidroRec.Backend.Controllers.PrevisoesController.GetResumo (HidroRec.Backend)'
2026-04-06 22:45:43.286 -03:00 [INF] HTTP GET /api/previsoes responded 200 in 1251.0516 ms
2026-04-06 22:45:43.289 -03:00 [INF] Request finished HTTP/1.1 GET http://localhost:8080/api/previsoes - 200 null application/json; charset=utf-8 1281.6823ms
2026-04-06 22:55:13.806 -03:00 [INF] User profile is available. Using 'C:\Users\ACPGROUP\AppData\Local\ASP.NET\DataProtection-Keys' as key repository and Windows DPAPI to encrypt keys at rest.
2026-04-06 22:55:13.899 -03:00 [INF] Now listening on: http://localhost:8090
2026-04-06 22:55:13.902 -03:00 [INF] Application started. Press Ctrl+C to shut down.
2026-04-06 22:55:13.907 -03:00 [INF] Hosting environment: Development
2026-04-06 22:55:13.913 -03:00 [INF] Content root path: C:\Users\ACPGROUP\Desktop\HTML PURO\hidrorec\backend
2026-04-06 22:55:15.088 -03:00 [INF] Request starting HTTP/1.1 GET http://localhost:8090/api/dashboard/operational-snapshot?latitude=-8.0585&longitude=-34.8788&bairro=Centro - null null
2026-04-06 22:55:15.088 -03:00 [INF] Request starting HTTP/1.1 GET http://localhost:8090/api/dashboard/resumo - null null
2026-04-06 22:55:15.088 -03:00 [INF] Request starting HTTP/1.1 GET http://localhost:8090/api/previsoes - null null
2026-04-06 22:55:15.138 -03:00 [INF] Executing endpoint 'HidroRec.Backend.Controllers.DashboardController.GetResumo (HidroRec.Backend)'
2026-04-06 22:55:15.138 -03:00 [INF] Executing endpoint 'HidroRec.Backend.Controllers.DashboardController.GetOperationalSnapshot (HidroRec.Backend)'
2026-04-06 22:55:15.138 -03:00 [INF] Executing endpoint 'HidroRec.Backend.Controllers.PrevisoesController.GetResumo (HidroRec.Backend)'
2026-04-06 22:55:15.155 -03:00 [INF] Route matched with {action = "GetResumo", controller = "Previsoes"}. Executing controller action with signature System.Threading.Tasks.Task`1[Microsoft.AspNetCore.Mvc.ActionResult`1[HidroRec.Backend.Application.DTOs.Common.ApiResponse`1[HidroRec.Backend.Application.DTOs.Previsoes.PrevisaoResumoDto]]] GetResumo(System.Threading.CancellationToken) on controller HidroRec.Backend.Controllers.PrevisoesController (HidroRec.Backend).
2026-04-06 22:55:15.155 -03:00 [INF] Route matched with {action = "GetResumo", controller = "Dashboard"}. Executing controller action with signature System.Threading.Tasks.Task`1[Microsoft.AspNetCore.Mvc.ActionResult`1[HidroRec.Backend.Application.DTOs.Common.ApiResponse`1[HidroRec.Backend.Application.DTOs.Dashboard.DashboardResumoDto]]] GetResumo(System.Threading.CancellationToken) on controller HidroRec.Backend.Controllers.DashboardController (HidroRec.Backend).
2026-04-06 22:55:15.155 -03:00 [INF] Route matched with {action = "GetOperationalSnapshot", controller = "Dashboard"}. Executing controller action with signature System.Threading.Tasks.Task`1[Microsoft.AspNetCore.Mvc.ActionResult`1[HidroRec.Backend.Application.DTOs.Common.ApiResponse`1[HidroRec.Backend.Application.DTOs.DataFusion.OperationalDataFusionSnapshotDto]]] GetOperationalSnapshot(System.Nullable`1[System.Decimal], System.Nullable`1[System.Decimal], System.String, System.Threading.CancellationToken) on controller HidroRec.Backend.Controllers.DashboardController (HidroRec.Backend).
2026-04-06 22:55:15.242 -03:00 [WRN] The query uses the 'First'/'FirstOrDefault' operator without 'OrderBy' and filter operators. This may lead to unpredictable results.
2026-04-06 22:55:15.243 -03:00 [INF] Start processing HTTP request GET https://geoportal.apac.pe.gov.br/server/rest/services/met_volume_acumulado_chuva_municipio_24hs/MapServer/0/query?where=nm_mun%20%3D%20%27Recife%27&outFields=nm_mun,horas_24,ultima_leitura_data_hora&returnGeometry=false&f=json
2026-04-06 22:55:15.247 -03:00 [INF] Sending HTTP request GET https://geoportal.apac.pe.gov.br/server/rest/services/met_volume_acumulado_chuva_municipio_24hs/MapServer/0/query?where=nm_mun%20%3D%20%27Recife%27&outFields=nm_mun,horas_24,ultima_leitura_data_hora&returnGeometry=false&f=json
2026-04-06 22:55:15.258 -03:00 [INF] Start processing HTTP request GET https://geoportal.apac.pe.gov.br/server/rest/services/met_volume_acumulado_chuva_municipio_24hs/MapServer/0/query?where=nm_mun%20%3D%20%27Recife%27&outFields=nm_mun,horas_24,ultima_leitura_data_hora&returnGeometry=false&f=json
2026-04-06 22:55:15.260 -03:00 [INF] Sending HTTP request GET https://geoportal.apac.pe.gov.br/server/rest/services/met_volume_acumulado_chuva_municipio_24hs/MapServer/0/query?where=nm_mun%20%3D%20%27Recife%27&outFields=nm_mun,horas_24,ultima_leitura_data_hora&returnGeometry=false&f=json
2026-04-06 22:55:15.285 -03:00 [INF] Start processing HTTP request GET https://api.open-meteo.com/v1/forecast?latitude=-8.0476&longitude=-34.8770&current=temperature_2m,precipitation,rain&timezone=America%2FSao_Paulo
2026-04-06 22:55:15.285 -03:00 [INF] Start processing HTTP request GET https://api.open-meteo.com/v1/forecast?latitude=-8.0476&longitude=-34.8770&current=temperature_2m,precipitation,rain&timezone=America%2FSao_Paulo
2026-04-06 22:55:15.287 -03:00 [INF] Sending HTTP request GET https://api.open-meteo.com/v1/forecast?latitude=-8.0476&longitude=-34.8770&current=temperature_2m,precipitation,rain&timezone=America%2FSao_Paulo
2026-04-06 22:55:15.289 -03:00 [INF] Sending HTTP request GET https://api.open-meteo.com/v1/forecast?latitude=-8.0476&longitude=-34.8770&current=temperature_2m,precipitation,rain&timezone=America%2FSao_Paulo
2026-04-06 22:55:15.376 -03:00 [INF] Received HTTP response headers after 113.152ms - 200
2026-04-06 22:55:15.381 -03:00 [INF] End processing HTTP request after 123.1332ms - 200
2026-04-06 22:55:15.382 -03:00 [INF] Received HTTP response headers after 132.0542ms - 200
2026-04-06 22:55:15.388 -03:00 [INF] End processing HTTP request after 146.8709ms - 200
2026-04-06 22:55:15.425 -03:00 [INF] Start processing HTTP request GET https://geoportal.apac.pe.gov.br/server/rest/services/met_volume_acumulado_chuva_municipio_24hs/MapServer/0/query?where=nm_mun%20%3D%20%27Recife%27&outFields=nm_mun,horas_24,ultima_leitura_data_hora&returnGeometry=false&f=json
2026-04-06 22:55:15.428 -03:00 [INF] Sending HTTP request GET https://geoportal.apac.pe.gov.br/server/rest/services/met_volume_acumulado_chuva_municipio_24hs/MapServer/0/query?where=nm_mun%20%3D%20%27Recife%27&outFields=nm_mun,horas_24,ultima_leitura_data_hora&returnGeometry=false&f=json
2026-04-06 22:55:15.432 -03:00 [INF] Start processing HTTP request GET https://api.open-meteo.com/v1/forecast?latitude=-8.0476&longitude=-34.8770&current=temperature_2m,precipitation,rain&timezone=America%2FSao_Paulo
2026-04-06 22:55:15.434 -03:00 [INF] Sending HTTP request GET https://api.open-meteo.com/v1/forecast?latitude=-8.0476&longitude=-34.8770&current=temperature_2m,precipitation,rain&timezone=America%2FSao_Paulo
2026-04-06 22:55:15.470 -03:00 [INF] Received HTTP response headers after 40.077ms - 200
2026-04-06 22:55:15.477 -03:00 [INF] End processing HTTP request after 51.9396ms - 200
2026-04-06 22:55:16.296 -03:00 [INF] Received HTTP response headers after 1005.2286ms - 200
2026-04-06 22:55:16.296 -03:00 [INF] Received HTTP response headers after 1003.4073ms - 200
2026-04-06 22:55:16.296 -03:00 [INF] Received HTTP response headers after 859.2963ms - 200
2026-04-06 22:55:16.305 -03:00 [INF] End processing HTTP request after 1020.3148ms - 200
2026-04-06 22:55:16.311 -03:00 [INF] End processing HTTP request after 1026.0315ms - 200
2026-04-06 22:55:16.314 -03:00 [INF] End processing HTTP request after 882.1223ms - 200
2026-04-06 22:55:16.350 -03:00 [INF] Start processing HTTP request GET https://api.open-meteo.com/v1/forecast?latitude=-8.0476&longitude=-34.8770&current=temperature_2m,precipitation,rain&hourly=precipitation,precipitation_probability,temperature_2m&forecast_hours=24&timezone=America%2FSao_Paulo
2026-04-06 22:55:16.350 -03:00 [INF] Start processing HTTP request GET https://api.open-meteo.com/v1/forecast?latitude=-8.0476&longitude=-34.8770&current=temperature_2m,precipitation,rain&hourly=precipitation,precipitation_probability,temperature_2m&forecast_hours=24&timezone=America%2FSao_Paulo
2026-04-06 22:55:16.350 -03:00 [INF] Start processing HTTP request GET https://api.open-meteo.com/v1/forecast?latitude=-8.0476&longitude=-34.8770&current=temperature_2m,precipitation,rain&hourly=precipitation,precipitation_probability,temperature_2m&forecast_hours=24&timezone=America%2FSao_Paulo
2026-04-06 22:55:16.356 -03:00 [INF] Sending HTTP request GET https://api.open-meteo.com/v1/forecast?latitude=-8.0476&longitude=-34.8770&current=temperature_2m,precipitation,rain&hourly=precipitation,precipitation_probability,temperature_2m&forecast_hours=24&timezone=America%2FSao_Paulo
2026-04-06 22:55:16.360 -03:00 [INF] Sending HTTP request GET https://api.open-meteo.com/v1/forecast?latitude=-8.0476&longitude=-34.8770&current=temperature_2m,precipitation,rain&hourly=precipitation,precipitation_probability,temperature_2m&forecast_hours=24&timezone=America%2FSao_Paulo
2026-04-06 22:55:16.365 -03:00 [INF] Sending HTTP request GET https://api.open-meteo.com/v1/forecast?latitude=-8.0476&longitude=-34.8770&current=temperature_2m,precipitation,rain&hourly=precipitation,precipitation_probability,temperature_2m&forecast_hours=24&timezone=America%2FSao_Paulo
2026-04-06 22:55:16.572 -03:00 [INF] Received HTTP response headers after 201.1474ms - 200
2026-04-06 22:55:16.572 -03:00 [INF] Received HTTP response headers after 195.3903ms - 200
2026-04-06 22:55:16.576 -03:00 [INF] End processing HTTP request after 225.9857ms - 200
2026-04-06 22:55:16.578 -03:00 [INF] End processing HTTP request after 227.5849ms - 200
2026-04-06 22:55:16.583 -03:00 [INF] Received HTTP response headers after 202.5212ms - 200
2026-04-06 22:55:16.589 -03:00 [INF] End processing HTTP request after 238.7954ms - 200
2026-04-06 22:55:16.593 -03:00 [INF] Start processing HTTP request GET https://tabuamare.devtu.qzz.io/api/v2/tabua-mare/pe02/4/[6,7]
2026-04-06 22:55:16.593 -03:00 [INF] Start processing HTTP request GET https://tabuamare.devtu.qzz.io/api/v2/tabua-mare/pe02/4/[6,7]
2026-04-06 22:55:16.594 -03:00 [INF] Start processing HTTP request GET https://tabuamare.devtu.qzz.io/api/v2/tabua-mare/pe02/4/[6,7]
2026-04-06 22:55:16.599 -03:00 [INF] Sending HTTP request GET https://tabuamare.devtu.qzz.io/api/v2/tabua-mare/pe02/4/[6,7]
2026-04-06 22:55:16.604 -03:00 [INF] Sending HTTP request GET https://tabuamare.devtu.qzz.io/api/v2/tabua-mare/pe02/4/[6,7]
2026-04-06 22:55:16.608 -03:00 [INF] Sending HTTP request GET https://tabuamare.devtu.qzz.io/api/v2/tabua-mare/pe02/4/[6,7]
2026-04-06 22:55:17.119 -03:00 [INF] Received HTTP response headers after 503.9527ms - 200
2026-04-06 22:55:17.119 -03:00 [INF] Received HTTP response headers after 507.882ms - 200
2026-04-06 22:55:17.122 -03:00 [INF] Received HTTP response headers after 501.1377ms - 200
2026-04-06 22:55:17.122 -03:00 [INF] End processing HTTP request after 528.7914ms - 200
2026-04-06 22:55:17.126 -03:00 [INF] End processing HTTP request after 532.3797ms - 200
2026-04-06 22:55:17.128 -03:00 [INF] End processing HTTP request after 533.9636ms - 200
2026-04-06 22:55:17.231 -03:00 [INF] Executing OkObjectResult, writing value of type 'HidroRec.Backend.Application.DTOs.Common.ApiResponse`1[[HidroRec.Backend.Application.DTOs.DataFusion.OperationalDataFusionSnapshotDto, HidroRec.Backend, Version=1.0.0.0, Culture=neutral, PublicKeyToken=null]]'.
2026-04-06 22:55:17.231 -03:00 [INF] Executing OkObjectResult, writing value of type 'HidroRec.Backend.Application.DTOs.Common.ApiResponse`1[[HidroRec.Backend.Application.DTOs.Previsoes.PrevisaoResumoDto, HidroRec.Backend, Version=1.0.0.0, Culture=neutral, PublicKeyToken=null]]'.
2026-04-06 22:55:17.250 -03:00 [INF] Executing OkObjectResult, writing value of type 'HidroRec.Backend.Application.DTOs.Common.ApiResponse`1[[HidroRec.Backend.Application.DTOs.Dashboard.DashboardResumoDto, HidroRec.Backend, Version=1.0.0.0, Culture=neutral, PublicKeyToken=null]]'.
2026-04-06 22:55:17.264 -03:00 [INF] Executed action HidroRec.Backend.Controllers.DashboardController.GetOperationalSnapshot (HidroRec.Backend) in 2097.7174ms
2026-04-06 22:55:17.264 -03:00 [INF] Executed action HidroRec.Backend.Controllers.PrevisoesController.GetResumo (HidroRec.Backend) in 2100.6049ms
2026-04-06 22:55:17.268 -03:00 [INF] Executed endpoint 'HidroRec.Backend.Controllers.DashboardController.GetOperationalSnapshot (HidroRec.Backend)'
2026-04-06 22:55:17.271 -03:00 [INF] Executed endpoint 'HidroRec.Backend.Controllers.PrevisoesController.GetResumo (HidroRec.Backend)'
2026-04-06 22:55:17.272 -03:00 [INF] Executed action HidroRec.Backend.Controllers.DashboardController.GetResumo (HidroRec.Backend) in 2110.0501ms
2026-04-06 22:55:17.276 -03:00 [INF] HTTP GET /api/dashboard/operational-snapshot responded 200 in 2166.6378 ms
2026-04-06 22:55:17.276 -03:00 [INF] HTTP GET /api/previsoes responded 200 in 2166.9885 ms
2026-04-06 22:55:17.278 -03:00 [INF] Executed endpoint 'HidroRec.Backend.Controllers.DashboardController.GetResumo (HidroRec.Backend)'
2026-04-06 22:55:17.288 -03:00 [INF] Request finished HTTP/1.1 GET http://localhost:8090/api/dashboard/operational-snapshot?latitude=-8.0585&longitude=-34.8788&bairro=Centro - 200 null application/json; charset=utf-8 2200.8744ms
2026-04-06 22:55:17.288 -03:00 [INF] Request finished HTTP/1.1 GET http://localhost:8090/api/previsoes - 200 null application/json; charset=utf-8 2201.6593ms
2026-04-06 22:55:17.289 -03:00 [INF] HTTP GET /api/dashboard/resumo responded 200 in 2181.5950 ms
2026-04-06 22:55:17.312 -03:00 [INF] Request finished HTTP/1.1 GET http://localhost:8090/api/dashboard/resumo - 200 null application/json; charset=utf-8 2225.7107ms
2026-04-06 22:56:56.355 -03:00 [INF] User profile is available. Using 'C:\Users\ACPGROUP\AppData\Local\ASP.NET\DataProtection-Keys' as key repository and Windows DPAPI to encrypt keys at rest.
2026-04-06 22:56:56.463 -03:00 [INF] Now listening on: http://localhost:8090
2026-04-06 22:56:56.466 -03:00 [INF] Application started. Press Ctrl+C to shut down.
2026-04-06 22:56:56.468 -03:00 [INF] Hosting environment: Development
2026-04-06 22:56:56.470 -03:00 [INF] Content root path: C:\Users\ACPGROUP\Desktop\HTML PURO\hidrorec\backend
2026-04-06 22:56:57.353 -03:00 [INF] Request starting HTTP/1.1 GET http://localhost:8090/api/dashboard/resumo - null null
2026-04-06 22:56:57.395 -03:00 [INF] Executing endpoint 'HidroRec.Backend.Controllers.DashboardController.GetResumo (HidroRec.Backend)'
2026-04-06 22:56:57.407 -03:00 [INF] Route matched with {action = "GetResumo", controller = "Dashboard"}. Executing controller action with signature System.Threading.Tasks.Task`1[Microsoft.AspNetCore.Mvc.ActionResult`1[HidroRec.Backend.Application.DTOs.Common.ApiResponse`1[HidroRec.Backend.Application.DTOs.Dashboard.DashboardResumoDto]]] GetResumo(System.Threading.CancellationToken) on controller HidroRec.Backend.Controllers.DashboardController (HidroRec.Backend).
2026-04-06 22:56:57.476 -03:00 [WRN] The query uses the 'First'/'FirstOrDefault' operator without 'OrderBy' and filter operators. This may lead to unpredictable results.
2026-04-06 22:56:57.626 -03:00 [INF] Request starting HTTP/1.1 GET http://localhost:8090/api/previsoes - null null
2026-04-06 22:56:57.633 -03:00 [INF] Executing endpoint 'HidroRec.Backend.Controllers.PrevisoesController.GetResumo (HidroRec.Backend)'
2026-04-06 22:56:57.634 -03:00 [INF] Request starting HTTP/1.1 GET http://localhost:8090/api/dashboard/operational-snapshot?latitude=-8.0585&longitude=-34.8788&bairro=Centro - null null
2026-04-06 22:56:57.640 -03:00 [INF] Route matched with {action = "GetResumo", controller = "Previsoes"}. Executing controller action with signature System.Threading.Tasks.Task`1[Microsoft.AspNetCore.Mvc.ActionResult`1[HidroRec.Backend.Application.DTOs.Common.ApiResponse`1[HidroRec.Backend.Application.DTOs.Previsoes.PrevisaoResumoDto]]] GetResumo(System.Threading.CancellationToken) on controller HidroRec.Backend.Controllers.PrevisoesController (HidroRec.Backend).
2026-04-06 22:56:57.646 -03:00 [INF] Executing endpoint 'HidroRec.Backend.Controllers.DashboardController.GetOperationalSnapshot (HidroRec.Backend)'
2026-04-06 22:56:57.651 -03:00 [INF] Route matched with {action = "GetOperationalSnapshot", controller = "Dashboard"}. Executing controller action with signature System.Threading.Tasks.Task`1[Microsoft.AspNetCore.Mvc.ActionResult`1[HidroRec.Backend.Application.DTOs.Common.ApiResponse`1[HidroRec.Backend.Application.DTOs.DataFusion.OperationalDataFusionSnapshotDto]]] GetOperationalSnapshot(System.Nullable`1[System.Decimal], System.Nullable`1[System.Decimal], System.String, System.Threading.CancellationToken) on controller HidroRec.Backend.Controllers.DashboardController (HidroRec.Backend).
2026-04-06 22:56:57.676 -03:00 [INF] Start processing HTTP request GET https://geoportal.apac.pe.gov.br/server/rest/services/met_volume_acumulado_chuva_municipio_24hs/MapServer/0/query?where=nm_mun%20%3D%20%27Recife%27&outFields=nm_mun,horas_24,ultima_leitura_data_hora&returnGeometry=false&f=json
2026-04-06 22:56:57.680 -03:00 [INF] Sending HTTP request GET https://geoportal.apac.pe.gov.br/server/rest/services/met_volume_acumulado_chuva_municipio_24hs/MapServer/0/query?where=nm_mun%20%3D%20%27Recife%27&outFields=nm_mun,horas_24,ultima_leitura_data_hora&returnGeometry=false&f=json
2026-04-06 22:56:57.707 -03:00 [INF] Start processing HTTP request GET https://geoportal.apac.pe.gov.br/server/rest/services/met_volume_acumulado_chuva_municipio_24hs/MapServer/0/query?where=nm_mun%20%3D%20%27Recife%27&outFields=nm_mun,horas_24,ultima_leitura_data_hora&returnGeometry=false&f=json
2026-04-06 22:56:57.708 -03:00 [INF] Sending HTTP request GET https://geoportal.apac.pe.gov.br/server/rest/services/met_volume_acumulado_chuva_municipio_24hs/MapServer/0/query?where=nm_mun%20%3D%20%27Recife%27&outFields=nm_mun,horas_24,ultima_leitura_data_hora&returnGeometry=false&f=json
2026-04-06 22:56:57.710 -03:00 [INF] Start processing HTTP request GET https://api.open-meteo.com/v1/forecast?latitude=-8.0476&longitude=-34.8770&current=temperature_2m,precipitation,rain&timezone=America%2FSao_Paulo
2026-04-06 22:56:57.711 -03:00 [INF] Start processing HTTP request GET https://api.open-meteo.com/v1/forecast?latitude=-8.0476&longitude=-34.8770&current=temperature_2m,precipitation,rain&timezone=America%2FSao_Paulo
2026-04-06 22:56:57.714 -03:00 [INF] Sending HTTP request GET https://api.open-meteo.com/v1/forecast?latitude=-8.0476&longitude=-34.8770&current=temperature_2m,precipitation,rain&timezone=America%2FSao_Paulo
2026-04-06 22:56:57.715 -03:00 [INF] Sending HTTP request GET https://api.open-meteo.com/v1/forecast?latitude=-8.0476&longitude=-34.8770&current=temperature_2m,precipitation,rain&timezone=America%2FSao_Paulo
2026-04-06 22:56:57.723 -03:00 [INF] Start processing HTTP request GET https://geoportal.apac.pe.gov.br/server/rest/services/met_volume_acumulado_chuva_municipio_24hs/MapServer/0/query?where=nm_mun%20%3D%20%27Recife%27&outFields=nm_mun,horas_24,ultima_leitura_data_hora&returnGeometry=false&f=json
2026-04-06 22:56:57.726 -03:00 [INF] Sending HTTP request GET https://geoportal.apac.pe.gov.br/server/rest/services/met_volume_acumulado_chuva_municipio_24hs/MapServer/0/query?where=nm_mun%20%3D%20%27Recife%27&outFields=nm_mun,horas_24,ultima_leitura_data_hora&returnGeometry=false&f=json
2026-04-06 22:56:57.729 -03:00 [INF] Start processing HTTP request GET https://api.open-meteo.com/v1/forecast?latitude=-8.0476&longitude=-34.8770&current=temperature_2m,precipitation,rain&timezone=America%2FSao_Paulo
2026-04-06 22:56:57.732 -03:00 [INF] Sending HTTP request GET https://api.open-meteo.com/v1/forecast?latitude=-8.0476&longitude=-34.8770&current=temperature_2m,precipitation,rain&timezone=America%2FSao_Paulo
2026-04-06 22:56:57.805 -03:00 [INF] Received HTTP response headers after 117.2438ms - 200
2026-04-06 22:56:57.806 -03:00 [INF] Received HTTP response headers after 96.0056ms - 200
2026-04-06 22:56:57.814 -03:00 [INF] End processing HTTP request after 139.832ms - 200
2026-04-06 22:56:57.814 -03:00 [INF] End processing HTTP request after 107.2326ms - 200
2026-04-06 22:56:57.816 -03:00 [INF] Received HTTP response headers after 87.4056ms - 200
2026-04-06 22:56:57.824 -03:00 [INF] End processing HTTP request after 101.0267ms - 200
2026-04-06 22:56:58.698 -03:00 [INF] Received HTTP response headers after 978.5165ms - 200
2026-04-06 22:56:58.698 -03:00 [INF] Received HTTP response headers after 980.5599ms - 200
2026-04-06 22:56:58.699 -03:00 [INF] Received HTTP response headers after 964.2624ms - 200
2026-04-06 22:56:58.706 -03:00 [INF] End processing HTTP request after 995.6003ms - 200
2026-04-06 22:56:58.713 -03:00 [INF] End processing HTTP request after 1002.8398ms - 200
2026-04-06 22:56:58.719 -03:00 [INF] End processing HTTP request after 990.0176ms - 200
2026-04-06 22:56:58.745 -03:00 [INF] Start processing HTTP request GET https://api.open-meteo.com/v1/forecast?latitude=-8.0476&longitude=-34.8770&current=temperature_2m,precipitation,rain&hourly=precipitation,precipitation_probability,temperature_2m&forecast_hours=24&timezone=America%2FSao_Paulo
2026-04-06 22:56:58.745 -03:00 [INF] Start processing HTTP request GET https://api.open-meteo.com/v1/forecast?latitude=-8.0476&longitude=-34.8770&current=temperature_2m,precipitation,rain&hourly=precipitation,precipitation_probability,temperature_2m&forecast_hours=24&timezone=America%2FSao_Paulo
2026-04-06 22:56:58.745 -03:00 [INF] Start processing HTTP request GET https://api.open-meteo.com/v1/forecast?latitude=-8.0476&longitude=-34.8770&current=temperature_2m,precipitation,rain&hourly=precipitation,precipitation_probability,temperature_2m&forecast_hours=24&timezone=America%2FSao_Paulo
2026-04-06 22:56:58.750 -03:00 [INF] Sending HTTP request GET https://api.open-meteo.com/v1/forecast?latitude=-8.0476&longitude=-34.8770&current=temperature_2m,precipitation,rain&hourly=precipitation,precipitation_probability,temperature_2m&forecast_hours=24&timezone=America%2FSao_Paulo
2026-04-06 22:56:58.758 -03:00 [INF] Sending HTTP request GET https://api.open-meteo.com/v1/forecast?latitude=-8.0476&longitude=-34.8770&current=temperature_2m,precipitation,rain&hourly=precipitation,precipitation_probability,temperature_2m&forecast_hours=24&timezone=America%2FSao_Paulo
2026-04-06 22:56:58.762 -03:00 [INF] Sending HTTP request GET https://api.open-meteo.com/v1/forecast?latitude=-8.0476&longitude=-34.8770&current=temperature_2m,precipitation,rain&hourly=precipitation,precipitation_probability,temperature_2m&forecast_hours=24&timezone=America%2FSao_Paulo
2026-04-06 22:56:59.002 -03:00 [INF] Received HTTP response headers after 231.5469ms - 200
2026-04-06 22:56:59.002 -03:00 [INF] Received HTTP response headers after 236.5825ms - 200
2026-04-06 22:56:59.002 -03:00 [INF] Received HTTP response headers after 223.8997ms - 200
2026-04-06 22:56:59.005 -03:00 [INF] End processing HTTP request after 260.549ms - 200
2026-04-06 22:56:59.008 -03:00 [INF] End processing HTTP request after 263.3421ms - 200
2026-04-06 22:56:59.009 -03:00 [INF] End processing HTTP request after 264.0911ms - 200
2026-04-06 22:56:59.024 -03:00 [INF] Start processing HTTP request GET https://tabuamare.devtu.qzz.io/api/v2/tabua-mare/pe02/4/[6,7]
2026-04-06 22:56:59.024 -03:00 [INF] Start processing HTTP request GET https://tabuamare.devtu.qzz.io/api/v2/tabua-mare/pe02/4/[6,7]
2026-04-06 22:56:59.024 -03:00 [INF] Start processing HTTP request GET https://tabuamare.devtu.qzz.io/api/v2/tabua-mare/pe02/4/[6,7]
2026-04-06 22:56:59.030 -03:00 [INF] Sending HTTP request GET https://tabuamare.devtu.qzz.io/api/v2/tabua-mare/pe02/4/[6,7]
2026-04-06 22:56:59.033 -03:00 [INF] Sending HTTP request GET https://tabuamare.devtu.qzz.io/api/v2/tabua-mare/pe02/4/[6,7]
2026-04-06 22:56:59.038 -03:00 [INF] Sending HTTP request GET https://tabuamare.devtu.qzz.io/api/v2/tabua-mare/pe02/4/[6,7]
2026-04-06 22:56:59.414 -03:00 [INF] Received HTTP response headers after 369.5237ms - 200
2026-04-06 22:56:59.414 -03:00 [INF] Received HTTP response headers after 367.8514ms - 200
2026-04-06 22:56:59.417 -03:00 [INF] Received HTTP response headers after 368.6632ms - 200
2026-04-06 22:56:59.421 -03:00 [INF] End processing HTTP request after 397.0041ms - 200
2026-04-06 22:56:59.428 -03:00 [INF] End processing HTTP request after 404.3483ms - 200
2026-04-06 22:56:59.434 -03:00 [INF] End processing HTTP request after 409.6419ms - 200
2026-04-06 22:56:59.510 -03:00 [INF] Executing OkObjectResult, writing value of type 'HidroRec.Backend.Application.DTOs.Common.ApiResponse`1[[HidroRec.Backend.Application.DTOs.DataFusion.OperationalDataFusionSnapshotDto, HidroRec.Backend, Version=1.0.0.0, Culture=neutral, PublicKeyToken=null]]'.
2026-04-06 22:56:59.510 -03:00 [INF] Executing OkObjectResult, writing value of type 'HidroRec.Backend.Application.DTOs.Common.ApiResponse`1[[HidroRec.Backend.Application.DTOs.Previsoes.PrevisaoResumoDto, HidroRec.Backend, Version=1.0.0.0, Culture=neutral, PublicKeyToken=null]]'.
2026-04-06 22:56:59.527 -03:00 [INF] Executing OkObjectResult, writing value of type 'HidroRec.Backend.Application.DTOs.Common.ApiResponse`1[[HidroRec.Backend.Application.DTOs.Dashboard.DashboardResumoDto, HidroRec.Backend, Version=1.0.0.0, Culture=neutral, PublicKeyToken=null]]'.
2026-04-06 22:56:59.539 -03:00 [INF] Executed action HidroRec.Backend.Controllers.PrevisoesController.GetResumo (HidroRec.Backend) in 1890.8793ms
2026-04-06 22:56:59.539 -03:00 [INF] Executed action HidroRec.Backend.Controllers.DashboardController.GetOperationalSnapshot (HidroRec.Backend) in 1881.7826ms
2026-04-06 22:56:59.546 -03:00 [INF] Executed endpoint 'HidroRec.Backend.Controllers.DashboardController.GetOperationalSnapshot (HidroRec.Backend)'
2026-04-06 22:56:59.543 -03:00 [INF] Executed endpoint 'HidroRec.Backend.Controllers.PrevisoesController.GetResumo (HidroRec.Backend)'
2026-04-06 22:56:59.547 -03:00 [INF] Executed action HidroRec.Backend.Controllers.DashboardController.GetResumo (HidroRec.Backend) in 2133.5181ms
2026-04-06 22:56:59.551 -03:00 [INF] HTTP GET /api/previsoes responded 200 in 1918.4563 ms
2026-04-06 22:56:59.551 -03:00 [INF] HTTP GET /api/dashboard/operational-snapshot responded 200 in 1906.1098 ms
2026-04-06 22:56:59.552 -03:00 [INF] Executed endpoint 'HidroRec.Backend.Controllers.DashboardController.GetResumo (HidroRec.Backend)'
2026-04-06 22:56:59.560 -03:00 [INF] Request finished HTTP/1.1 GET http://localhost:8090/api/previsoes - 200 null application/json; charset=utf-8 1934.0737ms
2026-04-06 22:56:59.560 -03:00 [INF] Request finished HTTP/1.1 GET http://localhost:8090/api/dashboard/operational-snapshot?latitude=-8.0585&longitude=-34.8788&bairro=Centro - 200 null application/json; charset=utf-8 1925.63ms
2026-04-06 22:56:59.561 -03:00 [INF] HTTP GET /api/dashboard/resumo responded 200 in 2187.8093 ms
2026-04-06 22:56:59.578 -03:00 [INF] Request finished HTTP/1.1 GET http://localhost:8090/api/dashboard/resumo - 200 null application/json; charset=utf-8 2226.9083ms
2026-04-06 22:57:19.411 -03:00 [INF] Request starting HTTP/1.1 GET http://localhost:8090/index.html - null null
2026-04-06 22:57:19.425 -03:00 [INF] Sending file. Request path: '/index.html'. Physical path: 'C:\Users\ACPGROUP\Desktop\HTML PURO\hidrorec\frontend\index.html'
2026-04-06 22:57:19.426 -03:00 [INF] HTTP GET /index.html responded 200 in 9.8512 ms
2026-04-06 22:57:19.430 -03:00 [INF] Request finished HTTP/1.1 GET http://localhost:8090/index.html - 200 7638 text/html 18.8106ms
2026-04-06 22:57:19.609 -03:00 [INF] Request starting HTTP/1.1 GET http://localhost:8090/api/dashboard/operational-snapshot?bairro=Centro - null null
2026-04-06 22:57:19.614 -03:00 [INF] Executing endpoint 'HidroRec.Backend.Controllers.DashboardController.GetOperationalSnapshot (HidroRec.Backend)'
2026-04-06 22:57:19.616 -03:00 [INF] Route matched with {action = "GetOperationalSnapshot", controller = "Dashboard"}. Executing controller action with signature System.Threading.Tasks.Task`1[Microsoft.AspNetCore.Mvc.ActionResult`1[HidroRec.Backend.Application.DTOs.Common.ApiResponse`1[HidroRec.Backend.Application.DTOs.DataFusion.OperationalDataFusionSnapshotDto]]] GetOperationalSnapshot(System.Nullable`1[System.Decimal], System.Nullable`1[System.Decimal], System.String, System.Threading.CancellationToken) on controller HidroRec.Backend.Controllers.DashboardController (HidroRec.Backend).
2026-04-06 22:57:19.635 -03:00 [INF] Start processing HTTP request GET https://geoportal.apac.pe.gov.br/server/rest/services/met_volume_acumulado_chuva_municipio_24hs/MapServer/0/query?where=nm_mun%20%3D%20%27Recife%27&outFields=nm_mun,horas_24,ultima_leitura_data_hora&returnGeometry=false&f=json
2026-04-06 22:57:19.637 -03:00 [INF] Sending HTTP request GET https://geoportal.apac.pe.gov.br/server/rest/services/met_volume_acumulado_chuva_municipio_24hs/MapServer/0/query?where=nm_mun%20%3D%20%27Recife%27&outFields=nm_mun,horas_24,ultima_leitura_data_hora&returnGeometry=false&f=json
2026-04-06 22:57:19.640 -03:00 [INF] Start processing HTTP request GET https://api.open-meteo.com/v1/forecast?latitude=-8.0476&longitude=-34.8770&current=temperature_2m,precipitation,rain&timezone=America%2FSao_Paulo
2026-04-06 22:57:19.641 -03:00 [INF] Sending HTTP request GET https://api.open-meteo.com/v1/forecast?latitude=-8.0476&longitude=-34.8770&current=temperature_2m,precipitation,rain&timezone=America%2FSao_Paulo
2026-04-06 22:57:19.642 -03:00 [INF] Request starting HTTP/1.1 GET http://localhost:8090/previsoes.html - null null
2026-04-06 22:57:19.656 -03:00 [INF] Sending file. Request path: '/previsoes.html'. Physical path: 'C:\Users\ACPGROUP\Desktop\HTML PURO\hidrorec\frontend\previsoes.html'
2026-04-06 22:57:19.658 -03:00 [INF] HTTP GET /previsoes.html responded 200 in 11.5045 ms
2026-04-06 22:57:19.661 -03:00 [INF] Request finished HTTP/1.1 GET http://localhost:8090/previsoes.html - 200 3334 text/html 18.2085ms
2026-04-06 22:57:19.695 -03:00 [INF] Received HTTP response headers after 56.7782ms - 200
2026-04-06 22:57:19.699 -03:00 [INF] End processing HTTP request after 64.4604ms - 200
2026-04-06 22:57:19.881 -03:00 [INF] Received HTTP response headers after 238.2412ms - 200
2026-04-06 22:57:19.884 -03:00 [INF] End processing HTTP request after 244.3398ms - 200
2026-04-06 22:57:19.886 -03:00 [INF] Start processing HTTP request GET https://api.open-meteo.com/v1/forecast?latitude=-8.0476&longitude=-34.8770&current=temperature_2m,precipitation,rain&hourly=precipitation,precipitation_probability,temperature_2m&forecast_hours=24&timezone=America%2FSao_Paulo
2026-04-06 22:57:19.887 -03:00 [INF] Sending HTTP request GET https://api.open-meteo.com/v1/forecast?latitude=-8.0476&longitude=-34.8770&current=temperature_2m,precipitation,rain&hourly=precipitation,precipitation_probability,temperature_2m&forecast_hours=24&timezone=America%2FSao_Paulo
2026-04-06 22:57:20.095 -03:00 [INF] Received HTTP response headers after 205.9111ms - 200
2026-04-06 22:57:20.097 -03:00 [INF] End processing HTTP request after 211.6339ms - 200
2026-04-06 22:57:20.101 -03:00 [INF] Start processing HTTP request GET https://tabuamare.devtu.qzz.io/api/v2/tabua-mare/pe02/4/[6,7]
2026-04-06 22:57:20.104 -03:00 [INF] Sending HTTP request GET https://tabuamare.devtu.qzz.io/api/v2/tabua-mare/pe02/4/[6,7]
2026-04-06 22:57:20.272 -03:00 [INF] Received HTTP response headers after 164.4767ms - 200
2026-04-06 22:57:20.276 -03:00 [INF] End processing HTTP request after 174.8422ms - 200
2026-04-06 22:57:20.288 -03:00 [INF] Executing OkObjectResult, writing value of type 'HidroRec.Backend.Application.DTOs.Common.ApiResponse`1[[HidroRec.Backend.Application.DTOs.DataFusion.OperationalDataFusionSnapshotDto, HidroRec.Backend, Version=1.0.0.0, Culture=neutral, PublicKeyToken=null]]'.
2026-04-06 22:57:20.292 -03:00 [INF] Executed action HidroRec.Backend.Controllers.DashboardController.GetOperationalSnapshot (HidroRec.Backend) in 670.511ms
2026-04-06 22:57:20.296 -03:00 [INF] Executed endpoint 'HidroRec.Backend.Controllers.DashboardController.GetOperationalSnapshot (HidroRec.Backend)'
2026-04-06 22:57:20.298 -03:00 [INF] HTTP GET /api/dashboard/operational-snapshot responded 200 in 685.1756 ms
2026-04-06 22:57:20.303 -03:00 [INF] Request finished HTTP/1.1 GET http://localhost:8090/api/dashboard/operational-snapshot?bairro=Centro - 200 null application/json; charset=utf-8 694.01ms
