2026-04-06 22:58:19.288 -03:00 [INF] User profile is available. Using 'C:\Users\ACPGROUP\AppData\Local\ASP.NET\DataProtection-Keys' as key repository and Windows DPAPI to encrypt keys at rest.
2026-04-06 22:58:19.363 -03:00 [INF] Now listening on: http://localhost:8080
2026-04-06 22:58:19.366 -03:00 [INF] Application started. Press Ctrl+C to shut down.
2026-04-06 22:58:19.369 -03:00 [INF] Hosting environment: Development
2026-04-06 22:58:19.372 -03:00 [INF] Content root path: C:\Users\ACPGROUP\Desktop\HTML PURO\hidrorec\backend
2026-04-06 22:58:46.623 -03:00 [INF] Request starting HTTP/1.1 GET http://localhost:8080/ - null null
2026-04-06 22:58:46.779 -03:00 [INF] Executing endpoint 'HTTP: GET /'
2026-04-06 22:58:46.802 -03:00 [INF] Executed endpoint 'HTTP: GET /'
2026-04-06 22:58:46.808 -03:00 [INF] HTTP GET / responded 200 in 103.3329 ms
2026-04-06 22:58:46.817 -03:00 [INF] Request finished HTTP/1.1 GET http://localhost:8080/ - 200 null text/html; charset=utf-8 196.9011ms
2026-04-06 22:58:46.839 -03:00 [INF] Request starting HTTP/1.1 GET http://localhost:8080/css/components.css?v=20260406-2112 - null null
2026-04-06 22:58:46.839 -03:00 [INF] Request starting HTTP/1.1 GET http://localhost:8080/css/dashboard.css?v=20260406-2112 - null null
2026-04-06 22:58:46.839 -03:00 [INF] Request starting HTTP/1.1 GET http://localhost:8080/js/dashboard.js?v=20260406-2112 - null null
2026-04-06 22:58:46.864 -03:00 [INF] The file /css/components.css was not modified
2026-04-06 22:58:46.864 -03:00 [INF] The file /css/dashboard.css was not modified
2026-04-06 22:58:46.870 -03:00 [INF] HTTP GET /css/components.css responded 304 in 16.7962 ms
2026-04-06 22:58:46.872 -03:00 [INF] HTTP GET /css/dashboard.css responded 304 in 15.2334 ms
2026-04-06 22:58:46.875 -03:00 [INF] CORS policy execution successful.
2026-04-06 22:58:46.878 -03:00 [INF] Request finished HTTP/1.1 GET http://localhost:8080/css/components.css?v=20260406-2112 - 304 null text/css 38.6411ms
2026-04-06 22:58:46.880 -03:00 [INF] Request finished HTTP/1.1 GET http://localhost:8080/css/dashboard.css?v=20260406-2112 - 304 null text/css 41.5377ms
2026-04-06 22:58:46.884 -03:00 [INF] The file /js/dashboard.js was not modified
2026-04-06 22:58:46.902 -03:00 [INF] HTTP GET /js/dashboard.js responded 304 in 35.6081 ms
2026-04-06 22:58:46.908 -03:00 [INF] Request finished HTTP/1.1 GET http://localhost:8080/js/dashboard.js?v=20260406-2112 - 304 null text/javascript 69.4035ms
2026-04-06 22:58:46.955 -03:00 [INF] Request starting HTTP/1.1 GET http://localhost:8080/js/api.js - null null
2026-04-06 22:58:47.027 -03:00 [INF] CORS policy execution successful.
2026-04-06 22:58:47.031 -03:00 [INF] The file /js/api.js was not modified
2026-04-06 22:58:47.035 -03:00 [INF] HTTP GET /js/api.js responded 304 in 9.0671 ms
2026-04-06 22:58:47.040 -03:00 [INF] Request finished HTTP/1.1 GET http://localhost:8080/js/api.js - 304 null text/javascript 84.8149ms
2026-04-06 22:58:47.052 -03:00 [INF] Request starting HTTP/1.1 GET http://localhost:8080/api/dashboard/resumo - null null
2026-04-06 22:58:47.075 -03:00 [INF] Executing endpoint 'HidroRec.Backend.Controllers.DashboardController.GetResumo (HidroRec.Backend)'
2026-04-06 22:58:47.121 -03:00 [INF] Route matched with {action = "GetResumo", controller = "Dashboard"}. Executing controller action with signature System.Threading.Tasks.Task`1[Microsoft.AspNetCore.Mvc.ActionResult`1[HidroRec.Backend.Application.DTOs.Common.ApiResponse`1[HidroRec.Backend.Application.DTOs.Dashboard.DashboardResumoDto]]] GetResumo(System.Threading.CancellationToken) on controller HidroRec.Backend.Controllers.DashboardController (HidroRec.Backend).
2026-04-06 22:58:47.337 -03:00 [WRN] The query uses the 'First'/'FirstOrDefault' operator without 'OrderBy' and filter operators. This may lead to unpredictable results.
2026-04-06 22:58:47.855 -03:00 [INF] Start processing HTTP request GET https://geoportal.apac.pe.gov.br/server/rest/services/met_volume_acumulado_chuva_municipio_24hs/MapServer/0/query?where=nm_mun%20%3D%20%27Recife%27&outFields=nm_mun,horas_24,ultima_leitura_data_hora&returnGeometry=false&f=json
2026-04-06 22:58:47.861 -03:00 [INF] Sending HTTP request GET https://geoportal.apac.pe.gov.br/server/rest/services/met_volume_acumulado_chuva_municipio_24hs/MapServer/0/query?where=nm_mun%20%3D%20%27Recife%27&outFields=nm_mun,horas_24,ultima_leitura_data_hora&returnGeometry=false&f=json
2026-04-06 22:58:47.947 -03:00 [INF] Start processing HTTP request GET https://api.open-meteo.com/v1/forecast?latitude=-8.0476&longitude=-34.8770&current=temperature_2m,precipitation,rain&timezone=America%2FSao_Paulo
2026-04-06 22:58:47.952 -03:00 [INF] Sending HTTP request GET https://api.open-meteo.com/v1/forecast?latitude=-8.0476&longitude=-34.8770&current=temperature_2m,precipitation,rain&timezone=America%2FSao_Paulo
2026-04-06 22:58:48.090 -03:00 [INF] Received HTTP response headers after 219.3157ms - 200
2026-04-06 22:58:48.095 -03:00 [INF] End processing HTTP request after 245.0909ms - 200
2026-04-06 22:58:48.776 -03:00 [INF] Received HTTP response headers after 818.5944ms - 200
2026-04-06 22:58:48.779 -03:00 [INF] End processing HTTP request after 831.3581ms - 200
2026-04-06 22:58:48.820 -03:00 [INF] Start processing HTTP request GET https://api.open-meteo.com/v1/forecast?latitude=-8.0476&longitude=-34.8770&current=temperature_2m,precipitation,rain&hourly=precipitation,precipitation_probability,temperature_2m&forecast_hours=24&timezone=America%2FSao_Paulo
2026-04-06 22:58:48.827 -03:00 [INF] Sending HTTP request GET https://api.open-meteo.com/v1/forecast?latitude=-8.0476&longitude=-34.8770&current=temperature_2m,precipitation,rain&hourly=precipitation,precipitation_probability,temperature_2m&forecast_hours=24&timezone=America%2FSao_Paulo
2026-04-06 22:58:49.027 -03:00 [INF] Received HTTP response headers after 196.4025ms - 200
2026-04-06 22:58:49.032 -03:00 [INF] End processing HTTP request after 211.0908ms - 200
2026-04-06 22:58:49.078 -03:00 [INF] Start processing HTTP request GET https://tabuamare.devtu.qzz.io/api/v2/tabua-mare/pe02/4/[6,7]
2026-04-06 22:58:49.083 -03:00 [INF] Sending HTTP request GET https://tabuamare.devtu.qzz.io/api/v2/tabua-mare/pe02/4/[6,7]
2026-04-06 22:58:49.395 -03:00 [INF] Received HTTP response headers after 306.732ms - 200
2026-04-06 22:58:49.402 -03:00 [INF] End processing HTTP request after 323.9516ms - 200
2026-04-06 22:58:49.600 -03:00 [INF] Executing OkObjectResult, writing value of type 'HidroRec.Backend.Application.DTOs.Common.ApiResponse`1[[HidroRec.Backend.Application.DTOs.Dashboard.DashboardResumoDto, HidroRec.Backend, Version=1.0.0.0, Culture=neutral, PublicKeyToken=null]]'.
2026-04-06 22:58:49.698 -03:00 [INF] Executed action HidroRec.Backend.Controllers.DashboardController.GetResumo (HidroRec.Backend) in 2565.0262ms
2026-04-06 22:58:49.702 -03:00 [INF] Executed endpoint 'HidroRec.Backend.Controllers.DashboardController.GetResumo (HidroRec.Backend)'
2026-04-06 22:58:49.709 -03:00 [INF] HTTP GET /api/dashboard/resumo responded 200 in 2636.9254 ms
2026-04-06 22:58:49.724 -03:00 [INF] Request finished HTTP/1.1 GET http://localhost:8080/api/dashboard/resumo - 200 null application/json; charset=utf-8 2672.7627ms
2026-04-06 23:00:21.818 -03:00 [INF] Request starting HTTP/1.1 GET http://localhost:8080/alertas.html - null null
2026-04-06 23:00:21.837 -03:00 [INF] Sending file. Request path: '/alertas.html'. Physical path: 'C:\Users\ACPGROUP\Desktop\HTML PURO\hidrorec\frontend\alertas.html'
2026-04-06 23:00:21.843 -03:00 [INF] HTTP GET /alertas.html responded 200 in 9.7840 ms
2026-04-06 23:00:21.849 -03:00 [INF] Request finished HTTP/1.1 GET http://localhost:8080/alertas.html - 200 2833 text/html 30.4716ms
2026-04-06 23:00:21.860 -03:00 [INF] Request starting HTTP/1.1 GET http://localhost:8080/css/alertas.css?v=20260406-2112 - null null
2026-04-06 23:00:21.862 -03:00 [INF] Request starting HTTP/1.1 GET http://localhost:8080/js/alertas.js?v=20260406-2112 - null null
2026-04-06 23:00:21.871 -03:00 [INF] CORS policy execution successful.
2026-04-06 23:00:21.878 -03:00 [INF] Sending file. Request path: '/js/alertas.js'. Physical path: 'C:\Users\ACPGROUP\Desktop\HTML PURO\hidrorec\frontend\js\alertas.js'
2026-04-06 23:00:21.878 -03:00 [INF] Sending file. Request path: '/css/alertas.css'. Physical path: 'C:\Users\ACPGROUP\Desktop\HTML PURO\hidrorec\frontend\css\alertas.css'
2026-04-06 23:00:21.881 -03:00 [INF] HTTP GET /js/alertas.js responded 200 in 10.6532 ms
2026-04-06 23:00:21.894 -03:00 [INF] HTTP GET /css/alertas.css responded 200 in 28.0246 ms
2026-04-06 23:00:21.895 -03:00 [INF] Request starting HTTP/1.1 GET http://localhost:8080/api/alertas/ativos - null null
2026-04-06 23:00:21.899 -03:00 [INF] Request finished HTTP/1.1 GET http://localhost:8080/js/alertas.js?v=20260406-2112 - 200 1577 text/javascript 36.4014ms
2026-04-06 23:00:21.901 -03:00 [INF] Request finished HTTP/1.1 GET http://localhost:8080/css/alertas.css?v=20260406-2112 - 200 885 text/css 40.7797ms
2026-04-06 23:00:21.912 -03:00 [INF] Executing endpoint 'HidroRec.Backend.Controllers.AlertasController.GetAtivos (HidroRec.Backend)'
2026-04-06 23:00:21.928 -03:00 [INF] Route matched with {action = "GetAtivos", controller = "Alertas"}. Executing controller action with signature System.Threading.Tasks.Task`1[Microsoft.AspNetCore.Mvc.ActionResult`1[HidroRec.Backend.Application.DTOs.Common.ApiResponse`1[System.Collections.Generic.IReadOnlyCollection`1[HidroRec.Backend.Application.DTOs.Alertas.AlertaDto]]]] GetAtivos(System.String, System.Threading.CancellationToken) on controller HidroRec.Backend.Controllers.AlertasController (HidroRec.Backend).
2026-04-06 23:00:22.375 -03:00 [INF] Executing OkObjectResult, writing value of type 'HidroRec.Backend.Application.DTOs.Common.ApiResponse`1[[System.Collections.Generic.IReadOnlyCollection`1[[HidroRec.Backend.Application.DTOs.Alertas.AlertaDto, HidroRec.Backend, Version=1.0.0.0, Culture=neutral, PublicKeyToken=null]], System.Private.CoreLib, Version=8.0.0.0, Culture=neutral, PublicKeyToken=7cec85d7bea7798e]]'.
2026-04-06 23:00:22.395 -03:00 [INF] Executed action HidroRec.Backend.Controllers.AlertasController.GetAtivos (HidroRec.Backend) in 464.2178ms
2026-04-06 23:00:22.397 -03:00 [INF] Executed endpoint 'HidroRec.Backend.Controllers.AlertasController.GetAtivos (HidroRec.Backend)'
2026-04-06 23:00:22.402 -03:00 [INF] HTTP GET /api/alertas/ativos responded 200 in 495.3638 ms
2026-04-06 23:00:22.406 -03:00 [INF] Request finished HTTP/1.1 GET http://localhost:8080/api/alertas/ativos - 200 null application/json; charset=utf-8 511.139ms
2026-04-06 23:00:33.410 -03:00 [INF] Request starting HTTP/1.1 GET http://localhost:8080/reporte.html - null null
2026-04-06 23:00:33.417 -03:00 [INF] Sending file. Request path: '/reporte.html'. Physical path: 'C:\Users\ACPGROUP\Desktop\HTML PURO\hidrorec\frontend\reporte.html'
2026-04-06 23:00:33.422 -03:00 [INF] HTTP GET /reporte.html responded 200 in 7.4337 ms
2026-04-06 23:00:33.432 -03:00 [INF] Request finished HTTP/1.1 GET http://localhost:8080/reporte.html - 200 5968 text/html 22.6009ms
2026-04-06 23:00:33.443 -03:00 [INF] Request starting HTTP/1.1 GET http://localhost:8080/css/reporte.css?v=20260406-2042 - null null
2026-04-06 23:00:33.443 -03:00 [INF] Request starting HTTP/1.1 GET http://localhost:8080/js/reporte.js?v=20260406-2042 - null null
2026-04-06 23:00:33.456 -03:00 [INF] CORS policy execution successful.
2026-04-06 23:00:33.477 -03:00 [INF] Sending file. Request path: '/css/reporte.css'. Physical path: 'C:\Users\ACPGROUP\Desktop\HTML PURO\hidrorec\frontend\css\reporte.css'
2026-04-06 23:00:33.481 -03:00 [INF] HTTP GET /css/reporte.css responded 200 in 31.5039 ms
2026-04-06 23:00:33.486 -03:00 [INF] Request finished HTTP/1.1 GET http://localhost:8080/css/reporte.css?v=20260406-2042 - 200 2557 text/css 43.0489ms
2026-04-06 23:00:33.544 -03:00 [INF] Sending file. Request path: '/js/reporte.js'. Physical path: 'C:\Users\ACPGROUP\Desktop\HTML PURO\hidrorec\frontend\js\reporte.js'
2026-04-06 23:00:33.546 -03:00 [INF] HTTP GET /js/reporte.js responded 200 in 90.0019 ms
2026-04-06 23:00:33.551 -03:00 [INF] Request finished HTTP/1.1 GET http://localhost:8080/js/reporte.js?v=20260406-2042 - 200 3864 text/javascript 107.4782ms
2026-04-06 23:00:43.614 -03:00 [INF] Request starting HTTP/1.1 GET http://localhost:8080/index.html - null null
2026-04-06 23:00:43.639 -03:00 [INF] The file /index.html was not modified
2026-04-06 23:00:43.641 -03:00 [INF] HTTP GET /index.html responded 304 in 5.8693 ms
2026-04-06 23:00:43.646 -03:00 [INF] Request finished HTTP/1.1 GET http://localhost:8080/index.html - 304 null text/html 31.9212ms
2026-04-06 23:00:43.671 -03:00 [INF] Request starting HTTP/1.1 GET http://localhost:8080/api/dashboard/resumo - null null
2026-04-06 23:00:43.679 -03:00 [INF] Executing endpoint 'HidroRec.Backend.Controllers.DashboardController.GetResumo (HidroRec.Backend)'
2026-04-06 23:00:43.681 -03:00 [INF] Route matched with {action = "GetResumo", controller = "Dashboard"}. Executing controller action with signature System.Threading.Tasks.Task`1[Microsoft.AspNetCore.Mvc.ActionResult`1[HidroRec.Backend.Application.DTOs.Common.ApiResponse`1[HidroRec.Backend.Application.DTOs.Dashboard.DashboardResumoDto]]] GetResumo(System.Threading.CancellationToken) on controller HidroRec.Backend.Controllers.DashboardController (HidroRec.Backend).
2026-04-06 23:00:43.742 -03:00 [INF] Start processing HTTP request GET https://geoportal.apac.pe.gov.br/server/rest/services/met_volume_acumulado_chuva_municipio_24hs/MapServer/0/query?where=nm_mun%20%3D%20%27Recife%27&outFields=nm_mun,horas_24,ultima_leitura_data_hora&returnGeometry=false&f=json
2026-04-06 23:00:43.745 -03:00 [INF] Sending HTTP request GET https://geoportal.apac.pe.gov.br/server/rest/services/met_volume_acumulado_chuva_municipio_24hs/MapServer/0/query?where=nm_mun%20%3D%20%27Recife%27&outFields=nm_mun,horas_24,ultima_leitura_data_hora&returnGeometry=false&f=json
2026-04-06 23:00:43.749 -03:00 [INF] Start processing HTTP request GET https://api.open-meteo.com/v1/forecast?latitude=-8.0476&longitude=-34.8770&current=temperature_2m,precipitation,rain&timezone=America%2FSao_Paulo
2026-04-06 23:00:43.753 -03:00 [INF] Sending HTTP request GET https://api.open-meteo.com/v1/forecast?latitude=-8.0476&longitude=-34.8770&current=temperature_2m,precipitation,rain&timezone=America%2FSao_Paulo
2026-04-06 23:00:43.815 -03:00 [INF] Received HTTP response headers after 66.207ms - 200
2026-04-06 23:00:43.820 -03:00 [INF] End processing HTTP request after 78.7938ms - 200
2026-04-06 23:00:45.309 -03:00 [INF] Received HTTP response headers after 1551.9867ms - 200
2026-04-06 23:00:45.316 -03:00 [INF] End processing HTTP request after 1567.1001ms - 200
2026-04-06 23:00:45.324 -03:00 [INF] Start processing HTTP request GET https://api.open-meteo.com/v1/forecast?latitude=-8.0476&longitude=-34.8770&current=temperature_2m,precipitation,rain&hourly=precipitation,precipitation_probability,temperature_2m&forecast_hours=24&timezone=America%2FSao_Paulo
2026-04-06 23:00:45.331 -03:00 [INF] Sending HTTP request GET https://api.open-meteo.com/v1/forecast?latitude=-8.0476&longitude=-34.8770&current=temperature_2m,precipitation,rain&hourly=precipitation,precipitation_probability,temperature_2m&forecast_hours=24&timezone=America%2FSao_Paulo
2026-04-06 23:00:46.367 -03:00 [INF] Received HTTP response headers after 1032.664ms - 200
2026-04-06 23:00:46.370 -03:00 [INF] End processing HTTP request after 1045.9397ms - 200
2026-04-06 23:00:46.372 -03:00 [INF] Start processing HTTP request GET https://tabuamare.devtu.qzz.io/api/v2/tabua-mare/pe02/4/[6,7]
2026-04-06 23:00:46.375 -03:00 [INF] Sending HTTP request GET https://tabuamare.devtu.qzz.io/api/v2/tabua-mare/pe02/4/[6,7]
2026-04-06 23:00:47.052 -03:00 [INF] Received HTTP response headers after 674.8728ms - 200
2026-04-06 23:00:47.055 -03:00 [INF] End processing HTTP request after 682.9215ms - 200
2026-04-06 23:00:47.073 -03:00 [INF] Executing OkObjectResult, writing value of type 'HidroRec.Backend.Application.DTOs.Common.ApiResponse`1[[HidroRec.Backend.Application.DTOs.Dashboard.DashboardResumoDto, HidroRec.Backend, Version=1.0.0.0, Culture=neutral, PublicKeyToken=null]]'.
2026-04-06 23:00:47.078 -03:00 [INF] Executed action HidroRec.Backend.Controllers.DashboardController.GetResumo (HidroRec.Backend) in 3389.9289ms
2026-04-06 23:00:47.082 -03:00 [INF] Executed endpoint 'HidroRec.Backend.Controllers.DashboardController.GetResumo (HidroRec.Backend)'
2026-04-06 23:00:47.084 -03:00 [INF] HTTP GET /api/dashboard/resumo responded 200 in 3405.6124 ms
2026-04-06 23:00:47.093 -03:00 [INF] Request finished HTTP/1.1 GET http://localhost:8080/api/dashboard/resumo - 200 null application/json; charset=utf-8 3421.6795ms
2026-04-06 23:01:05.548 -03:00 [INF] Request starting HTTP/1.1 GET http://localhost:8080/api/dashboard/resumo - null null
2026-04-06 23:01:05.557 -03:00 [INF] Executing endpoint 'HidroRec.Backend.Controllers.DashboardController.GetResumo (HidroRec.Backend)'
2026-04-06 23:01:05.570 -03:00 [INF] Route matched with {action = "GetResumo", controller = "Dashboard"}. Executing controller action with signature System.Threading.Tasks.Task`1[Microsoft.AspNetCore.Mvc.ActionResult`1[HidroRec.Backend.Application.DTOs.Common.ApiResponse`1[HidroRec.Backend.Application.DTOs.Dashboard.DashboardResumoDto]]] GetResumo(System.Threading.CancellationToken) on controller HidroRec.Backend.Controllers.DashboardController (HidroRec.Backend).
2026-04-06 23:01:05.627 -03:00 [INF] Start processing HTTP request GET https://geoportal.apac.pe.gov.br/server/rest/services/met_volume_acumulado_chuva_municipio_24hs/MapServer/0/query?where=nm_mun%20%3D%20%27Recife%27&outFields=nm_mun,horas_24,ultima_leitura_data_hora&returnGeometry=false&f=json
2026-04-06 23:01:05.630 -03:00 [INF] Sending HTTP request GET https://geoportal.apac.pe.gov.br/server/rest/services/met_volume_acumulado_chuva_municipio_24hs/MapServer/0/query?where=nm_mun%20%3D%20%27Recife%27&outFields=nm_mun,horas_24,ultima_leitura_data_hora&returnGeometry=false&f=json
2026-04-06 23:01:05.636 -03:00 [INF] Start processing HTTP request GET https://api.open-meteo.com/v1/forecast?latitude=-8.0476&longitude=-34.8770&current=temperature_2m,precipitation,rain&timezone=America%2FSao_Paulo
2026-04-06 23:01:05.640 -03:00 [INF] Sending HTTP request GET https://api.open-meteo.com/v1/forecast?latitude=-8.0476&longitude=-34.8770&current=temperature_2m,precipitation,rain&timezone=America%2FSao_Paulo
2026-04-06 23:01:05.690 -03:00 [INF] Received HTTP response headers after 56.1075ms - 200
2026-04-06 23:01:05.695 -03:00 [INF] End processing HTTP request after 68.1509ms - 200
2026-04-06 23:01:06.776 -03:00 [INF] Received HTTP response headers after 1132.8029ms - 200
2026-04-06 23:01:06.780 -03:00 [INF] End processing HTTP request after 1144.0927ms - 200
2026-04-06 23:01:06.786 -03:00 [INF] Start processing HTTP request GET https://api.open-meteo.com/v1/forecast?latitude=-8.0476&longitude=-34.8770&current=temperature_2m,precipitation,rain&hourly=precipitation,precipitation_probability,temperature_2m&forecast_hours=24&timezone=America%2FSao_Paulo
2026-04-06 23:01:06.790 -03:00 [INF] Sending HTTP request GET https://api.open-meteo.com/v1/forecast?latitude=-8.0476&longitude=-34.8770&current=temperature_2m,precipitation,rain&hourly=precipitation,precipitation_probability,temperature_2m&forecast_hours=24&timezone=America%2FSao_Paulo
2026-04-06 23:01:07.324 -03:00 [INF] Received HTTP response headers after 530.0129ms - 200
2026-04-06 23:01:07.329 -03:00 [INF] End processing HTTP request after 543.127ms - 200
2026-04-06 23:01:07.343 -03:00 [INF] Start processing HTTP request GET https://tabuamare.devtu.qzz.io/api/v2/tabua-mare/pe02/4/[6,7]
2026-04-06 23:01:07.349 -03:00 [INF] Sending HTTP request GET https://tabuamare.devtu.qzz.io/api/v2/tabua-mare/pe02/4/[6,7]
2026-04-06 23:01:07.651 -03:00 [INF] Received HTTP response headers after 296.7012ms - 200
2026-04-06 23:01:07.655 -03:00 [INF] End processing HTTP request after 312.7306ms - 200
2026-04-06 23:01:07.672 -03:00 [INF] Executing OkObjectResult, writing value of type 'HidroRec.Backend.Application.DTOs.Common.ApiResponse`1[[HidroRec.Backend.Application.DTOs.Dashboard.DashboardResumoDto, HidroRec.Backend, Version=1.0.0.0, Culture=neutral, PublicKeyToken=null]]'.
2026-04-06 23:01:07.679 -03:00 [INF] Executed action HidroRec.Backend.Controllers.DashboardController.GetResumo (HidroRec.Backend) in 2102.955ms
2026-04-06 23:01:07.682 -03:00 [INF] Executed endpoint 'HidroRec.Backend.Controllers.DashboardController.GetResumo (HidroRec.Backend)'
2026-04-06 23:01:07.686 -03:00 [INF] HTTP GET /api/dashboard/resumo responded 200 in 2128.5929 ms
2026-04-06 23:01:07.691 -03:00 [INF] Request finished HTTP/1.1 GET http://localhost:8080/api/dashboard/resumo - 200 null application/json; charset=utf-8 2142.5783ms
2026-04-06 23:08:07.482 -03:00 [INF] User profile is available. Using 'C:\Users\ACPGROUP\AppData\Local\ASP.NET\DataProtection-Keys' as key repository and Windows DPAPI to encrypt keys at rest.
2026-04-06 23:08:07.573 -03:00 [INF] Now listening on: http://localhost:8090
2026-04-06 23:08:07.576 -03:00 [INF] Application started. Press Ctrl+C to shut down.
2026-04-06 23:08:07.581 -03:00 [INF] Hosting environment: Development
2026-04-06 23:08:07.589 -03:00 [INF] Content root path: C:\Users\ACPGROUP\Desktop\HTML PURO\hidrorec\backend
2026-04-06 23:08:08.847 -03:00 [INF] Request starting HTTP/1.1 GET http://localhost:8090/api/dashboard/operational-snapshot?latitude=-8.0585&longitude=-34.8788&bairro=Centro - null null
2026-04-06 23:08:08.847 -03:00 [INF] Request starting HTTP/1.1 GET http://localhost:8090/index.html - null null
2026-04-06 23:08:08.903 -03:00 [INF] Sending file. Request path: '/index.html'. Physical path: 'C:\Users\ACPGROUP\Desktop\HTML PURO\hidrorec\frontend\index.html'
2026-04-06 23:08:08.905 -03:00 [INF] Executing endpoint 'HidroRec.Backend.Controllers.DashboardController.GetOperationalSnapshot (HidroRec.Backend)'
2026-04-06 23:08:08.913 -03:00 [INF] HTTP GET /index.html responded 200 in 35.5662 ms
2026-04-06 23:08:08.922 -03:00 [INF] Request finished HTTP/1.1 GET http://localhost:8090/index.html - 200 7638 text/html 76.2561ms
2026-04-06 23:08:08.930 -03:00 [INF] Route matched with {action = "GetOperationalSnapshot", controller = "Dashboard"}. Executing controller action with signature System.Threading.Tasks.Task`1[Microsoft.AspNetCore.Mvc.ActionResult`1[HidroRec.Backend.Application.DTOs.Common.ApiResponse`1[HidroRec.Backend.Application.DTOs.DataFusion.OperationalDataFusionSnapshotDto]]] GetOperationalSnapshot(System.Nullable`1[System.Decimal], System.Nullable`1[System.Decimal], System.String, System.Threading.CancellationToken) on controller HidroRec.Backend.Controllers.DashboardController (HidroRec.Backend).
2026-04-06 23:08:09.008 -03:00 [INF] Start processing HTTP request GET https://geoportal.apac.pe.gov.br/server/rest/services/met_volume_acumulado_chuva_municipio_24hs/MapServer/0/query?where=nm_mun%20%3D%20%27Recife%27&outFields=nm_mun,horas_24,ultima_leitura_data_hora&returnGeometry=false&f=json
2026-04-06 23:08:09.013 -03:00 [INF] Sending HTTP request GET https://geoportal.apac.pe.gov.br/server/rest/services/met_volume_acumulado_chuva_municipio_24hs/MapServer/0/query?where=nm_mun%20%3D%20%27Recife%27&outFields=nm_mun,horas_24,ultima_leitura_data_hora&returnGeometry=false&f=json
2026-04-06 23:08:09.061 -03:00 [INF] Start processing HTTP request GET https://api.open-meteo.com/v1/forecast?latitude=-8.0476&longitude=-34.8770&current=temperature_2m,precipitation,rain&timezone=America%2FSao_Paulo
2026-04-06 23:08:09.064 -03:00 [INF] Sending HTTP request GET https://api.open-meteo.com/v1/forecast?latitude=-8.0476&longitude=-34.8770&current=temperature_2m,precipitation,rain&timezone=America%2FSao_Paulo
2026-04-06 23:08:09.352 -03:00 [INF] Received HTTP response headers after 332.4628ms - 200
2026-04-06 23:08:09.355 -03:00 [INF] End processing HTTP request after 348.6098ms - 200
2026-04-06 23:08:10.231 -03:00 [INF] Received HTTP response headers after 1164.1467ms - 200
2026-04-06 23:08:10.244 -03:00 [INF] End processing HTTP request after 1182.8489ms - 200
2026-04-06 23:08:10.266 -03:00 [INF] Start processing HTTP request GET https://api.open-meteo.com/v1/forecast?latitude=-8.0476&longitude=-34.8770&current=temperature_2m,precipitation,rain&hourly=precipitation,precipitation_probability,temperature_2m&forecast_hours=24&timezone=America%2FSao_Paulo
2026-04-06 23:08:10.274 -03:00 [INF] Sending HTTP request GET https://api.open-meteo.com/v1/forecast?latitude=-8.0476&longitude=-34.8770&current=temperature_2m,precipitation,rain&hourly=precipitation,precipitation_probability,temperature_2m&forecast_hours=24&timezone=America%2FSao_Paulo
2026-04-06 23:08:10.478 -03:00 [INF] Received HTTP response headers after 196.2022ms - 200
2026-04-06 23:08:10.482 -03:00 [INF] End processing HTTP request after 216.2816ms - 200
2026-04-06 23:08:10.497 -03:00 [INF] Start processing HTTP request GET https://tabuamare.devtu.qzz.io/api/v2/tabua-mare/pe02/4/[6,7]
2026-04-06 23:08:10.505 -03:00 [INF] Sending HTTP request GET https://tabuamare.devtu.qzz.io/api/v2/tabua-mare/pe02/4/[6,7]
2026-04-06 23:08:11.026 -03:00 [INF] Received HTTP response headers after 517.4103ms - 200
2026-04-06 23:08:11.030 -03:00 [INF] End processing HTTP request after 532.9844ms - 200
2026-04-06 23:08:11.250 -03:00 [ERR] Failed executing DbCommand (23ms) [Parameters=[@p0='?' (DbType = Guid), @p1='?' (Size = 4000), @p2='?' (DbType = DateTime2), @p3='?' (DbType = DateTime2), @p4='?' (Size = 450), @p5='?' (DbType = Boolean), @p6='?' (Size = 4000), @p7='?' (Size = 450)], CommandType='"Text"', CommandTimeout='30']
SET IMPLICIT_TRANSACTIONS OFF;
SET NOCOUNT ON;
INSERT INTO [LogsSistema] ([Id], [Contexto], [DataAtualizacao], [DataCriacao], [Evento], [Excluido], [Mensagem], [Nivel])
VALUES (@p0, @p1, @p2, @p3, @p4, @p5, @p6, @p7);
2026-04-06 23:08:11.272 -03:00 [ERR] An exception occurred in the database while saving changes for context type 'HidroRec.Backend.Infrastructure.Data.HidroRecDbContext'.
Microsoft.EntityFrameworkCore.DbUpdateException: An error occurred while saving the entity changes. See the inner exception for details.
 ---> Microsoft.Data.SqlClient.SqlException (0x80131904): String or binary data would be truncated in table 'HidroRecDbDev.dbo.LogsSistema', column 'Contexto'. Truncated value: 'data-fusion::{"TraceId":"044969D1026D","DataQualityScore":87.00,"Location":{"AreaMonitoradaId":2,"La'.
The statement has been terminated.
   at Microsoft.Data.SqlClient.SqlCommand.<>c.<ExecuteDbDataReaderAsync>b__211_0(Task`1 result)
   at System.Threading.Tasks.ContinuationResultTaskFromResultTask`2.InnerInvoke()
   at System.Threading.ExecutionContext.RunInternal(ExecutionContext executionContext, ContextCallback callback, Object state)
--- End of stack trace from previous location ---
   at System.Threading.ExecutionContext.RunInternal(ExecutionContext executionContext, ContextCallback callback, Object state)
   at System.Threading.Tasks.Task.ExecuteWithThreadLocal(Task& currentTaskSlot, Thread threadPoolThread)
--- End of stack trace from previous location ---
   at Microsoft.EntityFrameworkCore.Storage.RelationalCommand.ExecuteReaderAsync(RelationalCommandParameterObject parameterObject, CancellationToken cancellationToken)
   at Microsoft.EntityFrameworkCore.Storage.RelationalCommand.ExecuteReaderAsync(RelationalCommandParameterObject parameterObject, CancellationToken cancellationToken)
   at Microsoft.EntityFrameworkCore.Update.ReaderModificationCommandBatch.ExecuteAsync(IRelationalConnection connection, CancellationToken cancellationToken)
ClientConnectionId:8ebc47d5-fec6-43c9-84f1-1915cca16214
Error Number:2628,State:1,Class:16
   --- End of inner exception stack trace ---
   at Microsoft.EntityFrameworkCore.Update.ReaderModificationCommandBatch.ExecuteAsync(IRelationalConnection connection, CancellationToken cancellationToken)
   at Microsoft.EntityFrameworkCore.SqlServer.Update.Internal.SqlServerModificationCommandBatch.ExecuteAsync(IRelationalConnection connection, CancellationToken cancellationToken)
   at Microsoft.EntityFrameworkCore.Update.Internal.BatchExecutor.ExecuteAsync(IEnumerable`1 commandBatches, IRelationalConnection connection, CancellationToken cancellationToken)
   at Microsoft.EntityFrameworkCore.Update.Internal.BatchExecutor.ExecuteAsync(IEnumerable`1 commandBatches, IRelationalConnection connection, CancellationToken cancellationToken)
   at Microsoft.EntityFrameworkCore.Update.Internal.BatchExecutor.ExecuteAsync(IEnumerable`1 commandBatches, IRelationalConnection connection, CancellationToken cancellationToken)
   at Microsoft.EntityFrameworkCore.ChangeTracking.Internal.StateManager.SaveChangesAsync(IList`1 entriesToSave, CancellationToken cancellationToken)
   at Microsoft.EntityFrameworkCore.ChangeTracking.Internal.StateManager.SaveChangesAsync(StateManager stateManager, Boolean acceptAllChangesOnSuccess, CancellationToken cancellationToken)
   at Microsoft.EntityFrameworkCore.Storage.ExecutionStrategy.<>c__DisplayClass30_0`2.<<ExecuteAsync>b__0>d.MoveNext()
--- End of stack trace from previous location ---
   at Microsoft.EntityFrameworkCore.Storage.ExecutionStrategy.ExecuteImplementationAsync[TState,TResult](Func`4 operation, Func`4 verifySucceeded, TState state, CancellationToken cancellationToken)
   at Microsoft.EntityFrameworkCore.Storage.ExecutionStrategy.ExecuteImplementationAsync[TState,TResult](Func`4 operation, Func`4 verifySucceeded, TState state, CancellationToken cancellationToken)
   at Microsoft.EntityFrameworkCore.Storage.ExecutionStrategy.ExecuteAsync[TState,TResult](TState state, Func`4 operation, Func`4 verifySucceeded, CancellationToken cancellationToken)
   at Microsoft.EntityFrameworkCore.DbContext.SaveChangesAsync(Boolean acceptAllChangesOnSuccess, CancellationToken cancellationToken)
Microsoft.EntityFrameworkCore.DbUpdateException: An error occurred while saving the entity changes. See the inner exception for details.
 ---> Microsoft.Data.SqlClient.SqlException (0x80131904): String or binary data would be truncated in table 'HidroRecDbDev.dbo.LogsSistema', column 'Contexto'. Truncated value: 'data-fusion::{"TraceId":"044969D1026D","DataQualityScore":87.00,"Location":{"AreaMonitoradaId":2,"La'.
The statement has been terminated.
   at Microsoft.Data.SqlClient.SqlCommand.<>c.<ExecuteDbDataReaderAsync>b__211_0(Task`1 result)
   at System.Threading.Tasks.ContinuationResultTaskFromResultTask`2.InnerInvoke()
   at System.Threading.ExecutionContext.RunInternal(ExecutionContext executionContext, ContextCallback callback, Object state)
--- End of stack trace from previous location ---
   at System.Threading.ExecutionContext.RunInternal(ExecutionContext executionContext, ContextCallback callback, Object state)
   at System.Threading.Tasks.Task.ExecuteWithThreadLocal(Task& currentTaskSlot, Thread threadPoolThread)
--- End of stack trace from previous location ---
   at Microsoft.EntityFrameworkCore.Storage.RelationalCommand.ExecuteReaderAsync(RelationalCommandParameterObject parameterObject, CancellationToken cancellationToken)
   at Microsoft.EntityFrameworkCore.Storage.RelationalCommand.ExecuteReaderAsync(RelationalCommandParameterObject parameterObject, CancellationToken cancellationToken)
   at Microsoft.EntityFrameworkCore.Update.ReaderModificationCommandBatch.ExecuteAsync(IRelationalConnection connection, CancellationToken cancellationToken)
ClientConnectionId:8ebc47d5-fec6-43c9-84f1-1915cca16214
Error Number:2628,State:1,Class:16
   --- End of inner exception stack trace ---
   at Microsoft.EntityFrameworkCore.Update.ReaderModificationCommandBatch.ExecuteAsync(IRelationalConnection connection, CancellationToken cancellationToken)
   at Microsoft.EntityFrameworkCore.SqlServer.Update.Internal.SqlServerModificationCommandBatch.ExecuteAsync(IRelationalConnection connection, CancellationToken cancellationToken)
   at Microsoft.EntityFrameworkCore.Update.Internal.BatchExecutor.ExecuteAsync(IEnumerable`1 commandBatches, IRelationalConnection connection, CancellationToken cancellationToken)
   at Microsoft.EntityFrameworkCore.Update.Internal.BatchExecutor.ExecuteAsync(IEnumerable`1 commandBatches, IRelationalConnection connection, CancellationToken cancellationToken)
   at Microsoft.EntityFrameworkCore.Update.Internal.BatchExecutor.ExecuteAsync(IEnumerable`1 commandBatches, IRelationalConnection connection, CancellationToken cancellationToken)
   at Microsoft.EntityFrameworkCore.ChangeTracking.Internal.StateManager.SaveChangesAsync(IList`1 entriesToSave, CancellationToken cancellationToken)
   at Microsoft.EntityFrameworkCore.ChangeTracking.Internal.StateManager.SaveChangesAsync(StateManager stateManager, Boolean acceptAllChangesOnSuccess, CancellationToken cancellationToken)
   at Microsoft.EntityFrameworkCore.Storage.ExecutionStrategy.<>c__DisplayClass30_0`2.<<ExecuteAsync>b__0>d.MoveNext()
--- End of stack trace from previous location ---
   at Microsoft.EntityFrameworkCore.Storage.ExecutionStrategy.ExecuteImplementationAsync[TState,TResult](Func`4 operation, Func`4 verifySucceeded, TState state, CancellationToken cancellationToken)
   at Microsoft.EntityFrameworkCore.Storage.ExecutionStrategy.ExecuteImplementationAsync[TState,TResult](Func`4 operation, Func`4 verifySucceeded, TState state, CancellationToken cancellationToken)
   at Microsoft.EntityFrameworkCore.Storage.ExecutionStrategy.ExecuteAsync[TState,TResult](TState state, Func`4 operation, Func`4 verifySucceeded, CancellationToken cancellationToken)
   at Microsoft.EntityFrameworkCore.DbContext.SaveChangesAsync(Boolean acceptAllChangesOnSuccess, CancellationToken cancellationToken)
2026-04-06 23:08:11.297 -03:00 [WRN] Falha ao registrar rastreamento de data fusion.
Microsoft.EntityFrameworkCore.DbUpdateException: An error occurred while saving the entity changes. See the inner exception for details.
 ---> Microsoft.Data.SqlClient.SqlException (0x80131904): String or binary data would be truncated in table 'HidroRecDbDev.dbo.LogsSistema', column 'Contexto'. Truncated value: 'data-fusion::{"TraceId":"044969D1026D","DataQualityScore":87.00,"Location":{"AreaMonitoradaId":2,"La'.
The statement has been terminated.
   at Microsoft.Data.SqlClient.SqlCommand.<>c.<ExecuteDbDataReaderAsync>b__211_0(Task`1 result)
   at System.Threading.Tasks.ContinuationResultTaskFromResultTask`2.InnerInvoke()
   at System.Threading.ExecutionContext.RunInternal(ExecutionContext executionContext, ContextCallback callback, Object state)
--- End of stack trace from previous location ---
   at System.Threading.ExecutionContext.RunInternal(ExecutionContext executionContext, ContextCallback callback, Object state)
   at System.Threading.Tasks.Task.ExecuteWithThreadLocal(Task& currentTaskSlot, Thread threadPoolThread)
--- End of stack trace from previous location ---
   at Microsoft.EntityFrameworkCore.Storage.RelationalCommand.ExecuteReaderAsync(RelationalCommandParameterObject parameterObject, CancellationToken cancellationToken)
   at Microsoft.EntityFrameworkCore.Storage.RelationalCommand.ExecuteReaderAsync(RelationalCommandParameterObject parameterObject, CancellationToken cancellationToken)
   at Microsoft.EntityFrameworkCore.Update.ReaderModificationCommandBatch.ExecuteAsync(IRelationalConnection connection, CancellationToken cancellationToken)
ClientConnectionId:8ebc47d5-fec6-43c9-84f1-1915cca16214
Error Number:2628,State:1,Class:16
   --- End of inner exception stack trace ---
   at Microsoft.EntityFrameworkCore.Update.ReaderModificationCommandBatch.ExecuteAsync(IRelationalConnection connection, CancellationToken cancellationToken)
   at Microsoft.EntityFrameworkCore.SqlServer.Update.Internal.SqlServerModificationCommandBatch.ExecuteAsync(IRelationalConnection connection, CancellationToken cancellationToken)
   at Microsoft.EntityFrameworkCore.Update.Internal.BatchExecutor.ExecuteAsync(IEnumerable`1 commandBatches, IRelationalConnection connection, CancellationToken cancellationToken)
   at Microsoft.EntityFrameworkCore.Update.Internal.BatchExecutor.ExecuteAsync(IEnumerable`1 commandBatches, IRelationalConnection connection, CancellationToken cancellationToken)
   at Microsoft.EntityFrameworkCore.Update.Internal.BatchExecutor.ExecuteAsync(IEnumerable`1 commandBatches, IRelationalConnection connection, CancellationToken cancellationToken)
   at Microsoft.EntityFrameworkCore.ChangeTracking.Internal.StateManager.SaveChangesAsync(IList`1 entriesToSave, CancellationToken cancellationToken)
   at Microsoft.EntityFrameworkCore.ChangeTracking.Internal.StateManager.SaveChangesAsync(StateManager stateManager, Boolean acceptAllChangesOnSuccess, CancellationToken cancellationToken)
   at Microsoft.EntityFrameworkCore.Storage.ExecutionStrategy.<>c__DisplayClass30_0`2.<<ExecuteAsync>b__0>d.MoveNext()
--- End of stack trace from previous location ---
   at Microsoft.EntityFrameworkCore.Storage.ExecutionStrategy.ExecuteImplementationAsync[TState,TResult](Func`4 operation, Func`4 verifySucceeded, TState state, CancellationToken cancellationToken)
   at Microsoft.EntityFrameworkCore.Storage.ExecutionStrategy.ExecuteImplementationAsync[TState,TResult](Func`4 operation, Func`4 verifySucceeded, TState state, CancellationToken cancellationToken)
   at Microsoft.EntityFrameworkCore.Storage.ExecutionStrategy.ExecuteAsync[TState,TResult](TState state, Func`4 operation, Func`4 verifySucceeded, CancellationToken cancellationToken)
   at Microsoft.EntityFrameworkCore.DbContext.SaveChangesAsync(Boolean acceptAllChangesOnSuccess, CancellationToken cancellationToken)
   at Microsoft.EntityFrameworkCore.DbContext.SaveChangesAsync(Boolean acceptAllChangesOnSuccess, CancellationToken cancellationToken)
   at HidroRec.Backend.Application.Services.DataFusionService.TrackSnapshotAsync(OperationalDataFusionSnapshotDto snapshot, CancellationToken cancellationToken) in C:\Users\ACPGROUP\Desktop\HTML PURO\hidrorec\backend\Application\Services\DataFusionService.cs:line 375
2026-04-06 23:08:11.346 -03:00 [INF] Executing OkObjectResult, writing value of type 'HidroRec.Backend.Application.DTOs.Common.ApiResponse`1[[HidroRec.Backend.Application.DTOs.DataFusion.OperationalDataFusionSnapshotDto, HidroRec.Backend, Version=1.0.0.0, Culture=neutral, PublicKeyToken=null]]'.
2026-04-06 23:08:11.371 -03:00 [INF] Executed action HidroRec.Backend.Controllers.DashboardController.GetOperationalSnapshot (HidroRec.Backend) in 2429.9204ms
2026-04-06 23:08:11.376 -03:00 [INF] Executed endpoint 'HidroRec.Backend.Controllers.DashboardController.GetOperationalSnapshot (HidroRec.Backend)'
2026-04-06 23:08:11.379 -03:00 [INF] HTTP GET /api/dashboard/operational-snapshot responded 200 in 2504.4452 ms
2026-04-06 23:08:11.391 -03:00 [INF] Request finished HTTP/1.1 GET http://localhost:8090/api/dashboard/operational-snapshot?latitude=-8.0585&longitude=-34.8788&bairro=Centro - 200 null application/json; charset=utf-8 2545.22ms
2026-04-06 23:08:29.906 -03:00 [INF] Request starting HTTP/1.1 POST http://localhost:8090/api/auth/login - application/json 74
2026-04-06 23:08:29.937 -03:00 [INF] Executing endpoint 'HidroRec.Backend.Controllers.AuthController.Login (HidroRec.Backend)'
2026-04-06 23:08:29.949 -03:00 [INF] Route matched with {action = "Login", controller = "Auth"}. Executing controller action with signature System.Threading.Tasks.Task`1[Microsoft.AspNetCore.Mvc.ActionResult`1[HidroRec.Backend.Application.DTOs.Common.ApiResponse`1[HidroRec.Backend.Application.DTOs.Auth.AuthResponseDto]]] Login(HidroRec.Backend.Application.DTOs.Auth.LoginRequestDto, System.Threading.CancellationToken) on controller HidroRec.Backend.Controllers.AuthController (HidroRec.Backend).
2026-04-06 23:08:30.071 -03:00 [INF] Request starting HTTP/1.1 POST http://localhost:8090/api/auth/login - application/json 74
2026-04-06 23:08:30.085 -03:00 [INF] Executing endpoint 'HidroRec.Backend.Controllers.AuthController.Login (HidroRec.Backend)'
2026-04-06 23:08:30.088 -03:00 [INF] Route matched with {action = "Login", controller = "Auth"}. Executing controller action with signature System.Threading.Tasks.Task`1[Microsoft.AspNetCore.Mvc.ActionResult`1[HidroRec.Backend.Application.DTOs.Common.ApiResponse`1[HidroRec.Backend.Application.DTOs.Auth.AuthResponseDto]]] Login(HidroRec.Backend.Application.DTOs.Auth.LoginRequestDto, System.Threading.CancellationToken) on controller HidroRec.Backend.Controllers.AuthController (HidroRec.Backend).
2026-04-06 23:08:30.103 -03:00 [INF] Request starting HTTP/1.1 POST http://localhost:8090/api/auth/login - application/json 74
2026-04-06 23:08:30.110 -03:00 [INF] Executing endpoint 'HidroRec.Backend.Controllers.AuthController.Login (HidroRec.Backend)'
2026-04-06 23:08:30.113 -03:00 [INF] Route matched with {action = "Login", controller = "Auth"}. Executing controller action with signature System.Threading.Tasks.Task`1[Microsoft.AspNetCore.Mvc.ActionResult`1[HidroRec.Backend.Application.DTOs.Common.ApiResponse`1[HidroRec.Backend.Application.DTOs.Auth.AuthResponseDto]]] Login(HidroRec.Backend.Application.DTOs.Auth.LoginRequestDto, System.Threading.CancellationToken) on controller HidroRec.Backend.Controllers.AuthController (HidroRec.Backend).
2026-04-06 23:08:30.708 -03:00 [INF] Executing OkObjectResult, writing value of type 'HidroRec.Backend.Application.DTOs.Common.ApiResponse`1[[HidroRec.Backend.Application.DTOs.Auth.AuthResponseDto, HidroRec.Backend, Version=1.0.0.0, Culture=neutral, PublicKeyToken=null]]'.
2026-04-06 23:08:30.708 -03:00 [INF] Executing OkObjectResult, writing value of type 'HidroRec.Backend.Application.DTOs.Common.ApiResponse`1[[HidroRec.Backend.Application.DTOs.Auth.AuthResponseDto, HidroRec.Backend, Version=1.0.0.0, Culture=neutral, PublicKeyToken=null]]'.
2026-04-06 23:08:30.708 -03:00 [INF] Executing OkObjectResult, writing value of type 'HidroRec.Backend.Application.DTOs.Common.ApiResponse`1[[HidroRec.Backend.Application.DTOs.Auth.AuthResponseDto, HidroRec.Backend, Version=1.0.0.0, Culture=neutral, PublicKeyToken=null]]'.
2026-04-06 23:08:30.728 -03:00 [INF] Executed action HidroRec.Backend.Controllers.AuthController.Login (HidroRec.Backend) in 775.6623ms
2026-04-06 23:08:30.728 -03:00 [INF] Executed action HidroRec.Backend.Controllers.AuthController.Login (HidroRec.Backend) in 636.1285ms
2026-04-06 23:08:30.728 -03:00 [INF] Executed action HidroRec.Backend.Controllers.AuthController.Login (HidroRec.Backend) in 608.9601ms
2026-04-06 23:08:30.731 -03:00 [INF] Executed endpoint 'HidroRec.Backend.Controllers.AuthController.Login (HidroRec.Backend)'
2026-04-06 23:08:30.734 -03:00 [INF] Executed endpoint 'HidroRec.Backend.Controllers.AuthController.Login (HidroRec.Backend)'
2026-04-06 23:08:30.735 -03:00 [INF] Executed endpoint 'HidroRec.Backend.Controllers.AuthController.Login (HidroRec.Backend)'
2026-04-06 23:08:30.738 -03:00 [INF] HTTP POST /api/auth/login responded 200 in 825.6726 ms
2026-04-06 23:08:30.741 -03:00 [INF] HTTP POST /api/auth/login responded 200 in 661.6041 ms
2026-04-06 23:08:30.744 -03:00 [INF] HTTP POST /api/auth/login responded 200 in 634.1241 ms
2026-04-06 23:08:30.751 -03:00 [INF] Request finished HTTP/1.1 POST http://localhost:8090/api/auth/login - 200 null application/json; charset=utf-8 844.9018ms
2026-04-06 23:08:30.759 -03:00 [INF] Request finished HTTP/1.1 POST http://localhost:8090/api/auth/login - 200 null application/json; charset=utf-8 687.3527ms
2026-04-06 23:08:30.764 -03:00 [INF] Request finished HTTP/1.1 POST http://localhost:8090/api/auth/login - 200 null application/json; charset=utf-8 660.2318ms
2026-04-06 23:08:30.797 -03:00 [INF] Request starting HTTP/1.1 GET http://localhost:8090/api/admin/metricas - null null
2026-04-06 23:08:30.798 -03:00 [INF] Request starting HTTP/1.1 GET http://localhost:8090/api/admin/logs?contexto=data-fusion - null null
2026-04-06 23:08:30.870 -03:00 [INF] Executing endpoint 'HidroRec.Backend.Controllers.AdminController.GetMetricas (HidroRec.Backend)'
2026-04-06 23:08:30.871 -03:00 [INF] Executing endpoint 'HidroRec.Backend.Controllers.AdminController.GetLogs (HidroRec.Backend)'
2026-04-06 23:08:30.881 -03:00 [INF] Route matched with {action = "GetMetricas", controller = "Admin"}. Executing controller action with signature System.Threading.Tasks.Task`1[Microsoft.AspNetCore.Mvc.ActionResult`1[HidroRec.Backend.Application.DTOs.Common.ApiResponse`1[HidroRec.Backend.Application.DTOs.Admin.AdminMetricasDto]]] GetMetricas(System.Threading.CancellationToken) on controller HidroRec.Backend.Controllers.AdminController (HidroRec.Backend).
2026-04-06 23:08:30.883 -03:00 [INF] Route matched with {action = "GetLogs", controller = "Admin"}. Executing controller action with signature System.Threading.Tasks.Task`1[Microsoft.AspNetCore.Mvc.ActionResult`1[HidroRec.Backend.Application.DTOs.Common.ApiResponse`1[System.Collections.Generic.IReadOnlyCollection`1[HidroRec.Backend.Application.DTOs.Admin.LogSistemaDto]]]] GetLogs(System.String, System.String, System.Threading.CancellationToken) on controller HidroRec.Backend.Controllers.AdminController (HidroRec.Backend).
2026-04-06 23:08:30.927 -03:00 [INF] Executing OkObjectResult, writing value of type 'HidroRec.Backend.Application.DTOs.Common.ApiResponse`1[[System.Collections.Generic.IReadOnlyCollection`1[[HidroRec.Backend.Application.DTOs.Admin.LogSistemaDto, HidroRec.Backend, Version=1.0.0.0, Culture=neutral, PublicKeyToken=null]], System.Private.CoreLib, Version=8.0.0.0, Culture=neutral, PublicKeyToken=7cec85d7bea7798e]]'.
2026-04-06 23:08:30.933 -03:00 [INF] Executed action HidroRec.Backend.Controllers.AdminController.GetLogs (HidroRec.Backend) in 43.3862ms
2026-04-06 23:08:30.936 -03:00 [INF] Executed endpoint 'HidroRec.Backend.Controllers.AdminController.GetLogs (HidroRec.Backend)'
2026-04-06 23:08:30.938 -03:00 [INF] HTTP GET /api/admin/logs responded 200 in 131.6400 ms
2026-04-06 23:08:30.941 -03:00 [INF] Request finished HTTP/1.1 GET http://localhost:8090/api/admin/logs?contexto=data-fusion - 200 null application/json; charset=utf-8 143.465ms
2026-04-06 23:08:31.067 -03:00 [INF] Executing OkObjectResult, writing value of type 'HidroRec.Backend.Application.DTOs.Common.ApiResponse`1[[HidroRec.Backend.Application.DTOs.Admin.AdminMetricasDto, HidroRec.Backend, Version=1.0.0.0, Culture=neutral, PublicKeyToken=null]]'.
2026-04-06 23:08:31.081 -03:00 [INF] Executed action HidroRec.Backend.Controllers.AdminController.GetMetricas (HidroRec.Backend) in 196.2066ms
2026-04-06 23:08:31.083 -03:00 [INF] Executed endpoint 'HidroRec.Backend.Controllers.AdminController.GetMetricas (HidroRec.Backend)'
2026-04-06 23:08:31.084 -03:00 [INF] HTTP GET /api/admin/metricas responded 200 in 282.4816 ms
2026-04-06 23:08:31.087 -03:00 [INF] Request finished HTTP/1.1 GET http://localhost:8090/api/admin/metricas - 200 null application/json; charset=utf-8 289.4844ms
2026-04-06 23:08:46.318 -03:00 [INF] Request starting HTTP/1.1 POST http://localhost:8090/api/auth/login - application/json 74
2026-04-06 23:08:46.324 -03:00 [INF] Executing endpoint 'HidroRec.Backend.Controllers.AuthController.Login (HidroRec.Backend)'
2026-04-06 23:08:46.327 -03:00 [INF] Route matched with {action = "Login", controller = "Auth"}. Executing controller action with signature System.Threading.Tasks.Task`1[Microsoft.AspNetCore.Mvc.ActionResult`1[HidroRec.Backend.Application.DTOs.Common.ApiResponse`1[HidroRec.Backend.Application.DTOs.Auth.AuthResponseDto]]] Login(HidroRec.Backend.Application.DTOs.Auth.LoginRequestDto, System.Threading.CancellationToken) on controller HidroRec.Backend.Controllers.AuthController (HidroRec.Backend).
2026-04-06 23:08:46.397 -03:00 [INF] Executing OkObjectResult, writing value of type 'HidroRec.Backend.Application.DTOs.Common.ApiResponse`1[[HidroRec.Backend.Application.DTOs.Auth.AuthResponseDto, HidroRec.Backend, Version=1.0.0.0, Culture=neutral, PublicKeyToken=null]]'.
2026-04-06 23:08:46.399 -03:00 [INF] Executed action HidroRec.Backend.Controllers.AuthController.Login (HidroRec.Backend) in 67.4239ms
2026-04-06 23:08:46.401 -03:00 [INF] Executed endpoint 'HidroRec.Backend.Controllers.AuthController.Login (HidroRec.Backend)'
2026-04-06 23:08:46.402 -03:00 [INF] HTTP POST /api/auth/login responded 200 in 77.4858 ms
2026-04-06 23:08:46.404 -03:00 [INF] Request finished HTTP/1.1 POST http://localhost:8090/api/auth/login - 200 null application/json; charset=utf-8 85.7069ms
2026-04-06 23:08:46.434 -03:00 [INF] Request starting HTTP/1.1 GET http://localhost:8090/api/admin/logs - null null
2026-04-06 23:08:46.439 -03:00 [INF] Executing endpoint 'HidroRec.Backend.Controllers.AdminController.GetLogs (HidroRec.Backend)'
2026-04-06 23:08:46.444 -03:00 [INF] Route matched with {action = "GetLogs", controller = "Admin"}. Executing controller action with signature System.Threading.Tasks.Task`1[Microsoft.AspNetCore.Mvc.ActionResult`1[HidroRec.Backend.Application.DTOs.Common.ApiResponse`1[System.Collections.Generic.IReadOnlyCollection`1[HidroRec.Backend.Application.DTOs.Admin.LogSistemaDto]]]] GetLogs(System.String, System.String, System.Threading.CancellationToken) on controller HidroRec.Backend.Controllers.AdminController (HidroRec.Backend).
2026-04-06 23:08:46.468 -03:00 [INF] Executing OkObjectResult, writing value of type 'HidroRec.Backend.Application.DTOs.Common.ApiResponse`1[[System.Collections.Generic.IReadOnlyCollection`1[[HidroRec.Backend.Application.DTOs.Admin.LogSistemaDto, HidroRec.Backend, Version=1.0.0.0, Culture=neutral, PublicKeyToken=null]], System.Private.CoreLib, Version=8.0.0.0, Culture=neutral, PublicKeyToken=7cec85d7bea7798e]]'.
2026-04-06 23:08:46.472 -03:00 [INF] Executed action HidroRec.Backend.Controllers.AdminController.GetLogs (HidroRec.Backend) in 17.3483ms
2026-04-06 23:08:46.480 -03:00 [INF] Executed endpoint 'HidroRec.Backend.Controllers.AdminController.GetLogs (HidroRec.Backend)'
2026-04-06 23:08:46.481 -03:00 [INF] HTTP GET /api/admin/logs responded 200 in 44.2548 ms
2026-04-06 23:08:46.483 -03:00 [INF] Request finished HTTP/1.1 GET http://localhost:8090/api/admin/logs - 200 null application/json; charset=utf-8 49.1597ms
2026-04-06 23:10:33.979 -03:00 [INF] User profile is available. Using 'C:\Users\ACPGROUP\AppData\Local\ASP.NET\DataProtection-Keys' as key repository and Windows DPAPI to encrypt keys at rest.
2026-04-06 23:10:34.067 -03:00 [INF] Now listening on: http://localhost:8090
2026-04-06 23:10:34.071 -03:00 [INF] Application started. Press Ctrl+C to shut down.
2026-04-06 23:10:34.073 -03:00 [INF] Hosting environment: Development
2026-04-06 23:10:34.074 -03:00 [INF] Content root path: C:\Users\ACPGROUP\Desktop\HTML PURO\hidrorec\backend
2026-04-06 23:10:34.323 -03:00 [INF] Request starting HTTP/1.1 GET http://localhost:8090/api/admin/logs?contexto=data-fusion - null null
2026-04-06 23:10:34.323 -03:00 [INF] Request starting HTTP/1.1 GET http://localhost:8090/api/admin/metricas - null null
2026-04-06 23:10:34.380 -03:00 [INF] Authorization failed. These requirements were not met:
RolesAuthorizationRequirement:User.IsInRole must be true for one of the following roles: (Administrador|Gestor)
2026-04-06 23:10:34.380 -03:00 [INF] Authorization failed. These requirements were not met:
RolesAuthorizationRequirement:User.IsInRole must be true for one of the following roles: (Administrador|Gestor)
2026-04-06 23:10:34.385 -03:00 [INF] AuthenticationScheme: Bearer was challenged.
2026-04-06 23:10:34.385 -03:00 [INF] AuthenticationScheme: Bearer was challenged.
2026-04-06 23:10:34.388 -03:00 [INF] HTTP GET /api/admin/logs responded 401 in 39.1942 ms
2026-04-06 23:10:34.389 -03:00 [INF] HTTP GET /api/admin/metricas responded 401 in 40.6137 ms
2026-04-06 23:10:34.398 -03:00 [INF] Request finished HTTP/1.1 GET http://localhost:8090/api/admin/metricas - 401 0 null 76.3723ms
2026-04-06 23:10:34.398 -03:00 [INF] Request finished HTTP/1.1 GET http://localhost:8090/api/admin/logs?contexto=data-fusion - 401 0 null 76.3679ms
2026-04-06 23:10:35.062 -03:00 [INF] Request starting HTTP/1.1 GET http://localhost:8090/api/dashboard/operational-snapshot?latitude=-8.0585&longitude=-34.8788&bairro=Centro - null null
2026-04-06 23:10:35.073 -03:00 [INF] Executing endpoint 'HidroRec.Backend.Controllers.DashboardController.GetOperationalSnapshot (HidroRec.Backend)'
2026-04-06 23:10:35.094 -03:00 [INF] Route matched with {action = "GetOperationalSnapshot", controller = "Dashboard"}. Executing controller action with signature System.Threading.Tasks.Task`1[Microsoft.AspNetCore.Mvc.ActionResult`1[HidroRec.Backend.Application.DTOs.Common.ApiResponse`1[HidroRec.Backend.Application.DTOs.DataFusion.OperationalDataFusionSnapshotDto]]] GetOperationalSnapshot(System.Nullable`1[System.Decimal], System.Nullable`1[System.Decimal], System.String, System.Threading.CancellationToken) on controller HidroRec.Backend.Controllers.DashboardController (HidroRec.Backend).
2026-04-06 23:10:35.175 -03:00 [INF] Start processing HTTP request GET https://geoportal.apac.pe.gov.br/server/rest/services/met_volume_acumulado_chuva_municipio_24hs/MapServer/0/query?where=nm_mun%20%3D%20%27Recife%27&outFields=nm_mun,horas_24,ultima_leitura_data_hora&returnGeometry=false&f=json
2026-04-06 23:10:35.181 -03:00 [INF] Sending HTTP request GET https://geoportal.apac.pe.gov.br/server/rest/services/met_volume_acumulado_chuva_municipio_24hs/MapServer/0/query?where=nm_mun%20%3D%20%27Recife%27&outFields=nm_mun,horas_24,ultima_leitura_data_hora&returnGeometry=false&f=json
2026-04-06 23:10:35.219 -03:00 [INF] Start processing HTTP request GET https://api.open-meteo.com/v1/forecast?latitude=-8.0476&longitude=-34.8770&current=temperature_2m,precipitation,rain&timezone=America%2FSao_Paulo
2026-04-06 23:10:35.222 -03:00 [INF] Sending HTTP request GET https://api.open-meteo.com/v1/forecast?latitude=-8.0476&longitude=-34.8770&current=temperature_2m,precipitation,rain&timezone=America%2FSao_Paulo
2026-04-06 23:10:35.334 -03:00 [INF] Received HTTP response headers after 143.7005ms - 200
2026-04-06 23:10:35.340 -03:00 [INF] End processing HTTP request after 167.7987ms - 200
2026-04-06 23:10:36.157 -03:00 [INF] Received HTTP response headers after 933.3006ms - 200
2026-04-06 23:10:36.162 -03:00 [INF] End processing HTTP request after 943.1237ms - 200
2026-04-06 23:10:36.186 -03:00 [INF] Start processing HTTP request GET https://api.open-meteo.com/v1/forecast?latitude=-8.0476&longitude=-34.8770&current=temperature_2m,precipitation,rain&hourly=precipitation,precipitation_probability,temperature_2m&forecast_hours=24&timezone=America%2FSao_Paulo
2026-04-06 23:10:36.193 -03:00 [INF] Sending HTTP request GET https://api.open-meteo.com/v1/forecast?latitude=-8.0476&longitude=-34.8770&current=temperature_2m,precipitation,rain&hourly=precipitation,precipitation_probability,temperature_2m&forecast_hours=24&timezone=America%2FSao_Paulo
2026-04-06 23:10:36.468 -03:00 [INF] Received HTTP response headers after 270.5781ms - 200
2026-04-06 23:10:36.475 -03:00 [INF] End processing HTTP request after 288.3681ms - 200
2026-04-06 23:10:36.489 -03:00 [INF] Start processing HTTP request GET https://tabuamare.devtu.qzz.io/api/v2/tabua-mare/pe02/4/[6,7]
2026-04-06 23:10:36.495 -03:00 [INF] Sending HTTP request GET https://tabuamare.devtu.qzz.io/api/v2/tabua-mare/pe02/4/[6,7]
2026-04-06 23:10:36.879 -03:00 [INF] Received HTTP response headers after 377.4766ms - 200
2026-04-06 23:10:36.885 -03:00 [INF] End processing HTTP request after 395.957ms - 200
2026-04-06 23:10:37.104 -03:00 [INF] Executing OkObjectResult, writing value of type 'HidroRec.Backend.Application.DTOs.Common.ApiResponse`1[[HidroRec.Backend.Application.DTOs.DataFusion.OperationalDataFusionSnapshotDto, HidroRec.Backend, Version=1.0.0.0, Culture=neutral, PublicKeyToken=null]]'.
2026-04-06 23:10:37.145 -03:00 [INF] Executed action HidroRec.Backend.Controllers.DashboardController.GetOperationalSnapshot (HidroRec.Backend) in 2043.942ms
2026-04-06 23:10:37.152 -03:00 [INF] Executed endpoint 'HidroRec.Backend.Controllers.DashboardController.GetOperationalSnapshot (HidroRec.Backend)'
2026-04-06 23:10:37.159 -03:00 [INF] HTTP GET /api/dashboard/operational-snapshot responded 200 in 2088.9459 ms
2026-04-06 23:10:37.167 -03:00 [INF] Request finished HTTP/1.1 GET http://localhost:8090/api/dashboard/operational-snapshot?latitude=-8.0585&longitude=-34.8788&bairro=Centro - 200 null application/json; charset=utf-8 2105.3813ms
2026-04-06 23:10:50.322 -03:00 [INF] Request starting HTTP/1.1 POST http://localhost:8090/api/auth/login - application/json 74
2026-04-06 23:10:50.338 -03:00 [INF] Executing endpoint 'HidroRec.Backend.Controllers.AuthController.Login (HidroRec.Backend)'
2026-04-06 23:10:50.362 -03:00 [INF] Route matched with {action = "Login", controller = "Auth"}. Executing controller action with signature System.Threading.Tasks.Task`1[Microsoft.AspNetCore.Mvc.ActionResult`1[HidroRec.Backend.Application.DTOs.Common.ApiResponse`1[HidroRec.Backend.Application.DTOs.Auth.AuthResponseDto]]] Login(HidroRec.Backend.Application.DTOs.Auth.LoginRequestDto, System.Threading.CancellationToken) on controller HidroRec.Backend.Controllers.AuthController (HidroRec.Backend).
2026-04-06 23:10:50.408 -03:00 [INF] Request starting HTTP/1.1 POST http://localhost:8090/api/auth/login - application/json 74
2026-04-06 23:10:50.414 -03:00 [INF] Executing endpoint 'HidroRec.Backend.Controllers.AuthController.Login (HidroRec.Backend)'
2026-04-06 23:10:50.416 -03:00 [INF] Route matched with {action = "Login", controller = "Auth"}. Executing controller action with signature System.Threading.Tasks.Task`1[Microsoft.AspNetCore.Mvc.ActionResult`1[HidroRec.Backend.Application.DTOs.Common.ApiResponse`1[HidroRec.Backend.Application.DTOs.Auth.AuthResponseDto]]] Login(HidroRec.Backend.Application.DTOs.Auth.LoginRequestDto, System.Threading.CancellationToken) on controller HidroRec.Backend.Controllers.AuthController (HidroRec.Backend).
2026-04-06 23:10:50.513 -03:00 [INF] Request starting HTTP/1.1 GET http://localhost:8090/admin.html - null null
2026-04-06 23:10:50.521 -03:00 [INF] Sending file. Request path: '/admin.html'. Physical path: 'C:\Users\ACPGROUP\Desktop\HTML PURO\hidrorec\frontend\admin.html'
2026-04-06 23:10:50.523 -03:00 [INF] HTTP GET /admin.html responded 200 in 5.3462 ms
2026-04-06 23:10:50.526 -03:00 [INF] Request finished HTTP/1.1 GET http://localhost:8090/admin.html - 200 6607 text/html 12.6623ms
2026-04-06 23:10:50.668 -03:00 [INF] Executing OkObjectResult, writing value of type 'HidroRec.Backend.Application.DTOs.Common.ApiResponse`1[[HidroRec.Backend.Application.DTOs.Auth.AuthResponseDto, HidroRec.Backend, Version=1.0.0.0, Culture=neutral, PublicKeyToken=null]]'.
2026-04-06 23:10:50.668 -03:00 [INF] Executing OkObjectResult, writing value of type 'HidroRec.Backend.Application.DTOs.Common.ApiResponse`1[[HidroRec.Backend.Application.DTOs.Auth.AuthResponseDto, HidroRec.Backend, Version=1.0.0.0, Culture=neutral, PublicKeyToken=null]]'.
2026-04-06 23:10:50.681 -03:00 [INF] Executed action HidroRec.Backend.Controllers.AuthController.Login (HidroRec.Backend) in 261.055ms
2026-04-06 23:10:50.683 -03:00 [INF] Executed endpoint 'HidroRec.Backend.Controllers.AuthController.Login (HidroRec.Backend)'
2026-04-06 23:10:50.685 -03:00 [INF] HTTP POST /api/auth/login responded 200 in 271.4248 ms
2026-04-06 23:10:50.681 -03:00 [INF] Executed action HidroRec.Backend.Controllers.AuthController.Login (HidroRec.Backend) in 315.0948ms
2026-04-06 23:10:50.689 -03:00 [INF] Request finished HTTP/1.1 POST http://localhost:8090/api/auth/login - 200 null application/json; charset=utf-8 280.85ms
2026-04-06 23:10:50.691 -03:00 [INF] Executed endpoint 'HidroRec.Backend.Controllers.AuthController.Login (HidroRec.Backend)'
2026-04-06 23:10:50.700 -03:00 [INF] HTTP POST /api/auth/login responded 200 in 373.2309 ms
2026-04-06 23:10:50.703 -03:00 [INF] Request finished HTTP/1.1 POST http://localhost:8090/api/auth/login - 200 null application/json; charset=utf-8 380.9103ms
2026-04-06 23:10:50.722 -03:00 [INF] Request starting HTTP/1.1 GET http://localhost:8090/api/admin/metricas - null null
2026-04-06 23:10:50.739 -03:00 [INF] Request starting HTTP/1.1 GET http://localhost:8090/api/admin/logs?contexto=data-fusion - null null
2026-04-06 23:10:50.762 -03:00 [INF] Executing endpoint 'HidroRec.Backend.Controllers.AdminController.GetMetricas (HidroRec.Backend)'
2026-04-06 23:10:50.762 -03:00 [INF] Executing endpoint 'HidroRec.Backend.Controllers.AdminController.GetLogs (HidroRec.Backend)'
2026-04-06 23:10:50.767 -03:00 [INF] Route matched with {action = "GetMetricas", controller = "Admin"}. Executing controller action with signature System.Threading.Tasks.Task`1[Microsoft.AspNetCore.Mvc.ActionResult`1[HidroRec.Backend.Application.DTOs.Common.ApiResponse`1[HidroRec.Backend.Application.DTOs.Admin.AdminMetricasDto]]] GetMetricas(System.Threading.CancellationToken) on controller HidroRec.Backend.Controllers.AdminController (HidroRec.Backend).
2026-04-06 23:10:50.767 -03:00 [INF] Route matched with {action = "GetLogs", controller = "Admin"}. Executing controller action with signature System.Threading.Tasks.Task`1[Microsoft.AspNetCore.Mvc.ActionResult`1[HidroRec.Backend.Application.DTOs.Common.ApiResponse`1[System.Collections.Generic.IReadOnlyCollection`1[HidroRec.Backend.Application.DTOs.Admin.LogSistemaDto]]]] GetLogs(System.String, System.String, System.Threading.CancellationToken) on controller HidroRec.Backend.Controllers.AdminController (HidroRec.Backend).
2026-04-06 23:10:50.800 -03:00 [INF] Executing OkObjectResult, writing value of type 'HidroRec.Backend.Application.DTOs.Common.ApiResponse`1[[System.Collections.Generic.IReadOnlyCollection`1[[HidroRec.Backend.Application.DTOs.Admin.LogSistemaDto, HidroRec.Backend, Version=1.0.0.0, Culture=neutral, PublicKeyToken=null]], System.Private.CoreLib, Version=8.0.0.0, Culture=neutral, PublicKeyToken=7cec85d7bea7798e]]'.
2026-04-06 23:10:50.817 -03:00 [INF] Executed action HidroRec.Backend.Controllers.AdminController.GetLogs (HidroRec.Backend) in 45.4041ms
2026-04-06 23:10:50.819 -03:00 [INF] Executed endpoint 'HidroRec.Backend.Controllers.AdminController.GetLogs (HidroRec.Backend)'
2026-04-06 23:10:50.821 -03:00 [INF] HTTP GET /api/admin/logs responded 200 in 73.2628 ms
2026-04-06 23:10:50.824 -03:00 [INF] Request finished HTTP/1.1 GET http://localhost:8090/api/admin/logs?contexto=data-fusion - 200 null application/json; charset=utf-8 84.9217ms
2026-04-06 23:10:50.856 -03:00 [INF] Executing OkObjectResult, writing value of type 'HidroRec.Backend.Application.DTOs.Common.ApiResponse`1[[HidroRec.Backend.Application.DTOs.Admin.AdminMetricasDto, HidroRec.Backend, Version=1.0.0.0, Culture=neutral, PublicKeyToken=null]]'.
2026-04-06 23:10:50.862 -03:00 [INF] Executed action HidroRec.Backend.Controllers.AdminController.GetMetricas (HidroRec.Backend) in 92.4896ms
2026-04-06 23:10:50.864 -03:00 [INF] Executed endpoint 'HidroRec.Backend.Controllers.AdminController.GetMetricas (HidroRec.Backend)'
2026-04-06 23:10:50.865 -03:00 [INF] HTTP GET /api/admin/metricas responded 200 in 140.5150 ms
2026-04-06 23:10:50.868 -03:00 [INF] Request finished HTTP/1.1 GET http://localhost:8090/api/admin/metricas - 200 null application/json; charset=utf-8 146.0314ms
