2026-04-06 23:11:29.426 -03:00 [INF] User profile is available. Using 'C:\Users\ACPGROUP\AppData\Local\ASP.NET\DataProtection-Keys' as key repository and Windows DPAPI to encrypt keys at rest.
2026-04-06 23:11:29.500 -03:00 [INF] Now listening on: http://localhost:8080
2026-04-06 23:11:29.503 -03:00 [INF] Application started. Press Ctrl+C to shut down.
2026-04-06 23:11:29.506 -03:00 [INF] Hosting environment: Development
2026-04-06 23:11:29.508 -03:00 [INF] Content root path: C:\Users\ACPGROUP\Desktop\HTML PURO\hidrorec\backend
2026-04-06 23:11:47.123 -03:00 [INF] Request starting HTTP/1.1 GET http://localhost:8080/index.html - null null
2026-04-06 23:11:47.261 -03:00 [INF] The file /index.html was not modified
2026-04-06 23:11:47.269 -03:00 [INF] HTTP GET /index.html responded 304 in 48.7297 ms
2026-04-06 23:11:47.295 -03:00 [INF] Request finished HTTP/1.1 GET http://localhost:8080/index.html - 304 null text/html 173.6284ms
2026-04-06 23:11:47.321 -03:00 [INF] Request starting HTTP/1.1 GET http://localhost:8080/css/dashboard.css?v=20260406-2112 - null null
2026-04-06 23:11:47.321 -03:00 [INF] Request starting HTTP/1.1 GET http://localhost:8080/css/components.css?v=20260406-2112 - null null
2026-04-06 23:11:47.321 -03:00 [INF] Request starting HTTP/1.1 GET http://localhost:8080/js/dashboard.js?v=20260406-2112 - null null
2026-04-06 23:11:47.336 -03:00 [INF] The file /css/dashboard.css was not modified
2026-04-06 23:11:47.343 -03:00 [INF] The file /css/components.css was not modified
2026-04-06 23:11:47.351 -03:00 [INF] HTTP GET /css/dashboard.css responded 304 in 18.0278 ms
2026-04-06 23:11:47.354 -03:00 [INF] HTTP GET /css/components.css responded 304 in 14.5410 ms
2026-04-06 23:11:47.357 -03:00 [INF] CORS policy execution successful.
2026-04-06 23:11:47.360 -03:00 [INF] Request finished HTTP/1.1 GET http://localhost:8080/css/dashboard.css?v=20260406-2112 - 304 null text/css 39.4992ms
2026-04-06 23:11:47.364 -03:00 [INF] Request finished HTTP/1.1 GET http://localhost:8080/css/components.css?v=20260406-2112 - 304 null text/css 42.9251ms
2026-04-06 23:11:47.366 -03:00 [INF] The file /js/dashboard.js was not modified
2026-04-06 23:11:47.381 -03:00 [INF] HTTP GET /js/dashboard.js responded 304 in 31.1528 ms
2026-04-06 23:11:47.387 -03:00 [INF] Request finished HTTP/1.1 GET http://localhost:8080/js/dashboard.js?v=20260406-2112 - 304 null text/javascript 65.2299ms
2026-04-06 23:11:47.403 -03:00 [INF] Request starting HTTP/1.1 GET http://localhost:8080/js/api.js - null null
2026-04-06 23:11:47.410 -03:00 [INF] CORS policy execution successful.
2026-04-06 23:11:47.431 -03:00 [INF] Sending file. Request path: '/js/api.js'. Physical path: 'C:\Users\ACPGROUP\Desktop\HTML PURO\hidrorec\frontend\js\api.js'
2026-04-06 23:11:47.434 -03:00 [INF] HTTP GET /js/api.js responded 200 in 24.3151 ms
2026-04-06 23:11:47.435 -03:00 [INF] Request starting HTTP/1.1 GET http://localhost:8080/api/dashboard/resumo - null null
2026-04-06 23:11:47.440 -03:00 [INF] Request finished HTTP/1.1 GET http://localhost:8080/js/api.js - 200 6422 text/javascript 36.1151ms
2026-04-06 23:11:47.486 -03:00 [INF] Executing endpoint 'HidroRec.Backend.Controllers.DashboardController.GetResumo (HidroRec.Backend)'
2026-04-06 23:11:47.524 -03:00 [INF] Route matched with {action = "GetResumo", controller = "Dashboard"}. Executing controller action with signature System.Threading.Tasks.Task`1[Microsoft.AspNetCore.Mvc.ActionResult`1[HidroRec.Backend.Application.DTOs.Common.ApiResponse`1[HidroRec.Backend.Application.DTOs.Dashboard.DashboardResumoDto]]] GetResumo(System.Threading.CancellationToken) on controller HidroRec.Backend.Controllers.DashboardController (HidroRec.Backend).
2026-04-06 23:11:47.721 -03:00 [WRN] The query uses the 'First'/'FirstOrDefault' operator without 'OrderBy' and filter operators. This may lead to unpredictable results.
2026-04-06 23:11:48.211 -03:00 [INF] Start processing HTTP request GET https://geoportal.apac.pe.gov.br/server/rest/services/met_volume_acumulado_chuva_municipio_24hs/MapServer/0/query?where=nm_mun%20%3D%20%27Recife%27&outFields=nm_mun,horas_24,ultima_leitura_data_hora&returnGeometry=false&f=json
2026-04-06 23:11:48.215 -03:00 [INF] Sending HTTP request GET https://geoportal.apac.pe.gov.br/server/rest/services/met_volume_acumulado_chuva_municipio_24hs/MapServer/0/query?where=nm_mun%20%3D%20%27Recife%27&outFields=nm_mun,horas_24,ultima_leitura_data_hora&returnGeometry=false&f=json
2026-04-06 23:11:48.315 -03:00 [INF] Start processing HTTP request GET https://api.open-meteo.com/v1/forecast?latitude=-8.0476&longitude=-34.8770&current=temperature_2m,precipitation,rain&timezone=America%2FSao_Paulo
2026-04-06 23:11:48.317 -03:00 [INF] Sending HTTP request GET https://api.open-meteo.com/v1/forecast?latitude=-8.0476&longitude=-34.8770&current=temperature_2m,precipitation,rain&timezone=America%2FSao_Paulo
2026-04-06 23:11:48.457 -03:00 [INF] Received HTTP response headers after 218.9232ms - 200
2026-04-06 23:11:48.462 -03:00 [INF] End processing HTTP request after 253.6223ms - 200
2026-04-06 23:11:49.277 -03:00 [INF] Received HTTP response headers after 956.5876ms - 200
2026-04-06 23:11:49.282 -03:00 [INF] End processing HTTP request after 967.8998ms - 200
2026-04-06 23:11:49.334 -03:00 [INF] Start processing HTTP request GET https://api.open-meteo.com/v1/forecast?latitude=-8.0476&longitude=-34.8770&current=temperature_2m,precipitation,rain&hourly=precipitation,precipitation_probability,temperature_2m&forecast_hours=24&timezone=America%2FSao_Paulo
2026-04-06 23:11:49.340 -03:00 [INF] Sending HTTP request GET https://api.open-meteo.com/v1/forecast?latitude=-8.0476&longitude=-34.8770&current=temperature_2m,precipitation,rain&hourly=precipitation,precipitation_probability,temperature_2m&forecast_hours=24&timezone=America%2FSao_Paulo
2026-04-06 23:11:49.579 -03:00 [INF] Received HTTP response headers after 233.5987ms - 200
2026-04-06 23:11:49.583 -03:00 [INF] End processing HTTP request after 249.0419ms - 200
2026-04-06 23:11:49.635 -03:00 [INF] Start processing HTTP request GET https://tabuamare.devtu.qzz.io/api/v2/tabua-mare/pe02/4/[6,7]
2026-04-06 23:11:49.639 -03:00 [INF] Sending HTTP request GET https://tabuamare.devtu.qzz.io/api/v2/tabua-mare/pe02/4/[6,7]
2026-04-06 23:11:49.921 -03:00 [INF] Received HTTP response headers after 278.2955ms - 200
2026-04-06 23:11:49.925 -03:00 [INF] End processing HTTP request after 290.1329ms - 200
2026-04-06 23:11:50.398 -03:00 [INF] Executing OkObjectResult, writing value of type 'HidroRec.Backend.Application.DTOs.Common.ApiResponse`1[[HidroRec.Backend.Application.DTOs.Dashboard.DashboardResumoDto, HidroRec.Backend, Version=1.0.0.0, Culture=neutral, PublicKeyToken=null]]'.
2026-04-06 23:11:50.482 -03:00 [INF] Executed action HidroRec.Backend.Controllers.DashboardController.GetResumo (HidroRec.Backend) in 2947.8011ms
2026-04-06 23:11:50.487 -03:00 [INF] Executed endpoint 'HidroRec.Backend.Controllers.DashboardController.GetResumo (HidroRec.Backend)'
2026-04-06 23:11:50.493 -03:00 [INF] HTTP GET /api/dashboard/resumo responded 200 in 3044.3927 ms
2026-04-06 23:11:50.509 -03:00 [INF] Request finished HTTP/1.1 GET http://localhost:8080/api/dashboard/resumo - 200 null application/json; charset=utf-8 3074.1903ms
2026-04-06 23:27:38.367 -03:00 [INF] Request starting HTTP/1.1 GET http://localhost:8080/index.html - null null
2026-04-06 23:27:38.373 -03:00 [INF] The file /index.html was not modified
2026-04-06 23:27:38.375 -03:00 [INF] HTTP GET /index.html responded 304 in 2.7780 ms
2026-04-06 23:27:38.379 -03:00 [INF] Request finished HTTP/1.1 GET http://localhost:8080/index.html - 304 null text/html 11.7842ms
2026-04-06 23:27:38.401 -03:00 [INF] Request starting HTTP/1.1 GET http://localhost:8080/css/components.css?v=20260406-2112 - null null
2026-04-06 23:27:38.401 -03:00 [INF] Request starting HTTP/1.1 GET http://localhost:8080/css/dashboard.css?v=20260406-2112 - null null
2026-04-06 23:27:38.401 -03:00 [INF] Request starting HTTP/1.1 GET http://localhost:8080/js/dashboard.js?v=20260406-2112 - null null
2026-04-06 23:27:38.408 -03:00 [INF] The file /css/components.css was not modified
2026-04-06 23:27:38.414 -03:00 [INF] The file /css/dashboard.css was not modified
2026-04-06 23:27:38.421 -03:00 [INF] CORS policy execution successful.
2026-04-06 23:27:38.423 -03:00 [INF] HTTP GET /css/components.css responded 304 in 15.9378 ms
2026-04-06 23:27:38.428 -03:00 [INF] HTTP GET /css/dashboard.css responded 304 in 14.6646 ms
2026-04-06 23:27:38.430 -03:00 [INF] The file /js/dashboard.js was not modified
2026-04-06 23:27:38.436 -03:00 [INF] Request finished HTTP/1.1 GET http://localhost:8080/css/components.css?v=20260406-2112 - 304 null text/css 35.6688ms
2026-04-06 23:27:38.440 -03:00 [INF] Request finished HTTP/1.1 GET http://localhost:8080/css/dashboard.css?v=20260406-2112 - 304 null text/css 38.9297ms
2026-04-06 23:27:38.442 -03:00 [INF] HTTP GET /js/dashboard.js responded 304 in 21.1054 ms
2026-04-06 23:27:38.456 -03:00 [INF] Request finished HTTP/1.1 GET http://localhost:8080/js/dashboard.js?v=20260406-2112 - 304 null text/javascript 54.3456ms
2026-04-06 23:27:38.461 -03:00 [INF] Request starting HTTP/1.1 GET http://localhost:8080/js/api.js - null null
2026-04-06 23:27:38.474 -03:00 [INF] CORS policy execution successful.
2026-04-06 23:27:38.477 -03:00 [INF] The file /js/api.js was not modified
2026-04-06 23:27:38.480 -03:00 [INF] HTTP GET /js/api.js responded 304 in 5.9467 ms
2026-04-06 23:27:38.484 -03:00 [INF] Request finished HTTP/1.1 GET http://localhost:8080/js/api.js - 304 null text/javascript 23.0631ms
2026-04-06 23:27:38.490 -03:00 [INF] Request starting HTTP/1.1 GET http://localhost:8080/api/dashboard/resumo - null null
2026-04-06 23:27:38.511 -03:00 [INF] Executing endpoint 'HidroRec.Backend.Controllers.DashboardController.GetResumo (HidroRec.Backend)'
2026-04-06 23:27:38.515 -03:00 [INF] Route matched with {action = "GetResumo", controller = "Dashboard"}. Executing controller action with signature System.Threading.Tasks.Task`1[Microsoft.AspNetCore.Mvc.ActionResult`1[HidroRec.Backend.Application.DTOs.Common.ApiResponse`1[HidroRec.Backend.Application.DTOs.Dashboard.DashboardResumoDto]]] GetResumo(System.Threading.CancellationToken) on controller HidroRec.Backend.Controllers.DashboardController (HidroRec.Backend).
2026-04-06 23:27:38.744 -03:00 [INF] Start processing HTTP request GET https://geoportal.apac.pe.gov.br/server/rest/services/met_volume_acumulado_chuva_municipio_24hs/MapServer/0/query?where=nm_mun%20%3D%20%27Recife%27&outFields=nm_mun,horas_24,ultima_leitura_data_hora&returnGeometry=false&f=json
2026-04-06 23:27:38.747 -03:00 [INF] Sending HTTP request GET https://geoportal.apac.pe.gov.br/server/rest/services/met_volume_acumulado_chuva_municipio_24hs/MapServer/0/query?where=nm_mun%20%3D%20%27Recife%27&outFields=nm_mun,horas_24,ultima_leitura_data_hora&returnGeometry=false&f=json
2026-04-06 23:27:38.751 -03:00 [INF] Start processing HTTP request GET https://api.open-meteo.com/v1/forecast?latitude=-8.0476&longitude=-34.8770&current=temperature_2m,precipitation,rain&timezone=America%2FSao_Paulo
2026-04-06 23:27:38.758 -03:00 [INF] Sending HTTP request GET https://api.open-meteo.com/v1/forecast?latitude=-8.0476&longitude=-34.8770&current=temperature_2m,precipitation,rain&timezone=America%2FSao_Paulo
2026-04-06 23:27:38.915 -03:00 [INF] Received HTTP response headers after 166.512ms - 200
2026-04-06 23:27:38.918 -03:00 [INF] End processing HTTP request after 174.7991ms - 200
2026-04-06 23:27:39.757 -03:00 [INF] Received HTTP response headers after 992.648ms - 200
2026-04-06 23:27:39.761 -03:00 [INF] End processing HTTP request after 1009.88ms - 200
2026-04-06 23:27:39.766 -03:00 [INF] Start processing HTTP request GET https://api.open-meteo.com/v1/forecast?latitude=-8.0476&longitude=-34.8770&current=temperature_2m,precipitation,rain&hourly=precipitation,precipitation_probability,temperature_2m&forecast_hours=24&timezone=America%2FSao_Paulo
2026-04-06 23:27:39.771 -03:00 [INF] Sending HTTP request GET https://api.open-meteo.com/v1/forecast?latitude=-8.0476&longitude=-34.8770&current=temperature_2m,precipitation,rain&hourly=precipitation,precipitation_probability,temperature_2m&forecast_hours=24&timezone=America%2FSao_Paulo
2026-04-06 23:27:39.975 -03:00 [INF] Received HTTP response headers after 199.6675ms - 200
2026-04-06 23:27:39.984 -03:00 [INF] End processing HTTP request after 218.1141ms - 200
2026-04-06 23:27:39.994 -03:00 [INF] Start processing HTTP request GET https://tabuamare.devtu.qzz.io/api/v2/tabua-mare/pe02/4/[6,7]
2026-04-06 23:27:39.997 -03:00 [INF] Sending HTTP request GET https://tabuamare.devtu.qzz.io/api/v2/tabua-mare/pe02/4/[6,7]
2026-04-06 23:27:40.323 -03:00 [INF] Received HTTP response headers after 323.3434ms - 200
2026-04-06 23:27:40.330 -03:00 [INF] End processing HTTP request after 336.0291ms - 200
2026-04-06 23:27:40.411 -03:00 [INF] Executing OkObjectResult, writing value of type 'HidroRec.Backend.Application.DTOs.Common.ApiResponse`1[[HidroRec.Backend.Application.DTOs.Dashboard.DashboardResumoDto, HidroRec.Backend, Version=1.0.0.0, Culture=neutral, PublicKeyToken=null]]'.
2026-04-06 23:27:40.420 -03:00 [INF] Executed action HidroRec.Backend.Controllers.DashboardController.GetResumo (HidroRec.Backend) in 1900.4542ms
2026-04-06 23:27:40.425 -03:00 [INF] Executed endpoint 'HidroRec.Backend.Controllers.DashboardController.GetResumo (HidroRec.Backend)'
2026-04-06 23:27:40.429 -03:00 [INF] HTTP GET /api/dashboard/resumo responded 200 in 1921.8873 ms
2026-04-06 23:27:40.439 -03:00 [INF] Request finished HTTP/1.1 GET http://localhost:8080/api/dashboard/resumo - 200 null application/json; charset=utf-8 1949.008ms
