2026-04-06 21:10:37.156 -03:00 [INF] User profile is available. Using 'C:\Users\ACPGROUP\AppData\Local\ASP.NET\DataProtection-Keys' as key repository and Windows DPAPI to encrypt keys at rest.
2026-04-06 21:10:37.371 -03:00 [INF] Now listening on: http://localhost:8080
2026-04-06 21:10:37.374 -03:00 [INF] Application started. Press Ctrl+C to shut down.
2026-04-06 21:10:37.376 -03:00 [INF] Hosting environment: Development
2026-04-06 21:10:37.378 -03:00 [INF] Content root path: C:\Users\ACPGROUP\Desktop\HTML PURO\hidrorec\backend
2026-04-06 21:10:44.812 -03:00 [INF] Request starting HTTP/1.1 GET http://localhost:8080/api/previsoes - null null
2026-04-06 21:10:44.823 -03:00 [INF] Request starting HTTP/1.1 POST http://localhost:8080/api/auth/login - application/json 74
2026-04-06 21:10:44.923 -03:00 [INF] Request starting HTTP/1.1 GET http://localhost:8080/api/dashboard/resumo - null null
2026-04-06 21:10:45.115 -03:00 [INF] Executing endpoint 'HidroRec.Backend.Controllers.PrevisoesController.GetResumo (HidroRec.Backend)'
2026-04-06 21:10:45.115 -03:00 [INF] Executing endpoint 'HidroRec.Backend.Controllers.AuthController.Login (HidroRec.Backend)'
2026-04-06 21:10:45.114 -03:00 [INF] Executing endpoint 'HidroRec.Backend.Controllers.DashboardController.GetResumo (HidroRec.Backend)'
2026-04-06 21:10:45.165 -03:00 [INF] Route matched with {action = "Login", controller = "Auth"}. Executing controller action with signature System.Threading.Tasks.Task`1[Microsoft.AspNetCore.Mvc.ActionResult`1[HidroRec.Backend.Application.DTOs.Common.ApiResponse`1[HidroRec.Backend.Application.DTOs.Auth.AuthResponseDto]]] Login(HidroRec.Backend.Application.DTOs.Auth.LoginRequestDto, System.Threading.CancellationToken) on controller HidroRec.Backend.Controllers.AuthController (HidroRec.Backend).
2026-04-06 21:10:45.165 -03:00 [INF] Route matched with {action = "GetResumo", controller = "Previsoes"}. Executing controller action with signature System.Threading.Tasks.Task`1[Microsoft.AspNetCore.Mvc.ActionResult`1[HidroRec.Backend.Application.DTOs.Common.ApiResponse`1[HidroRec.Backend.Application.DTOs.Previsoes.PrevisaoResumoDto]]] GetResumo(System.Threading.CancellationToken) on controller HidroRec.Backend.Controllers.PrevisoesController (HidroRec.Backend).
2026-04-06 21:10:45.165 -03:00 [INF] Route matched with {action = "GetResumo", controller = "Dashboard"}. Executing controller action with signature System.Threading.Tasks.Task`1[Microsoft.AspNetCore.Mvc.ActionResult`1[HidroRec.Backend.Application.DTOs.Common.ApiResponse`1[HidroRec.Backend.Application.DTOs.Dashboard.DashboardResumoDto]]] GetResumo(System.Threading.CancellationToken) on controller HidroRec.Backend.Controllers.DashboardController (HidroRec.Backend).
2026-04-06 21:10:45.286 -03:00 [INF] Start processing HTTP request GET https://geoportal.apac.pe.gov.br/server/rest/services/met_volume_acumulado_chuva_municipio_24hs/MapServer/0/query?where=nm_mun%20%3D%20%27Recife%27&outFields=nm_mun,horas_24,ultima_leitura_data_hora&returnGeometry=false&f=json
2026-04-06 21:10:45.291 -03:00 [INF] Sending HTTP request GET https://geoportal.apac.pe.gov.br/server/rest/services/met_volume_acumulado_chuva_municipio_24hs/MapServer/0/query?where=nm_mun%20%3D%20%27Recife%27&outFields=nm_mun,horas_24,ultima_leitura_data_hora&returnGeometry=false&f=json
2026-04-06 21:10:45.474 -03:00 [WRN] The query uses the 'First'/'FirstOrDefault' operator without 'OrderBy' and filter operators. This may lead to unpredictable results.
2026-04-06 21:10:45.599 -03:00 [INF] Received HTTP response headers after 298.8058ms - 200
2026-04-06 21:10:45.614 -03:00 [INF] End processing HTTP request after 333.042ms - 200
2026-04-06 21:10:45.689 -03:00 [INF] Executing OkObjectResult, writing value of type 'HidroRec.Backend.Application.DTOs.Common.ApiResponse`1[[HidroRec.Backend.Application.DTOs.Previsoes.PrevisaoResumoDto, HidroRec.Backend, Version=1.0.0.0, Culture=neutral, PublicKeyToken=null]]'.
2026-04-06 21:10:45.740 -03:00 [INF] Executed action HidroRec.Backend.Controllers.PrevisoesController.GetResumo (HidroRec.Backend) in 541.1785ms
2026-04-06 21:10:45.744 -03:00 [INF] Executed endpoint 'HidroRec.Backend.Controllers.PrevisoesController.GetResumo (HidroRec.Backend)'
2026-04-06 21:10:45.755 -03:00 [INF] HTTP GET /api/previsoes responded 200 in 737.1071 ms
2026-04-06 21:10:45.763 -03:00 [INF] Request finished HTTP/1.1 GET http://localhost:8080/api/previsoes - 200 null application/json; charset=utf-8 956.4271ms
2026-04-06 21:10:46.244 -03:00 [INF] Start processing HTTP request GET https://geoportal.apac.pe.gov.br/server/rest/services/met_volume_acumulado_chuva_municipio_24hs/MapServer/0/query?where=nm_mun%20%3D%20%27Recife%27&outFields=nm_mun,horas_24,ultima_leitura_data_hora&returnGeometry=false&f=json
2026-04-06 21:10:46.248 -03:00 [INF] Sending HTTP request GET https://geoportal.apac.pe.gov.br/server/rest/services/met_volume_acumulado_chuva_municipio_24hs/MapServer/0/query?where=nm_mun%20%3D%20%27Recife%27&outFields=nm_mun,horas_24,ultima_leitura_data_hora&returnGeometry=false&f=json
2026-04-06 21:10:46.294 -03:00 [INF] Received HTTP response headers after 41.6457ms - 200
2026-04-06 21:10:46.298 -03:00 [INF] End processing HTTP request after 54.0476ms - 200
2026-04-06 21:10:46.362 -03:00 [INF] Executing OkObjectResult, writing value of type 'HidroRec.Backend.Application.DTOs.Common.ApiResponse`1[[HidroRec.Backend.Application.DTOs.Dashboard.DashboardResumoDto, HidroRec.Backend, Version=1.0.0.0, Culture=neutral, PublicKeyToken=null]]'.
2026-04-06 21:10:46.444 -03:00 [INF] Executed action HidroRec.Backend.Controllers.DashboardController.GetResumo (HidroRec.Backend) in 1219.8132ms
2026-04-06 21:10:46.450 -03:00 [INF] Executed endpoint 'HidroRec.Backend.Controllers.DashboardController.GetResumo (HidroRec.Backend)'
2026-04-06 21:10:46.456 -03:00 [INF] Executing OkObjectResult, writing value of type 'HidroRec.Backend.Application.DTOs.Common.ApiResponse`1[[HidroRec.Backend.Application.DTOs.Auth.AuthResponseDto, HidroRec.Backend, Version=1.0.0.0, Culture=neutral, PublicKeyToken=null]]'.
2026-04-06 21:10:46.457 -03:00 [INF] HTTP GET /api/dashboard/resumo responded 200 in 1421.2518 ms
2026-04-06 21:10:46.463 -03:00 [INF] Executed action HidroRec.Backend.Controllers.AuthController.Login (HidroRec.Backend) in 1292.2708ms
2026-04-06 21:10:46.466 -03:00 [INF] Request finished HTTP/1.1 GET http://localhost:8080/api/dashboard/resumo - 200 null application/json; charset=utf-8 1543.5723ms
2026-04-06 21:10:46.471 -03:00 [INF] Executed endpoint 'HidroRec.Backend.Controllers.AuthController.Login (HidroRec.Backend)'
2026-04-06 21:10:46.480 -03:00 [INF] HTTP POST /api/auth/login responded 200 in 1469.4892 ms
2026-04-06 21:10:46.486 -03:00 [INF] Request finished HTTP/1.1 POST http://localhost:8080/api/auth/login - 200 null application/json; charset=utf-8 1675.8099ms
2026-04-06 21:11:07.375 -03:00 [INF] Request starting HTTP/1.1 GET http://localhost:8080/api/dashboard/resumo - null null
2026-04-06 21:11:07.387 -03:00 [INF] Executing endpoint 'HidroRec.Backend.Controllers.DashboardController.GetResumo (HidroRec.Backend)'
2026-04-06 21:11:07.389 -03:00 [INF] Route matched with {action = "GetResumo", controller = "Dashboard"}. Executing controller action with signature System.Threading.Tasks.Task`1[Microsoft.AspNetCore.Mvc.ActionResult`1[HidroRec.Backend.Application.DTOs.Common.ApiResponse`1[HidroRec.Backend.Application.DTOs.Dashboard.DashboardResumoDto]]] GetResumo(System.Threading.CancellationToken) on controller HidroRec.Backend.Controllers.DashboardController (HidroRec.Backend).
2026-04-06 21:11:07.446 -03:00 [INF] Request starting HTTP/1.1 POST http://localhost:8080/api/reportes - application/json 609
2026-04-06 21:11:07.454 -03:00 [INF] Executing endpoint 'HidroRec.Backend.Controllers.ReportesController.Create (HidroRec.Backend)'
2026-04-06 21:11:07.457 -03:00 [INF] Start processing HTTP request GET https://geoportal.apac.pe.gov.br/server/rest/services/met_volume_acumulado_chuva_municipio_24hs/MapServer/0/query?where=nm_mun%20%3D%20%27Recife%27&outFields=nm_mun,horas_24,ultima_leitura_data_hora&returnGeometry=false&f=json
2026-04-06 21:11:07.460 -03:00 [INF] Sending HTTP request GET https://geoportal.apac.pe.gov.br/server/rest/services/met_volume_acumulado_chuva_municipio_24hs/MapServer/0/query?where=nm_mun%20%3D%20%27Recife%27&outFields=nm_mun,horas_24,ultima_leitura_data_hora&returnGeometry=false&f=json
2026-04-06 21:11:07.466 -03:00 [INF] Route matched with {action = "Create", controller = "Reportes"}. Executing controller action with signature System.Threading.Tasks.Task`1[Microsoft.AspNetCore.Mvc.ActionResult`1[HidroRec.Backend.Application.DTOs.Common.ApiResponse`1[HidroRec.Backend.Application.DTOs.Reportes.ReporteDto]]] Create(HidroRec.Backend.Application.DTOs.Reportes.CreateReporteRequestDto, System.Threading.CancellationToken) on controller HidroRec.Backend.Controllers.ReportesController (HidroRec.Backend).
2026-04-06 21:11:07.492 -03:00 [INF] Received HTTP response headers after 29.7316ms - 200
2026-04-06 21:11:07.499 -03:00 [INF] End processing HTTP request after 41.1523ms - 200
2026-04-06 21:11:07.510 -03:00 [INF] Executing OkObjectResult, writing value of type 'HidroRec.Backend.Application.DTOs.Common.ApiResponse`1[[HidroRec.Backend.Application.DTOs.Dashboard.DashboardResumoDto, HidroRec.Backend, Version=1.0.0.0, Culture=neutral, PublicKeyToken=null]]'.
2026-04-06 21:11:07.518 -03:00 [INF] Executed action HidroRec.Backend.Controllers.DashboardController.GetResumo (HidroRec.Backend) in 125.5854ms
2026-04-06 21:11:07.521 -03:00 [INF] Executed endpoint 'HidroRec.Backend.Controllers.DashboardController.GetResumo (HidroRec.Backend)'
2026-04-06 21:11:07.523 -03:00 [INF] HTTP GET /api/dashboard/resumo responded 200 in 139.8543 ms
2026-04-06 21:11:07.528 -03:00 [INF] Request finished HTTP/1.1 GET http://localhost:8080/api/dashboard/resumo - 200 null application/json; charset=utf-8 152.8197ms
2026-04-06 21:11:08.039 -03:00 [INF] Reporte "a39c4944-1109-4c8d-aa62-b400996b40de" criado com sucesso
2026-04-06 21:11:08.060 -03:00 [INF] Executing CreatedAtActionResult, writing value of type 'HidroRec.Backend.Application.DTOs.Common.ApiResponse`1[[HidroRec.Backend.Application.DTOs.Reportes.ReporteDto, HidroRec.Backend, Version=1.0.0.0, Culture=neutral, PublicKeyToken=null]]'.
2026-04-06 21:11:08.148 -03:00 [INF] Executed action HidroRec.Backend.Controllers.ReportesController.Create (HidroRec.Backend) in 676.2106ms
2026-04-06 21:11:08.152 -03:00 [INF] Executed endpoint 'HidroRec.Backend.Controllers.ReportesController.Create (HidroRec.Backend)'
2026-04-06 21:11:08.155 -03:00 [INF] HTTP POST /api/reportes responded 201 in 701.3260 ms
2026-04-06 21:11:08.159 -03:00 [INF] Request finished HTTP/1.1 POST http://localhost:8080/api/reportes - 201 null application/json; charset=utf-8 713.4281ms
2026-04-06 21:11:24.796 -03:00 [INF] Request starting HTTP/1.1 GET http://localhost:8080/api/reportes?page=1&pageSize=5 - null null
2026-04-06 21:11:24.808 -03:00 [INF] Executing endpoint 'HidroRec.Backend.Controllers.ReportesController.GetAll (HidroRec.Backend)'
2026-04-06 21:11:24.820 -03:00 [INF] Route matched with {action = "GetAll", controller = "Reportes"}. Executing controller action with signature System.Threading.Tasks.Task`1[Microsoft.AspNetCore.Mvc.ActionResult`1[HidroRec.Backend.Application.DTOs.Common.ApiResponse`1[HidroRec.Backend.Application.DTOs.Common.PagedResultDto`1[HidroRec.Backend.Application.DTOs.Reportes.ReporteAdminItemDto]]]] GetAll(Int32, Int32, System.String, System.String, System.Threading.CancellationToken) on controller HidroRec.Backend.Controllers.ReportesController (HidroRec.Backend).
2026-04-06 21:11:24.857 -03:00 [INF] Request starting HTTP/1.1 GET http://localhost:8080/api/reportes/a39c4944-1109-4c8d-aa62-b400996b40de - null null
2026-04-06 21:11:24.864 -03:00 [INF] Executing endpoint 'HidroRec.Backend.Controllers.ReportesController.GetById (HidroRec.Backend)'
2026-04-06 21:11:24.875 -03:00 [INF] Route matched with {action = "GetById", controller = "Reportes"}. Executing controller action with signature System.Threading.Tasks.Task`1[Microsoft.AspNetCore.Mvc.ActionResult`1[HidroRec.Backend.Application.DTOs.Common.ApiResponse`1[HidroRec.Backend.Application.DTOs.Reportes.ReporteDto]]] GetById(System.Guid, System.Threading.CancellationToken) on controller HidroRec.Backend.Controllers.ReportesController (HidroRec.Backend).
2026-04-06 21:11:24.946 -03:00 [INF] Executing OkObjectResult, writing value of type 'HidroRec.Backend.Application.DTOs.Common.ApiResponse`1[[HidroRec.Backend.Application.DTOs.Common.PagedResultDto`1[[HidroRec.Backend.Application.DTOs.Reportes.ReporteAdminItemDto, HidroRec.Backend, Version=1.0.0.0, Culture=neutral, PublicKeyToken=null]], HidroRec.Backend, Version=1.0.0.0, Culture=neutral, PublicKeyToken=null]]'.
2026-04-06 21:11:24.959 -03:00 [INF] Executed action HidroRec.Backend.Controllers.ReportesController.GetAll (HidroRec.Backend) in 130.2291ms
2026-04-06 21:11:24.991 -03:00 [INF] Executing OkObjectResult, writing value of type 'HidroRec.Backend.Application.DTOs.Common.ApiResponse`1[[HidroRec.Backend.Application.DTOs.Reportes.ReporteDto, HidroRec.Backend, Version=1.0.0.0, Culture=neutral, PublicKeyToken=null]]'.
2026-04-06 21:11:24.992 -03:00 [INF] Executed endpoint 'HidroRec.Backend.Controllers.ReportesController.GetAll (HidroRec.Backend)'
2026-04-06 21:11:24.994 -03:00 [INF] Executed action HidroRec.Backend.Controllers.ReportesController.GetById (HidroRec.Backend) in 118.0021ms
2026-04-06 21:11:24.995 -03:00 [INF] HTTP GET /api/reportes responded 200 in 188.1719 ms
2026-04-06 21:11:24.999 -03:00 [INF] Request finished HTTP/1.1 GET http://localhost:8080/api/reportes?page=1&pageSize=5 - 200 null application/json; charset=utf-8 203.3613ms
2026-04-06 21:11:24.996 -03:00 [INF] Executed endpoint 'HidroRec.Backend.Controllers.ReportesController.GetById (HidroRec.Backend)'
2026-04-06 21:11:25.014 -03:00 [INF] HTTP GET /api/reportes/a39c4944-1109-4c8d-aa62-b400996b40de responded 200 in 150.7520 ms
2026-04-06 21:11:25.029 -03:00 [INF] Request finished HTTP/1.1 GET http://localhost:8080/api/reportes/a39c4944-1109-4c8d-aa62-b400996b40de - 200 null application/json; charset=utf-8 171.73ms
2026-04-06 21:11:40.271 -03:00 [INF] Request starting HTTP/1.1 GET http://localhost:8080/api/dashboard/resumo - null null
2026-04-06 21:11:40.277 -03:00 [INF] Executing endpoint 'HidroRec.Backend.Controllers.DashboardController.GetResumo (HidroRec.Backend)'
2026-04-06 21:11:40.280 -03:00 [INF] Route matched with {action = "GetResumo", controller = "Dashboard"}. Executing controller action with signature System.Threading.Tasks.Task`1[Microsoft.AspNetCore.Mvc.ActionResult`1[HidroRec.Backend.Application.DTOs.Common.ApiResponse`1[HidroRec.Backend.Application.DTOs.Dashboard.DashboardResumoDto]]] GetResumo(System.Threading.CancellationToken) on controller HidroRec.Backend.Controllers.DashboardController (HidroRec.Backend).
2026-04-06 21:11:40.328 -03:00 [INF] Start processing HTTP request GET https://geoportal.apac.pe.gov.br/server/rest/services/met_volume_acumulado_chuva_municipio_24hs/MapServer/0/query?where=nm_mun%20%3D%20%27Recife%27&outFields=nm_mun,horas_24,ultima_leitura_data_hora&returnGeometry=false&f=json
2026-04-06 21:11:40.332 -03:00 [INF] Sending HTTP request GET https://geoportal.apac.pe.gov.br/server/rest/services/met_volume_acumulado_chuva_municipio_24hs/MapServer/0/query?where=nm_mun%20%3D%20%27Recife%27&outFields=nm_mun,horas_24,ultima_leitura_data_hora&returnGeometry=false&f=json
2026-04-06 21:11:40.358 -03:00 [INF] Request starting HTTP/1.1 GET http://localhost:8080/api/dashboard/pontos-atencao - null null
2026-04-06 21:11:40.364 -03:00 [INF] Received HTTP response headers after 30.2076ms - 200
2026-04-06 21:11:40.365 -03:00 [INF] Executing endpoint 'HidroRec.Backend.Controllers.DashboardController.GetPontosAtencao (HidroRec.Backend)'
2026-04-06 21:11:40.370 -03:00 [INF] End processing HTTP request after 42.5063ms - 200
2026-04-06 21:11:40.376 -03:00 [INF] Executing OkObjectResult, writing value of type 'HidroRec.Backend.Application.DTOs.Common.ApiResponse`1[[HidroRec.Backend.Application.DTOs.Dashboard.DashboardResumoDto, HidroRec.Backend, Version=1.0.0.0, Culture=neutral, PublicKeyToken=null]]'.
2026-04-06 21:11:40.381 -03:00 [INF] Route matched with {action = "GetPontosAtencao", controller = "Dashboard"}. Executing controller action with signature System.Threading.Tasks.Task`1[Microsoft.AspNetCore.Mvc.ActionResult`1[HidroRec.Backend.Application.DTOs.Common.ApiResponse`1[System.Collections.Generic.IReadOnlyCollection`1[HidroRec.Backend.Application.DTOs.Dashboard.PontoAtencaoDto]]]] GetPontosAtencao(System.Threading.CancellationToken) on controller HidroRec.Backend.Controllers.DashboardController (HidroRec.Backend).
2026-04-06 21:11:40.382 -03:00 [INF] Executed action HidroRec.Backend.Controllers.DashboardController.GetResumo (HidroRec.Backend) in 96.5957ms
2026-04-06 21:11:40.388 -03:00 [INF] Executed endpoint 'HidroRec.Backend.Controllers.DashboardController.GetResumo (HidroRec.Backend)'
2026-04-06 21:11:40.390 -03:00 [INF] HTTP GET /api/dashboard/resumo responded 200 in 114.0037 ms
2026-04-06 21:11:40.393 -03:00 [INF] Request finished HTTP/1.1 GET http://localhost:8080/api/dashboard/resumo - 200 null application/json; charset=utf-8 122.6191ms
2026-04-06 21:11:40.413 -03:00 [INF] Start processing HTTP request GET https://geoportal.apac.pe.gov.br/server/rest/services/met_volume_acumulado_chuva_municipio_24hs/MapServer/0/query?where=nm_mun%20%3D%20%27Recife%27&outFields=nm_mun,horas_24,ultima_leitura_data_hora&returnGeometry=false&f=json
2026-04-06 21:11:40.415 -03:00 [INF] Sending HTTP request GET https://geoportal.apac.pe.gov.br/server/rest/services/met_volume_acumulado_chuva_municipio_24hs/MapServer/0/query?where=nm_mun%20%3D%20%27Recife%27&outFields=nm_mun,horas_24,ultima_leitura_data_hora&returnGeometry=false&f=json
2026-04-06 21:11:40.446 -03:00 [INF] Received HTTP response headers after 26.4115ms - 200
2026-04-06 21:11:40.448 -03:00 [INF] End processing HTTP request after 35.1616ms - 200
2026-04-06 21:11:40.452 -03:00 [INF] Executing OkObjectResult, writing value of type 'HidroRec.Backend.Application.DTOs.Common.ApiResponse`1[[System.Collections.Generic.IReadOnlyCollection`1[[HidroRec.Backend.Application.DTOs.Dashboard.PontoAtencaoDto, HidroRec.Backend, Version=1.0.0.0, Culture=neutral, PublicKeyToken=null]], System.Private.CoreLib, Version=8.0.0.0, Culture=neutral, PublicKeyToken=7cec85d7bea7798e]]'.
2026-04-06 21:11:40.456 -03:00 [INF] Executed action HidroRec.Backend.Controllers.DashboardController.GetPontosAtencao (HidroRec.Backend) in 69.7418ms
2026-04-06 21:11:40.461 -03:00 [INF] Executed endpoint 'HidroRec.Backend.Controllers.DashboardController.GetPontosAtencao (HidroRec.Backend)'
2026-04-06 21:11:40.464 -03:00 [INF] HTTP GET /api/dashboard/pontos-atencao responded 200 in 99.1024 ms
2026-04-06 21:11:40.470 -03:00 [INF] Request finished HTTP/1.1 GET http://localhost:8080/api/dashboard/pontos-atencao - 200 null application/json; charset=utf-8 111.8397ms
2026-04-06 21:16:14.787 -03:00 [INF] User profile is available. Using 'C:\Users\ACPGROUP\AppData\Local\ASP.NET\DataProtection-Keys' as key repository and Windows DPAPI to encrypt keys at rest.
2026-04-06 21:16:14.925 -03:00 [INF] Now listening on: http://localhost:8080
2026-04-06 21:16:14.932 -03:00 [INF] Application started. Press Ctrl+C to shut down.
2026-04-06 21:16:14.935 -03:00 [INF] Hosting environment: Development
2026-04-06 21:16:14.937 -03:00 [INF] Content root path: C:\Users\ACPGROUP\Desktop\HTML PURO\hidrorec\backend
2026-04-06 21:16:27.105 -03:00 [INF] Request starting HTTP/1.1 GET http://localhost:8080/api/dashboard/resumo - null null
2026-04-06 21:16:27.130 -03:00 [INF] Request starting HTTP/1.1 GET http://localhost:8080/api/dashboard/pontos-atencao - null null
2026-04-06 21:16:27.203 -03:00 [INF] Executing endpoint 'HidroRec.Backend.Controllers.DashboardController.GetPontosAtencao (HidroRec.Backend)'
2026-04-06 21:16:27.203 -03:00 [INF] Executing endpoint 'HidroRec.Backend.Controllers.DashboardController.GetResumo (HidroRec.Backend)'
2026-04-06 21:16:27.238 -03:00 [INF] Route matched with {action = "GetPontosAtencao", controller = "Dashboard"}. Executing controller action with signature System.Threading.Tasks.Task`1[Microsoft.AspNetCore.Mvc.ActionResult`1[HidroRec.Backend.Application.DTOs.Common.ApiResponse`1[System.Collections.Generic.IReadOnlyCollection`1[HidroRec.Backend.Application.DTOs.Dashboard.PontoAtencaoDto]]]] GetPontosAtencao(System.Threading.CancellationToken) on controller HidroRec.Backend.Controllers.DashboardController (HidroRec.Backend).
2026-04-06 21:16:27.238 -03:00 [INF] Route matched with {action = "GetResumo", controller = "Dashboard"}. Executing controller action with signature System.Threading.Tasks.Task`1[Microsoft.AspNetCore.Mvc.ActionResult`1[HidroRec.Backend.Application.DTOs.Common.ApiResponse`1[HidroRec.Backend.Application.DTOs.Dashboard.DashboardResumoDto]]] GetResumo(System.Threading.CancellationToken) on controller HidroRec.Backend.Controllers.DashboardController (HidroRec.Backend).
2026-04-06 21:16:27.548 -03:00 [WRN] The query uses the 'First'/'FirstOrDefault' operator without 'OrderBy' and filter operators. This may lead to unpredictable results.
2026-04-06 21:16:28.562 -03:00 [INF] Start processing HTTP request GET https://geoportal.apac.pe.gov.br/server/rest/services/met_volume_acumulado_chuva_municipio_24hs/MapServer/0/query?where=nm_mun%20%3D%20%27Recife%27&outFields=nm_mun,horas_24,ultima_leitura_data_hora&returnGeometry=false&f=json
2026-04-06 21:16:28.562 -03:00 [INF] Start processing HTTP request GET https://geoportal.apac.pe.gov.br/server/rest/services/met_volume_acumulado_chuva_municipio_24hs/MapServer/0/query?where=nm_mun%20%3D%20%27Recife%27&outFields=nm_mun,horas_24,ultima_leitura_data_hora&returnGeometry=false&f=json
2026-04-06 21:16:28.566 -03:00 [INF] Sending HTTP request GET https://geoportal.apac.pe.gov.br/server/rest/services/met_volume_acumulado_chuva_municipio_24hs/MapServer/0/query?where=nm_mun%20%3D%20%27Recife%27&outFields=nm_mun,horas_24,ultima_leitura_data_hora&returnGeometry=false&f=json
2026-04-06 21:16:28.569 -03:00 [INF] Sending HTTP request GET https://geoportal.apac.pe.gov.br/server/rest/services/met_volume_acumulado_chuva_municipio_24hs/MapServer/0/query?where=nm_mun%20%3D%20%27Recife%27&outFields=nm_mun,horas_24,ultima_leitura_data_hora&returnGeometry=false&f=json
2026-04-06 21:16:28.886 -03:00 [INF] Received HTTP response headers after 303.8248ms - 200
2026-04-06 21:16:28.899 -03:00 [INF] End processing HTTP request after 341.4385ms - 200
2026-04-06 21:16:29.007 -03:00 [INF] Received HTTP response headers after 432.5501ms - 200
2026-04-06 21:16:29.012 -03:00 [INF] End processing HTTP request after 454.9789ms - 200
2026-04-06 21:16:29.083 -03:00 [INF] Executing OkObjectResult, writing value of type 'HidroRec.Backend.Application.DTOs.Common.ApiResponse`1[[HidroRec.Backend.Application.DTOs.Dashboard.DashboardResumoDto, HidroRec.Backend, Version=1.0.0.0, Culture=neutral, PublicKeyToken=null]]'.
2026-04-06 21:16:29.082 -03:00 [INF] Executing OkObjectResult, writing value of type 'HidroRec.Backend.Application.DTOs.Common.ApiResponse`1[[System.Collections.Generic.IReadOnlyCollection`1[[HidroRec.Backend.Application.DTOs.Dashboard.PontoAtencaoDto, HidroRec.Backend, Version=1.0.0.0, Culture=neutral, PublicKeyToken=null]], System.Private.CoreLib, Version=8.0.0.0, Culture=neutral, PublicKeyToken=7cec85d7bea7798e]]'.
2026-04-06 21:16:29.216 -03:00 [INF] Executed action HidroRec.Backend.Controllers.DashboardController.GetPontosAtencao (HidroRec.Backend) in 1955.9251ms
2026-04-06 21:16:29.220 -03:00 [INF] Executed action HidroRec.Backend.Controllers.DashboardController.GetResumo (HidroRec.Backend) in 1967.1357ms
2026-04-06 21:16:29.221 -03:00 [INF] Executed endpoint 'HidroRec.Backend.Controllers.DashboardController.GetPontosAtencao (HidroRec.Backend)'
2026-04-06 21:16:29.223 -03:00 [INF] Executed endpoint 'HidroRec.Backend.Controllers.DashboardController.GetResumo (HidroRec.Backend)'
2026-04-06 21:16:29.234 -03:00 [INF] HTTP GET /api/dashboard/resumo responded 200 in 2075.0806 ms
2026-04-06 21:16:29.234 -03:00 [INF] HTTP GET /api/dashboard/pontos-atencao responded 200 in 2075.0796 ms
2026-04-06 21:16:29.250 -03:00 [INF] Request finished HTTP/1.1 GET http://localhost:8080/api/dashboard/resumo - 200 null application/json; charset=utf-8 2146.4472ms
2026-04-06 21:16:29.250 -03:00 [INF] Request finished HTTP/1.1 GET http://localhost:8080/api/dashboard/pontos-atencao - 200 null application/json; charset=utf-8 2119.5064ms
2026-04-06 21:19:26.766 -03:00 [INF] User profile is available. Using 'C:\Users\ACPGROUP\AppData\Local\ASP.NET\DataProtection-Keys' as key repository and Windows DPAPI to encrypt keys at rest.
2026-04-06 21:19:26.847 -03:00 [INF] Now listening on: http://localhost:8080
2026-04-06 21:19:26.850 -03:00 [INF] Application started. Press Ctrl+C to shut down.
2026-04-06 21:19:26.852 -03:00 [INF] Hosting environment: Development
2026-04-06 21:19:26.854 -03:00 [INF] Content root path: C:\Users\ACPGROUP\Desktop\HTML PURO\hidrorec\backend
2026-04-06 21:25:41.551 -03:00 [INF] User profile is available. Using 'C:\Users\ACPGROUP\AppData\Local\ASP.NET\DataProtection-Keys' as key repository and Windows DPAPI to encrypt keys at rest.
2026-04-06 21:25:41.683 -03:00 [INF] Now listening on: http://localhost:8080
2026-04-06 21:25:41.686 -03:00 [INF] Application started. Press Ctrl+C to shut down.
2026-04-06 21:25:41.688 -03:00 [INF] Hosting environment: Development
2026-04-06 21:25:41.689 -03:00 [INF] Content root path: C:\Users\ACPGROUP\Desktop\HTML PURO\hidrorec\backend
2026-04-06 21:25:51.010 -03:00 [INF] Request starting HTTP/1.1 GET http://localhost:8080/ - null null
2026-04-06 21:25:51.136 -03:00 [INF] Executing endpoint 'HTTP: GET /'
2026-04-06 21:25:51.172 -03:00 [INF] Executed endpoint 'HTTP: GET /'
2026-04-06 21:25:51.178 -03:00 [INF] Request starting HTTP/1.1 GET http://localhost:8080/ - null null
2026-04-06 21:25:51.178 -03:00 [INF] HTTP GET / responded 200 in 107.1668 ms
2026-04-06 21:25:51.185 -03:00 [INF] Executing endpoint 'HTTP: GET /'
2026-04-06 21:25:51.186 -03:00 [INF] Request finished HTTP/1.1 GET http://localhost:8080/ - 200 null text/html; charset=utf-8 177.5874ms
2026-04-06 21:25:51.195 -03:00 [INF] Executed endpoint 'HTTP: GET /'
2026-04-06 21:25:51.216 -03:00 [INF] HTTP GET / responded 200 in 33.8984 ms
2026-04-06 21:25:51.221 -03:00 [INF] Request finished HTTP/1.1 GET http://localhost:8080/ - 200 null text/html; charset=utf-8 42.2611ms
2026-04-06 21:25:51.279 -03:00 [INF] Request starting HTTP/1.1 GET http://localhost:8080/css/global.css - null null
2026-04-06 21:25:51.281 -03:00 [INF] Request starting HTTP/1.1 GET http://localhost:8080/css/layout.css - null null
2026-04-06 21:25:51.281 -03:00 [INF] Request starting HTTP/1.1 GET http://localhost:8080/css/components.css - null null
2026-04-06 21:25:51.291 -03:00 [INF] The file /css/global.css was not modified
2026-04-06 21:25:51.302 -03:00 [INF] HTTP GET /css/global.css responded 304 in 17.5277 ms
2026-04-06 21:25:51.309 -03:00 [INF] Request finished HTTP/1.1 GET http://localhost:8080/css/global.css - 304 null text/css 29.3615ms
2026-04-06 21:25:51.319 -03:00 [INF] Request starting HTTP/1.1 GET http://localhost:8080/css/dashboard.css - null null
2026-04-06 21:25:51.319 -03:00 [INF] Sending file. Request path: '/css/components.css'. Physical path: 'C:\Users\ACPGROUP\Desktop\HTML PURO\hidrorec\frontend\css\components.css'
2026-04-06 21:25:51.319 -03:00 [INF] Sending file. Request path: '/css/layout.css'. Physical path: 'C:\Users\ACPGROUP\Desktop\HTML PURO\hidrorec\frontend\css\layout.css'
2026-04-06 21:25:51.327 -03:00 [INF] The file /css/dashboard.css was not modified
2026-04-06 21:25:51.330 -03:00 [INF] Request starting HTTP/1.1 GET http://localhost:8080/css/mapa.css - null null
2026-04-06 21:25:51.331 -03:00 [INF] HTTP GET /css/components.css responded 200 in 30.5683 ms
2026-04-06 21:25:51.333 -03:00 [INF] HTTP GET /css/layout.css responded 200 in 41.0690 ms
2026-04-06 21:25:51.334 -03:00 [INF] HTTP GET /css/dashboard.css responded 304 in 7.1061 ms
2026-04-06 21:25:51.337 -03:00 [INF] The file /css/mapa.css was not modified
2026-04-06 21:25:51.340 -03:00 [INF] Request finished HTTP/1.1 GET http://localhost:8080/css/components.css - 200 7524 text/css 58.8807ms
2026-04-06 21:25:51.343 -03:00 [INF] Request finished HTTP/1.1 GET http://localhost:8080/css/layout.css - 200 4821 text/css 62.4299ms
2026-04-06 21:25:51.345 -03:00 [INF] Request finished HTTP/1.1 GET http://localhost:8080/css/dashboard.css - 304 null text/css 26.0463ms
2026-04-06 21:25:51.345 -03:00 [INF] HTTP GET /css/mapa.css responded 304 in 9.0385 ms
2026-04-06 21:25:51.351 -03:00 [INF] Request starting HTTP/1.1 GET http://localhost:8080/assets/logo/logo-hidrorec.png?v=20260330-1505 - null null
2026-04-06 21:25:51.353 -03:00 [INF] Request starting HTTP/1.1 GET http://localhost:8080/js/dashboard.js - null null
2026-04-06 21:25:51.359 -03:00 [INF] Request finished HTTP/1.1 GET http://localhost:8080/css/mapa.css - 304 null text/css 28.2899ms
2026-04-06 21:25:51.362 -03:00 [INF] The file /assets/logo/logo-hidrorec.png was not modified
2026-04-06 21:25:51.367 -03:00 [INF] HTTP GET /assets/logo/logo-hidrorec.png responded 304 in 4.9326 ms
2026-04-06 21:25:51.368 -03:00 [INF] CORS policy execution successful.
2026-04-06 21:25:51.369 -03:00 [INF] Request finished HTTP/1.1 GET http://localhost:8080/assets/logo/logo-hidrorec.png?v=20260330-1505 - 304 null image/png 18.0429ms
2026-04-06 21:25:51.371 -03:00 [INF] The file /js/dashboard.js was not modified
2026-04-06 21:25:51.380 -03:00 [INF] HTTP GET /js/dashboard.js responded 304 in 16.6703 ms
2026-04-06 21:25:51.383 -03:00 [INF] Request finished HTTP/1.1 GET http://localhost:8080/js/dashboard.js - 304 null text/javascript 29.2463ms
2026-04-06 21:25:51.388 -03:00 [INF] Request starting HTTP/1.1 GET http://localhost:8080/js/mapa.js - null null
2026-04-06 21:25:51.388 -03:00 [INF] Request starting HTTP/1.1 GET http://localhost:8080/js/app.js - null null
2026-04-06 21:25:51.389 -03:00 [INF] Request starting HTTP/1.1 GET http://localhost:8080/js/api.js - null null
2026-04-06 21:25:51.393 -03:00 [INF] CORS policy execution successful.
2026-04-06 21:25:51.395 -03:00 [INF] CORS policy execution successful.
2026-04-06 21:25:51.398 -03:00 [INF] CORS policy execution successful.
2026-04-06 21:25:51.399 -03:00 [INF] The file /js/mapa.js was not modified
2026-04-06 21:25:51.399 -03:00 [INF] The file /js/app.js was not modified
2026-04-06 21:25:51.401 -03:00 [INF] HTTP GET /js/mapa.js responded 304 in 7.9515 ms
2026-04-06 21:25:51.402 -03:00 [INF] HTTP GET /js/app.js responded 304 in 6.9779 ms
2026-04-06 21:25:51.404 -03:00 [INF] Request finished HTTP/1.1 GET http://localhost:8080/js/mapa.js - 304 null text/javascript 16.4922ms
2026-04-06 21:25:51.412 -03:00 [INF] Request finished HTTP/1.1 GET http://localhost:8080/js/app.js - 304 null text/javascript 23.9986ms
2026-04-06 21:25:51.415 -03:00 [INF] Request starting HTTP/1.1 GET http://localhost:8080/js/utils.js - null null
2026-04-06 21:25:51.420 -03:00 [INF] CORS policy execution successful.
2026-04-06 21:25:51.429 -03:00 [INF] The file /js/utils.js was not modified
2026-04-06 21:25:51.431 -03:00 [INF] HTTP GET /js/utils.js responded 304 in 11.3428 ms
2026-04-06 21:25:51.434 -03:00 [INF] Request finished HTTP/1.1 GET http://localhost:8080/js/utils.js - 304 null text/javascript 18.5887ms
2026-04-06 21:25:51.442 -03:00 [INF] Sending file. Request path: '/js/api.js'. Physical path: 'C:\Users\ACPGROUP\Desktop\HTML PURO\hidrorec\frontend\js\api.js'
2026-04-06 21:25:51.452 -03:00 [INF] Request starting HTTP/1.1 GET http://localhost:8080/api/dashboard/resumo - null null
2026-04-06 21:25:51.458 -03:00 [INF] HTTP GET /js/api.js responded 200 in 60.6958 ms
2026-04-06 21:25:51.464 -03:00 [INF] Executing endpoint 'HidroRec.Backend.Controllers.DashboardController.GetResumo (HidroRec.Backend)'
2026-04-06 21:25:51.465 -03:00 [INF] Request finished HTTP/1.1 GET http://localhost:8080/js/api.js - 200 6382 text/javascript 76.5253ms
2026-04-06 21:25:51.475 -03:00 [INF] Request starting HTTP/1.1 GET http://localhost:8080/favicon.ico - null null
2026-04-06 21:25:51.479 -03:00 [INF] HTTP GET /favicon.ico responded 404 in 1.1355 ms
2026-04-06 21:25:51.482 -03:00 [INF] Request finished HTTP/1.1 GET http://localhost:8080/favicon.ico - 404 0 null 7.2616ms
2026-04-06 21:25:51.487 -03:00 [INF] Request reached the end of the middleware pipeline without being handled by application code. Request path: GET http://localhost:8080/favicon.ico, Response status code: 404
2026-04-06 21:25:51.489 -03:00 [INF] Route matched with {action = "GetResumo", controller = "Dashboard"}. Executing controller action with signature System.Threading.Tasks.Task`1[Microsoft.AspNetCore.Mvc.ActionResult`1[HidroRec.Backend.Application.DTOs.Common.ApiResponse`1[HidroRec.Backend.Application.DTOs.Dashboard.DashboardResumoDto]]] GetResumo(System.Threading.CancellationToken) on controller HidroRec.Backend.Controllers.DashboardController (HidroRec.Backend).
2026-04-06 21:25:51.615 -03:00 [WRN] The query uses the 'First'/'FirstOrDefault' operator without 'OrderBy' and filter operators. This may lead to unpredictable results.
2026-04-06 21:25:51.952 -03:00 [INF] Start processing HTTP request GET https://geoportal.apac.pe.gov.br/server/rest/services/met_volume_acumulado_chuva_municipio_24hs/MapServer/0/query?where=nm_mun%20%3D%20%27Recife%27&outFields=nm_mun,horas_24,ultima_leitura_data_hora&returnGeometry=false&f=json
2026-04-06 21:25:51.955 -03:00 [INF] Sending HTTP request GET https://geoportal.apac.pe.gov.br/server/rest/services/met_volume_acumulado_chuva_municipio_24hs/MapServer/0/query?where=nm_mun%20%3D%20%27Recife%27&outFields=nm_mun,horas_24,ultima_leitura_data_hora&returnGeometry=false&f=json
2026-04-06 21:25:52.292 -03:00 [INF] Received HTTP response headers after 332.4177ms - 200
2026-04-06 21:25:52.295 -03:00 [INF] End processing HTTP request after 344.0436ms - 200
2026-04-06 21:25:52.345 -03:00 [INF] Executing OkObjectResult, writing value of type 'HidroRec.Backend.Application.DTOs.Common.ApiResponse`1[[HidroRec.Backend.Application.DTOs.Dashboard.DashboardResumoDto, HidroRec.Backend, Version=1.0.0.0, Culture=neutral, PublicKeyToken=null]]'.
2026-04-06 21:25:52.380 -03:00 [INF] Request starting HTTP/1.1 GET http://localhost:8080/api/dashboard/resumo - null null
2026-04-06 21:25:52.381 -03:00 [INF] Executed action HidroRec.Backend.Controllers.DashboardController.GetResumo (HidroRec.Backend) in 883.3554ms
2026-04-06 21:25:52.386 -03:00 [INF] Executed endpoint 'HidroRec.Backend.Controllers.DashboardController.GetResumo (HidroRec.Backend)'
2026-04-06 21:25:52.386 -03:00 [INF] Executing endpoint 'HidroRec.Backend.Controllers.DashboardController.GetResumo (HidroRec.Backend)'
2026-04-06 21:25:52.387 -03:00 [INF] HTTP GET /api/dashboard/resumo responded 200 in 925.0363 ms
2026-04-06 21:25:52.388 -03:00 [INF] Route matched with {action = "GetResumo", controller = "Dashboard"}. Executing controller action with signature System.Threading.Tasks.Task`1[Microsoft.AspNetCore.Mvc.ActionResult`1[HidroRec.Backend.Application.DTOs.Common.ApiResponse`1[HidroRec.Backend.Application.DTOs.Dashboard.DashboardResumoDto]]] GetResumo(System.Threading.CancellationToken) on controller HidroRec.Backend.Controllers.DashboardController (HidroRec.Backend).
2026-04-06 21:25:52.394 -03:00 [INF] Request finished HTTP/1.1 GET http://localhost:8080/api/dashboard/resumo - 200 null application/json; charset=utf-8 941.4785ms
2026-04-06 21:25:52.462 -03:00 [INF] Start processing HTTP request GET https://geoportal.apac.pe.gov.br/server/rest/services/met_volume_acumulado_chuva_municipio_24hs/MapServer/0/query?where=nm_mun%20%3D%20%27Recife%27&outFields=nm_mun,horas_24,ultima_leitura_data_hora&returnGeometry=false&f=json
2026-04-06 21:25:52.463 -03:00 [INF] Sending HTTP request GET https://geoportal.apac.pe.gov.br/server/rest/services/met_volume_acumulado_chuva_municipio_24hs/MapServer/0/query?where=nm_mun%20%3D%20%27Recife%27&outFields=nm_mun,horas_24,ultima_leitura_data_hora&returnGeometry=false&f=json
2026-04-06 21:25:52.490 -03:00 [INF] Received HTTP response headers after 26.0065ms - 200
2026-04-06 21:25:52.493 -03:00 [INF] End processing HTTP request after 30.6188ms - 200
2026-04-06 21:25:52.496 -03:00 [INF] Executing OkObjectResult, writing value of type 'HidroRec.Backend.Application.DTOs.Common.ApiResponse`1[[HidroRec.Backend.Application.DTOs.Dashboard.DashboardResumoDto, HidroRec.Backend, Version=1.0.0.0, Culture=neutral, PublicKeyToken=null]]'.
2026-04-06 21:25:52.498 -03:00 [INF] Executed action HidroRec.Backend.Controllers.DashboardController.GetResumo (HidroRec.Backend) in 106.3583ms
2026-04-06 21:25:52.500 -03:00 [INF] Executed endpoint 'HidroRec.Backend.Controllers.DashboardController.GetResumo (HidroRec.Backend)'
2026-04-06 21:25:52.501 -03:00 [INF] HTTP GET /api/dashboard/resumo responded 200 in 114.5724 ms
2026-04-06 21:25:52.502 -03:00 [INF] Request finished HTTP/1.1 GET http://localhost:8080/api/dashboard/resumo - 200 null application/json; charset=utf-8 122.0454ms
2026-04-06 21:30:13.257 -03:00 [INF] Request starting HTTP/1.1 GET http://localhost:8080/api/previsoes - null null
2026-04-06 21:30:13.257 -03:00 [INF] Request starting HTTP/1.1 GET http://localhost:8080/api/dashboard/resumo - null null
2026-04-06 21:30:13.330 -03:00 [INF] Executing endpoint 'HidroRec.Backend.Controllers.PrevisoesController.GetResumo (HidroRec.Backend)'
2026-04-06 21:30:13.332 -03:00 [INF] Executing endpoint 'HidroRec.Backend.Controllers.DashboardController.GetResumo (HidroRec.Backend)'
2026-04-06 21:30:13.334 -03:00 [INF] Route matched with {action = "GetResumo", controller = "Dashboard"}. Executing controller action with signature System.Threading.Tasks.Task`1[Microsoft.AspNetCore.Mvc.ActionResult`1[HidroRec.Backend.Application.DTOs.Common.ApiResponse`1[HidroRec.Backend.Application.DTOs.Dashboard.DashboardResumoDto]]] GetResumo(System.Threading.CancellationToken) on controller HidroRec.Backend.Controllers.DashboardController (HidroRec.Backend).
2026-04-06 21:30:13.338 -03:00 [INF] Route matched with {action = "GetResumo", controller = "Previsoes"}. Executing controller action with signature System.Threading.Tasks.Task`1[Microsoft.AspNetCore.Mvc.ActionResult`1[HidroRec.Backend.Application.DTOs.Common.ApiResponse`1[HidroRec.Backend.Application.DTOs.Previsoes.PrevisaoResumoDto]]] GetResumo(System.Threading.CancellationToken) on controller HidroRec.Backend.Controllers.PrevisoesController (HidroRec.Backend).
2026-04-06 21:30:13.355 -03:00 [INF] Start processing HTTP request GET https://geoportal.apac.pe.gov.br/server/rest/services/met_volume_acumulado_chuva_municipio_24hs/MapServer/0/query?where=nm_mun%20%3D%20%27Recife%27&outFields=nm_mun,horas_24,ultima_leitura_data_hora&returnGeometry=false&f=json
2026-04-06 21:30:13.360 -03:00 [INF] Sending HTTP request GET https://geoportal.apac.pe.gov.br/server/rest/services/met_volume_acumulado_chuva_municipio_24hs/MapServer/0/query?where=nm_mun%20%3D%20%27Recife%27&outFields=nm_mun,horas_24,ultima_leitura_data_hora&returnGeometry=false&f=json
2026-04-06 21:30:13.405 -03:00 [INF] Start processing HTTP request GET https://geoportal.apac.pe.gov.br/server/rest/services/met_volume_acumulado_chuva_municipio_24hs/MapServer/0/query?where=nm_mun%20%3D%20%27Recife%27&outFields=nm_mun,horas_24,ultima_leitura_data_hora&returnGeometry=false&f=json
2026-04-06 21:30:13.434 -03:00 [INF] Sending HTTP request GET https://geoportal.apac.pe.gov.br/server/rest/services/met_volume_acumulado_chuva_municipio_24hs/MapServer/0/query?where=nm_mun%20%3D%20%27Recife%27&outFields=nm_mun,horas_24,ultima_leitura_data_hora&returnGeometry=false&f=json
2026-04-06 21:30:13.447 -03:00 [INF] Received HTTP response headers after 60.766ms - 200
2026-04-06 21:30:13.453 -03:00 [INF] End processing HTTP request after 97.7103ms - 200
2026-04-06 21:30:13.458 -03:00 [INF] Executing OkObjectResult, writing value of type 'HidroRec.Backend.Application.DTOs.Common.ApiResponse`1[[HidroRec.Backend.Application.DTOs.Previsoes.PrevisaoResumoDto, HidroRec.Backend, Version=1.0.0.0, Culture=neutral, PublicKeyToken=null]]'.
2026-04-06 21:30:13.472 -03:00 [INF] Executed action HidroRec.Backend.Controllers.PrevisoesController.GetResumo (HidroRec.Backend) in 120.2541ms
2026-04-06 21:30:13.474 -03:00 [INF] Executed endpoint 'HidroRec.Backend.Controllers.PrevisoesController.GetResumo (HidroRec.Backend)'
2026-04-06 21:30:13.481 -03:00 [INF] HTTP GET /api/previsoes responded 200 in 150.7718 ms
2026-04-06 21:30:13.482 -03:00 [INF] Received HTTP response headers after 44.8541ms - 200
2026-04-06 21:30:13.484 -03:00 [INF] Request finished HTTP/1.1 GET http://localhost:8080/api/previsoes - 200 null application/json; charset=utf-8 227.0152ms
2026-04-06 21:30:13.485 -03:00 [INF] End processing HTTP request after 80.5644ms - 200
2026-04-06 21:30:13.489 -03:00 [INF] Executing OkObjectResult, writing value of type 'HidroRec.Backend.Application.DTOs.Common.ApiResponse`1[[HidroRec.Backend.Application.DTOs.Dashboard.DashboardResumoDto, HidroRec.Backend, Version=1.0.0.0, Culture=neutral, PublicKeyToken=null]]'.
2026-04-06 21:30:13.491 -03:00 [INF] Executed action HidroRec.Backend.Controllers.DashboardController.GetResumo (HidroRec.Backend) in 155.6953ms
2026-04-06 21:30:13.495 -03:00 [INF] Executed endpoint 'HidroRec.Backend.Controllers.DashboardController.GetResumo (HidroRec.Backend)'
2026-04-06 21:30:13.497 -03:00 [INF] HTTP GET /api/dashboard/resumo responded 200 in 165.4722 ms
2026-04-06 21:30:13.501 -03:00 [INF] Request finished HTTP/1.1 GET http://localhost:8080/api/dashboard/resumo - 200 null application/json; charset=utf-8 243.4397ms
2026-04-06 21:31:53.703 -03:00 [INF] User profile is available. Using 'C:\Users\ACPGROUP\AppData\Local\ASP.NET\DataProtection-Keys' as key repository and Windows DPAPI to encrypt keys at rest.
2026-04-06 21:31:53.761 -03:00 [INF] Now listening on: http://localhost:8080
2026-04-06 21:31:53.765 -03:00 [INF] Application started. Press Ctrl+C to shut down.
2026-04-06 21:31:53.767 -03:00 [INF] Hosting environment: Development
2026-04-06 21:31:53.768 -03:00 [INF] Content root path: C:\Users\ACPGROUP\Desktop\HTML PURO\hidrorec\backend
2026-04-06 21:32:04.196 -03:00 [INF] Request starting HTTP/1.1 GET http://localhost:8080/api/dashboard/resumo - null null
2026-04-06 21:32:04.235 -03:00 [INF] Executing endpoint 'HidroRec.Backend.Controllers.DashboardController.GetResumo (HidroRec.Backend)'
2026-04-06 21:32:04.249 -03:00 [INF] Route matched with {action = "GetResumo", controller = "Dashboard"}. Executing controller action with signature System.Threading.Tasks.Task`1[Microsoft.AspNetCore.Mvc.ActionResult`1[HidroRec.Backend.Application.DTOs.Common.ApiResponse`1[HidroRec.Backend.Application.DTOs.Dashboard.DashboardResumoDto]]] GetResumo(System.Threading.CancellationToken) on controller HidroRec.Backend.Controllers.DashboardController (HidroRec.Backend).
2026-04-06 21:32:04.270 -03:00 [INF] Request starting HTTP/1.1 GET http://localhost:8080/api/previsoes - null null
2026-04-06 21:32:04.274 -03:00 [INF] Request starting HTTP/1.1 GET http://localhost:8080/index.html - null null
2026-04-06 21:32:04.277 -03:00 [INF] Executing endpoint 'HidroRec.Backend.Controllers.PrevisoesController.GetResumo (HidroRec.Backend)'
2026-04-06 21:32:04.286 -03:00 [INF] Sending file. Request path: '/index.html'. Physical path: 'C:\Users\ACPGROUP\Desktop\HTML PURO\hidrorec\frontend\index.html'
2026-04-06 21:32:04.289 -03:00 [INF] HTTP GET /index.html responded 200 in 9.6066 ms
2026-04-06 21:32:04.292 -03:00 [INF] Request finished HTTP/1.1 GET http://localhost:8080/index.html - 200 7506 text/html 17.2343ms
2026-04-06 21:32:04.296 -03:00 [INF] Route matched with {action = "GetResumo", controller = "Previsoes"}. Executing controller action with signature System.Threading.Tasks.Task`1[Microsoft.AspNetCore.Mvc.ActionResult`1[HidroRec.Backend.Application.DTOs.Common.ApiResponse`1[HidroRec.Backend.Application.DTOs.Previsoes.PrevisaoResumoDto]]] GetResumo(System.Threading.CancellationToken) on controller HidroRec.Backend.Controllers.PrevisoesController (HidroRec.Backend).
2026-04-06 21:32:04.306 -03:00 [INF] Start processing HTTP request GET https://geoportal.apac.pe.gov.br/server/rest/services/met_volume_acumulado_chuva_municipio_24hs/MapServer/0/query?where=nm_mun%20%3D%20%27Recife%27&outFields=nm_mun,horas_24,ultima_leitura_data_hora&returnGeometry=false&f=json
2026-04-06 21:32:04.308 -03:00 [INF] Sending HTTP request GET https://geoportal.apac.pe.gov.br/server/rest/services/met_volume_acumulado_chuva_municipio_24hs/MapServer/0/query?where=nm_mun%20%3D%20%27Recife%27&outFields=nm_mun,horas_24,ultima_leitura_data_hora&returnGeometry=false&f=json
2026-04-06 21:32:04.313 -03:00 [WRN] The query uses the 'First'/'FirstOrDefault' operator without 'OrderBy' and filter operators. This may lead to unpredictable results.
2026-04-06 21:32:04.514 -03:00 [INF] Start processing HTTP request GET https://geoportal.apac.pe.gov.br/server/rest/services/met_volume_acumulado_chuva_municipio_24hs/MapServer/0/query?where=nm_mun%20%3D%20%27Recife%27&outFields=nm_mun,horas_24,ultima_leitura_data_hora&returnGeometry=false&f=json
2026-04-06 21:32:04.516 -03:00 [INF] Sending HTTP request GET https://geoportal.apac.pe.gov.br/server/rest/services/met_volume_acumulado_chuva_municipio_24hs/MapServer/0/query?where=nm_mun%20%3D%20%27Recife%27&outFields=nm_mun,horas_24,ultima_leitura_data_hora&returnGeometry=false&f=json
2026-04-06 21:32:06.062 -03:00 [INF] Received HTTP response headers after 1749.4588ms - 200
2026-04-06 21:32:06.068 -03:00 [INF] End processing HTTP request after 1762.1471ms - 200
2026-04-06 21:32:06.091 -03:00 [INF] Executing OkObjectResult, writing value of type 'HidroRec.Backend.Application.DTOs.Common.ApiResponse`1[[HidroRec.Backend.Application.DTOs.Previsoes.PrevisaoResumoDto, HidroRec.Backend, Version=1.0.0.0, Culture=neutral, PublicKeyToken=null]]'.
2026-04-06 21:32:06.106 -03:00 [INF] Executed action HidroRec.Backend.Controllers.PrevisoesController.GetResumo (HidroRec.Backend) in 1806.8368ms
2026-04-06 21:32:06.111 -03:00 [INF] Executed endpoint 'HidroRec.Backend.Controllers.PrevisoesController.GetResumo (HidroRec.Backend)'
2026-04-06 21:32:06.114 -03:00 [INF] HTTP GET /api/previsoes responded 200 in 1838.7165 ms
2026-04-06 21:32:06.116 -03:00 [INF] Received HTTP response headers after 1598.7141ms - 200
2026-04-06 21:32:06.118 -03:00 [INF] Request finished HTTP/1.1 GET http://localhost:8080/api/previsoes - 200 null application/json; charset=utf-8 1847.8275ms
2026-04-06 21:32:06.119 -03:00 [INF] End processing HTTP request after 1605.9955ms - 200
2026-04-06 21:32:06.140 -03:00 [INF] Executing OkObjectResult, writing value of type 'HidroRec.Backend.Application.DTOs.Common.ApiResponse`1[[HidroRec.Backend.Application.DTOs.Dashboard.DashboardResumoDto, HidroRec.Backend, Version=1.0.0.0, Culture=neutral, PublicKeyToken=null]]'.
2026-04-06 21:32:06.158 -03:00 [INF] Executed action HidroRec.Backend.Controllers.DashboardController.GetResumo (HidroRec.Backend) in 1903.9355ms
2026-04-06 21:32:06.162 -03:00 [INF] Executed endpoint 'HidroRec.Backend.Controllers.DashboardController.GetResumo (HidroRec.Backend)'
2026-04-06 21:32:06.165 -03:00 [INF] HTTP GET /api/dashboard/resumo responded 200 in 1951.6902 ms
2026-04-06 21:32:06.169 -03:00 [INF] Request finished HTTP/1.1 GET http://localhost:8080/api/dashboard/resumo - 200 null application/json; charset=utf-8 1974.3628ms
2026-04-06 21:32:51.975 -03:00 [INF] Request starting HTTP/1.1 GET http://localhost:8080/api/status - null null
2026-04-06 21:32:51.980 -03:00 [INF] Executing endpoint 'Fallback {*path:nonfile}'
2026-04-06 21:32:51.990 -03:00 [INF] Executed endpoint 'Fallback {*path:nonfile}'
2026-04-06 21:32:51.992 -03:00 [INF] HTTP GET /api/status responded 404 in 14.2935 ms
2026-04-06 21:32:51.994 -03:00 [INF] Request finished HTTP/1.1 GET http://localhost:8080/api/status - 404 null application/json; charset=utf-8 19.2813ms
2026-04-06 21:35:43.626 -03:00 [INF] Request starting HTTP/1.1 GET http://localhost:8080/api/dashboard/resumo - null null
2026-04-06 21:35:43.630 -03:00 [INF] Executing endpoint 'HidroRec.Backend.Controllers.DashboardController.GetResumo (HidroRec.Backend)'
2026-04-06 21:35:43.632 -03:00 [INF] Route matched with {action = "GetResumo", controller = "Dashboard"}. Executing controller action with signature System.Threading.Tasks.Task`1[Microsoft.AspNetCore.Mvc.ActionResult`1[HidroRec.Backend.Application.DTOs.Common.ApiResponse`1[HidroRec.Backend.Application.DTOs.Dashboard.DashboardResumoDto]]] GetResumo(System.Threading.CancellationToken) on controller HidroRec.Backend.Controllers.DashboardController (HidroRec.Backend).
2026-04-06 21:35:43.638 -03:00 [INF] Request starting HTTP/1.1 GET http://localhost:8080/index.html - null null
2026-04-06 21:35:43.667 -03:00 [INF] Sending file. Request path: '/index.html'. Physical path: 'C:\Users\ACPGROUP\Desktop\HTML PURO\hidrorec\frontend\index.html'
2026-04-06 21:35:43.669 -03:00 [INF] HTTP GET /index.html responded 200 in 28.7486 ms
2026-04-06 21:35:43.673 -03:00 [INF] Request finished HTTP/1.1 GET http://localhost:8080/index.html - 200 7506 text/html 34.6296ms
2026-04-06 21:35:43.848 -03:00 [INF] Start processing HTTP request GET https://geoportal.apac.pe.gov.br/server/rest/services/met_volume_acumulado_chuva_municipio_24hs/MapServer/0/query?where=nm_mun%20%3D%20%27Recife%27&outFields=nm_mun,horas_24,ultima_leitura_data_hora&returnGeometry=false&f=json
2026-04-06 21:35:43.850 -03:00 [INF] Sending HTTP request GET https://geoportal.apac.pe.gov.br/server/rest/services/met_volume_acumulado_chuva_municipio_24hs/MapServer/0/query?where=nm_mun%20%3D%20%27Recife%27&outFields=nm_mun,horas_24,ultima_leitura_data_hora&returnGeometry=false&f=json
2026-04-06 21:35:43.913 -03:00 [INF] Received HTTP response headers after 61.9719ms - 200
2026-04-06 21:35:43.917 -03:00 [INF] End processing HTTP request after 69.2376ms - 200
2026-04-06 21:35:43.919 -03:00 [INF] Executing OkObjectResult, writing value of type 'HidroRec.Backend.Application.DTOs.Common.ApiResponse`1[[HidroRec.Backend.Application.DTOs.Dashboard.DashboardResumoDto, HidroRec.Backend, Version=1.0.0.0, Culture=neutral, PublicKeyToken=null]]'.
2026-04-06 21:35:43.922 -03:00 [INF] Executed action HidroRec.Backend.Controllers.DashboardController.GetResumo (HidroRec.Backend) in 288.0273ms
2026-04-06 21:35:43.923 -03:00 [INF] Executed endpoint 'HidroRec.Backend.Controllers.DashboardController.GetResumo (HidroRec.Backend)'
2026-04-06 21:35:43.924 -03:00 [INF] HTTP GET /api/dashboard/resumo responded 200 in 294.6126 ms
2026-04-06 21:35:43.926 -03:00 [INF] Request finished HTTP/1.1 GET http://localhost:8080/api/dashboard/resumo - 200 null application/json; charset=utf-8 300.4114ms
2026-04-06 21:35:58.061 -03:00 [INF] Request starting HTTP/1.1 GET http://localhost:8080/index.html - null null
2026-04-06 21:35:58.067 -03:00 [INF] Sending file. Request path: '/index.html'. Physical path: 'C:\Users\ACPGROUP\Desktop\HTML PURO\hidrorec\frontend\index.html'
2026-04-06 21:35:58.068 -03:00 [INF] HTTP GET /index.html responded 200 in 3.6710 ms
2026-04-06 21:35:58.070 -03:00 [INF] Request finished HTTP/1.1 GET http://localhost:8080/index.html - 200 7506 text/html 8.5163ms
2026-04-06 21:35:58.108 -03:00 [INF] Request starting HTTP/1.1 GET http://localhost:8080/previsoes.html - null null
2026-04-06 21:35:58.108 -03:00 [INF] Request starting HTTP/1.1 POST http://localhost:8080/api/auth/login - application/json 74
2026-04-06 21:35:58.126 -03:00 [INF] Executing endpoint 'HidroRec.Backend.Controllers.AuthController.Login (HidroRec.Backend)'
2026-04-06 21:35:58.130 -03:00 [INF] Sending file. Request path: '/previsoes.html'. Physical path: 'C:\Users\ACPGROUP\Desktop\HTML PURO\hidrorec\frontend\previsoes.html'
2026-04-06 21:35:58.134 -03:00 [INF] HTTP GET /previsoes.html responded 200 in 23.1630 ms
2026-04-06 21:35:58.135 -03:00 [INF] Route matched with {action = "Login", controller = "Auth"}. Executing controller action with signature System.Threading.Tasks.Task`1[Microsoft.AspNetCore.Mvc.ActionResult`1[HidroRec.Backend.Application.DTOs.Common.ApiResponse`1[HidroRec.Backend.Application.DTOs.Auth.AuthResponseDto]]] Login(HidroRec.Backend.Application.DTOs.Auth.LoginRequestDto, System.Threading.CancellationToken) on controller HidroRec.Backend.Controllers.AuthController (HidroRec.Backend).
2026-04-06 21:35:58.136 -03:00 [INF] Request finished HTTP/1.1 GET http://localhost:8080/previsoes.html - 200 2871 text/html 28.4423ms
2026-04-06 21:35:58.152 -03:00 [INF] Request starting HTTP/1.1 GET http://localhost:8080/alertas.html - null null
2026-04-06 21:35:58.176 -03:00 [INF] Sending file. Request path: '/alertas.html'. Physical path: 'C:\Users\ACPGROUP\Desktop\HTML PURO\hidrorec\frontend\alertas.html'
2026-04-06 21:35:58.194 -03:00 [INF] HTTP GET /alertas.html responded 200 in 39.5980 ms
2026-04-06 21:35:58.207 -03:00 [INF] Request finished HTTP/1.1 GET http://localhost:8080/alertas.html - 200 2753 text/html 54.7005ms
2026-04-06 21:35:58.220 -03:00 [INF] Request starting HTTP/1.1 GET http://localhost:8080/reporte.html - null null
2026-04-06 21:35:58.231 -03:00 [INF] Request starting HTTP/1.1 GET http://localhost:8080/api/previsoes - null null
2026-04-06 21:35:58.236 -03:00 [INF] Executing endpoint 'HidroRec.Backend.Controllers.PrevisoesController.GetResumo (HidroRec.Backend)'
2026-04-06 21:35:58.237 -03:00 [INF] Route matched with {action = "GetResumo", controller = "Previsoes"}. Executing controller action with signature System.Threading.Tasks.Task`1[Microsoft.AspNetCore.Mvc.ActionResult`1[HidroRec.Backend.Application.DTOs.Common.ApiResponse`1[HidroRec.Backend.Application.DTOs.Previsoes.PrevisaoResumoDto]]] GetResumo(System.Threading.CancellationToken) on controller HidroRec.Backend.Controllers.PrevisoesController (HidroRec.Backend).
2026-04-06 21:35:58.240 -03:00 [INF] Start processing HTTP request GET https://geoportal.apac.pe.gov.br/server/rest/services/met_volume_acumulado_chuva_municipio_24hs/MapServer/0/query?where=nm_mun%20%3D%20%27Recife%27&outFields=nm_mun,horas_24,ultima_leitura_data_hora&returnGeometry=false&f=json
2026-04-06 21:35:58.242 -03:00 [INF] Sending HTTP request GET https://geoportal.apac.pe.gov.br/server/rest/services/met_volume_acumulado_chuva_municipio_24hs/MapServer/0/query?where=nm_mun%20%3D%20%27Recife%27&outFields=nm_mun,horas_24,ultima_leitura_data_hora&returnGeometry=false&f=json
2026-04-06 21:35:58.249 -03:00 [INF] Sending file. Request path: '/reporte.html'. Physical path: 'C:\Users\ACPGROUP\Desktop\HTML PURO\hidrorec\frontend\reporte.html'
2026-04-06 21:35:58.251 -03:00 [INF] HTTP GET /reporte.html responded 200 in 26.0108 ms
2026-04-06 21:35:58.253 -03:00 [INF] Request finished HTTP/1.1 GET http://localhost:8080/reporte.html - 200 5888 text/html 32.7021ms
2026-04-06 21:35:58.269 -03:00 [INF] Received HTTP response headers after 25.8456ms - 200
2026-04-06 21:35:58.270 -03:00 [INF] End processing HTTP request after 30.3461ms - 200
2026-04-06 21:35:58.272 -03:00 [INF] Executing OkObjectResult, writing value of type 'HidroRec.Backend.Application.DTOs.Common.ApiResponse`1[[HidroRec.Backend.Application.DTOs.Previsoes.PrevisaoResumoDto, HidroRec.Backend, Version=1.0.0.0, Culture=neutral, PublicKeyToken=null]]'.
2026-04-06 21:35:58.273 -03:00 [INF] Request starting HTTP/1.1 GET http://localhost:8080/admin.html - null null
2026-04-06 21:35:58.274 -03:00 [INF] Executed action HidroRec.Backend.Controllers.PrevisoesController.GetResumo (HidroRec.Backend) in 34.318ms
2026-04-06 21:35:58.276 -03:00 [INF] Executed endpoint 'HidroRec.Backend.Controllers.PrevisoesController.GetResumo (HidroRec.Backend)'
2026-04-06 21:35:58.277 -03:00 [INF] HTTP GET /api/previsoes responded 200 in 41.3649 ms
2026-04-06 21:35:58.278 -03:00 [INF] Request finished HTTP/1.1 GET http://localhost:8080/api/previsoes - 200 null application/json; charset=utf-8 47.8285ms
2026-04-06 21:35:58.300 -03:00 [INF] Sending file. Request path: '/admin.html'. Physical path: 'C:\Users\ACPGROUP\Desktop\HTML PURO\hidrorec\frontend\admin.html'
2026-04-06 21:35:58.301 -03:00 [INF] HTTP GET /admin.html responded 200 in 25.8834 ms
2026-04-06 21:35:58.303 -03:00 [INF] Request finished HTTP/1.1 GET http://localhost:8080/admin.html - 200 6158 text/html 29.8605ms
2026-04-06 21:35:58.324 -03:00 [INF] Request starting HTTP/1.1 GET http://localhost:8080/acesso.html - null null
2026-04-06 21:35:58.349 -03:00 [INF] Sending file. Request path: '/acesso.html'. Physical path: 'C:\Users\ACPGROUP\Desktop\HTML PURO\hidrorec\frontend\acesso.html'
2026-04-06 21:35:58.352 -03:00 [INF] HTTP GET /acesso.html responded 200 in 25.8529 ms
2026-04-06 21:35:58.355 -03:00 [INF] Request finished HTTP/1.1 GET http://localhost:8080/acesso.html - 200 5815 text/html 31.0038ms
2026-04-06 21:35:58.373 -03:00 [INF] Request starting HTTP/1.1 GET http://localhost:8080/conta.html - null null
2026-04-06 21:35:58.400 -03:00 [INF] Sending file. Request path: '/conta.html'. Physical path: 'C:\Users\ACPGROUP\Desktop\HTML PURO\hidrorec\frontend\conta.html'
2026-04-06 21:35:58.441 -03:00 [INF] HTTP GET /conta.html responded 200 in 63.1843 ms
2026-04-06 21:35:58.444 -03:00 [INF] Request finished HTTP/1.1 GET http://localhost:8080/conta.html - 200 5159 text/html 70.7091ms
2026-04-06 21:35:58.627 -03:00 [INF] Executing OkObjectResult, writing value of type 'HidroRec.Backend.Application.DTOs.Common.ApiResponse`1[[HidroRec.Backend.Application.DTOs.Auth.AuthResponseDto, HidroRec.Backend, Version=1.0.0.0, Culture=neutral, PublicKeyToken=null]]'.
2026-04-06 21:35:58.635 -03:00 [INF] Executed action HidroRec.Backend.Controllers.AuthController.Login (HidroRec.Backend) in 496.7595ms
2026-04-06 21:35:58.636 -03:00 [INF] Executed endpoint 'HidroRec.Backend.Controllers.AuthController.Login (HidroRec.Backend)'
2026-04-06 21:35:58.637 -03:00 [INF] HTTP POST /api/auth/login responded 200 in 524.7001 ms
2026-04-06 21:35:58.639 -03:00 [INF] Request finished HTTP/1.1 POST http://localhost:8080/api/auth/login - 200 null application/json; charset=utf-8 530.7251ms
2026-04-06 21:36:45.062 -03:00 [INF] Request starting HTTP/1.1 GET http://localhost:8080/index.html - null null
2026-04-06 21:36:45.065 -03:00 [INF] Sending file. Request path: '/index.html'. Physical path: 'C:\Users\ACPGROUP\Desktop\HTML PURO\hidrorec\frontend\index.html'
2026-04-06 21:36:45.066 -03:00 [INF] HTTP GET /index.html responded 200 in 2.1588 ms
2026-04-06 21:36:45.068 -03:00 [INF] Request finished HTTP/1.1 GET http://localhost:8080/index.html - 200 7602 text/html 6.4555ms
2026-04-06 21:36:45.101 -03:00 [INF] Request starting HTTP/1.1 GET http://localhost:8080/previsoes.html - null null
2026-04-06 21:36:45.104 -03:00 [INF] Sending file. Request path: '/previsoes.html'. Physical path: 'C:\Users\ACPGROUP\Desktop\HTML PURO\hidrorec\frontend\previsoes.html'
2026-04-06 21:36:45.105 -03:00 [INF] HTTP GET /previsoes.html responded 200 in 1.9472 ms
2026-04-06 21:36:45.107 -03:00 [INF] Request finished HTTP/1.1 GET http://localhost:8080/previsoes.html - 200 2951 text/html 6.2286ms
2026-04-06 21:36:45.120 -03:00 [INF] Request starting HTTP/1.1 GET http://localhost:8080/css/dashboard.css?v=20260406-2042 - null null
2026-04-06 21:36:45.132 -03:00 [INF] Sending file. Request path: '/css/dashboard.css'. Physical path: 'C:\Users\ACPGROUP\Desktop\HTML PURO\hidrorec\frontend\css\dashboard.css'
2026-04-06 21:36:45.135 -03:00 [INF] HTTP GET /css/dashboard.css responded 200 in 12.5056 ms
2026-04-06 21:36:45.137 -03:00 [INF] Request finished HTTP/1.1 GET http://localhost:8080/css/dashboard.css?v=20260406-2042 - 200 3829 text/css 16.9019ms
2026-04-06 21:36:45.155 -03:00 [INF] Request starting HTTP/1.1 GET http://localhost:8080/js/dashboard.js?v=20260406-2042 - null null
2026-04-06 21:36:45.203 -03:00 [INF] Sending file. Request path: '/js/dashboard.js'. Physical path: 'C:\Users\ACPGROUP\Desktop\HTML PURO\hidrorec\frontend\js\dashboard.js'
2026-04-06 21:36:45.207 -03:00 [INF] HTTP GET /js/dashboard.js responded 200 in 49.5628 ms
2026-04-06 21:36:45.210 -03:00 [INF] Request finished HTTP/1.1 GET http://localhost:8080/js/dashboard.js?v=20260406-2042 - 200 6976 text/javascript 55.4317ms
2026-04-06 21:36:45.226 -03:00 [INF] Request starting HTTP/1.1 GET http://localhost:8080/css/previsoes.css?v=20260406-2042 - null null
2026-04-06 21:36:45.240 -03:00 [INF] Sending file. Request path: '/css/previsoes.css'. Physical path: 'C:\Users\ACPGROUP\Desktop\HTML PURO\hidrorec\frontend\css\previsoes.css'
2026-04-06 21:36:45.255 -03:00 [INF] HTTP GET /css/previsoes.css responded 200 in 26.2593 ms
2026-04-06 21:36:45.258 -03:00 [INF] Request finished HTTP/1.1 GET http://localhost:8080/css/previsoes.css?v=20260406-2042 - 200 706 text/css 31.8108ms
2026-04-06 21:36:45.261 -03:00 [INF] Request starting HTTP/1.1 GET http://localhost:8080/js/previsoes.js?v=20260406-2042 - null null
2026-04-06 21:36:45.294 -03:00 [INF] Sending file. Request path: '/js/previsoes.js'. Physical path: 'C:\Users\ACPGROUP\Desktop\HTML PURO\hidrorec\frontend\js\previsoes.js'
2026-04-06 21:36:45.296 -03:00 [INF] HTTP GET /js/previsoes.js responded 200 in 32.7031 ms
2026-04-06 21:36:45.298 -03:00 [INF] Request finished HTTP/1.1 GET http://localhost:8080/js/previsoes.js?v=20260406-2042 - 200 1643 text/javascript 36.6689ms
