2026-04-06 21:34:58.971 -03:00 [INF] User profile is available. Using 'C:\Users\ACPGROUP\AppData\Local\ASP.NET\DataProtection-Keys' as key repository and Windows DPAPI to encrypt keys at rest.
2026-04-06 21:34:59.085 -03:00 [ERR] Hosting failed to start
System.IO.IOException: Failed to bind to address http://127.0.0.1:8080: address already in use.
 ---> Microsoft.AspNetCore.Connections.AddressInUseException: Normalmente é permitida apenas uma utilização de cada endereço de soquete (protocolo/endereço de rede/porta).
 ---> System.Net.Sockets.SocketException (10048): Normalmente é permitida apenas uma utilização de cada endereço de soquete (protocolo/endereço de rede/porta).
   at System.Net.Sockets.Socket.UpdateStatusAfterSocketErrorAndThrowException(SocketError error, Boolean disconnectOnFailure, String callerName)
   at System.Net.Sockets.Socket.DoBind(EndPoint endPointSnapshot, SocketAddress socketAddress)
   at System.Net.Sockets.Socket.Bind(EndPoint localEP)
   at Microsoft.AspNetCore.Server.Kestrel.Transport.Sockets.SocketTransportOptions.CreateDefaultBoundListenSocket(EndPoint endpoint)
   at Microsoft.AspNetCore.Server.Kestrel.Transport.Sockets.SocketConnectionListener.Bind()
   --- End of inner exception stack trace ---
   at Microsoft.AspNetCore.Server.Kestrel.Transport.Sockets.SocketConnectionListener.Bind()
   at Microsoft.AspNetCore.Server.Kestrel.Transport.Sockets.SocketTransportFactory.BindAsync(EndPoint endpoint, CancellationToken cancellationToken)
   at Microsoft.AspNetCore.Server.Kestrel.Core.Internal.Infrastructure.TransportManager.BindAsync(EndPoint endPoint, ConnectionDelegate connectionDelegate, EndpointConfig endpointConfig, CancellationToken cancellationToken)
   at Microsoft.AspNetCore.Server.Kestrel.Core.KestrelServerImpl.<>c__DisplayClass28_0`1.<<StartAsync>g__OnBind|0>d.MoveNext()
--- End of stack trace from previous location ---
   at Microsoft.AspNetCore.Server.Kestrel.Core.Internal.AddressBinder.BindEndpointAsync(ListenOptions endpoint, AddressBindContext context, CancellationToken cancellationToken)
   --- End of inner exception stack trace ---
   at Microsoft.AspNetCore.Server.Kestrel.Core.Internal.AddressBinder.BindEndpointAsync(ListenOptions endpoint, AddressBindContext context, CancellationToken cancellationToken)
   at Microsoft.AspNetCore.Server.Kestrel.Core.LocalhostListenOptions.BindAsync(AddressBindContext context, CancellationToken cancellationToken)
   at Microsoft.AspNetCore.Server.Kestrel.Core.Internal.AddressBinder.AddressesStrategy.BindAsync(AddressBindContext context, CancellationToken cancellationToken)
   at Microsoft.AspNetCore.Server.Kestrel.Core.Internal.AddressBinder.BindAsync(ListenOptions[] listenOptions, AddressBindContext context, Func`2 useHttps, CancellationToken cancellationToken)
   at Microsoft.AspNetCore.Server.Kestrel.Core.KestrelServerImpl.BindAsync(CancellationToken cancellationToken)
   at Microsoft.AspNetCore.Server.Kestrel.Core.KestrelServerImpl.StartAsync[TContext](IHttpApplication`1 application, CancellationToken cancellationToken)
   at Microsoft.AspNetCore.Hosting.GenericWebHostService.StartAsync(CancellationToken cancellationToken)
   at Microsoft.Extensions.Hosting.Internal.Host.<StartAsync>b__15_1(IHostedService service, CancellationToken token)
   at Microsoft.Extensions.Hosting.Internal.Host.ForeachService[T](IEnumerable`1 services, CancellationToken token, Boolean concurrent, Boolean abortOnFirstException, List`1 exceptions, Func`3 operation)
2026-04-06 21:35:23.720 -03:00 [INF] User profile is available. Using 'C:\Users\ACPGROUP\AppData\Local\ASP.NET\DataProtection-Keys' as key repository and Windows DPAPI to encrypt keys at rest.
2026-04-06 21:35:23.799 -03:00 [ERR] Hosting failed to start
System.IO.IOException: Failed to bind to address http://127.0.0.1:8080: address already in use.
 ---> Microsoft.AspNetCore.Connections.AddressInUseException: Normalmente é permitida apenas uma utilização de cada endereço de soquete (protocolo/endereço de rede/porta).
 ---> System.Net.Sockets.SocketException (10048): Normalmente é permitida apenas uma utilização de cada endereço de soquete (protocolo/endereço de rede/porta).
   at System.Net.Sockets.Socket.UpdateStatusAfterSocketErrorAndThrowException(SocketError error, Boolean disconnectOnFailure, String callerName)
   at System.Net.Sockets.Socket.DoBind(EndPoint endPointSnapshot, SocketAddress socketAddress)
   at System.Net.Sockets.Socket.Bind(EndPoint localEP)
   at Microsoft.AspNetCore.Server.Kestrel.Transport.Sockets.SocketTransportOptions.CreateDefaultBoundListenSocket(EndPoint endpoint)
   at Microsoft.AspNetCore.Server.Kestrel.Transport.Sockets.SocketConnectionListener.Bind()
   --- End of inner exception stack trace ---
   at Microsoft.AspNetCore.Server.Kestrel.Transport.Sockets.SocketConnectionListener.Bind()
   at Microsoft.AspNetCore.Server.Kestrel.Transport.Sockets.SocketTransportFactory.BindAsync(EndPoint endpoint, CancellationToken cancellationToken)
   at Microsoft.AspNetCore.Server.Kestrel.Core.Internal.Infrastructure.TransportManager.BindAsync(EndPoint endPoint, ConnectionDelegate connectionDelegate, EndpointConfig endpointConfig, CancellationToken cancellationToken)
   at Microsoft.AspNetCore.Server.Kestrel.Core.KestrelServerImpl.<>c__DisplayClass28_0`1.<<StartAsync>g__OnBind|0>d.MoveNext()
--- End of stack trace from previous location ---
   at Microsoft.AspNetCore.Server.Kestrel.Core.Internal.AddressBinder.BindEndpointAsync(ListenOptions endpoint, AddressBindContext context, CancellationToken cancellationToken)
   --- End of inner exception stack trace ---
   at Microsoft.AspNetCore.Server.Kestrel.Core.Internal.AddressBinder.BindEndpointAsync(ListenOptions endpoint, AddressBindContext context, CancellationToken cancellationToken)
   at Microsoft.AspNetCore.Server.Kestrel.Core.LocalhostListenOptions.BindAsync(AddressBindContext context, CancellationToken cancellationToken)
   at Microsoft.AspNetCore.Server.Kestrel.Core.Internal.AddressBinder.AddressesStrategy.BindAsync(AddressBindContext context, CancellationToken cancellationToken)
   at Microsoft.AspNetCore.Server.Kestrel.Core.Internal.AddressBinder.BindAsync(ListenOptions[] listenOptions, AddressBindContext context, Func`2 useHttps, CancellationToken cancellationToken)
   at Microsoft.AspNetCore.Server.Kestrel.Core.KestrelServerImpl.BindAsync(CancellationToken cancellationToken)
   at Microsoft.AspNetCore.Server.Kestrel.Core.KestrelServerImpl.StartAsync[TContext](IHttpApplication`1 application, CancellationToken cancellationToken)
   at Microsoft.AspNetCore.Hosting.GenericWebHostService.StartAsync(CancellationToken cancellationToken)
   at Microsoft.Extensions.Hosting.Internal.Host.<StartAsync>b__15_1(IHostedService service, CancellationToken token)
   at Microsoft.Extensions.Hosting.Internal.Host.ForeachService[T](IEnumerable`1 services, CancellationToken token, Boolean concurrent, Boolean abortOnFirstException, List`1 exceptions, Func`3 operation)
2026-04-06 21:37:13.836 -03:00 [INF] User profile is available. Using 'C:\Users\ACPGROUP\AppData\Local\ASP.NET\DataProtection-Keys' as key repository and Windows DPAPI to encrypt keys at rest.
2026-04-06 21:37:13.938 -03:00 [ERR] Hosting failed to start
System.IO.IOException: Failed to bind to address http://127.0.0.1:8080: address already in use.
 ---> Microsoft.AspNetCore.Connections.AddressInUseException: Normalmente é permitida apenas uma utilização de cada endereço de soquete (protocolo/endereço de rede/porta).
 ---> System.Net.Sockets.SocketException (10048): Normalmente é permitida apenas uma utilização de cada endereço de soquete (protocolo/endereço de rede/porta).
   at System.Net.Sockets.Socket.UpdateStatusAfterSocketErrorAndThrowException(SocketError error, Boolean disconnectOnFailure, String callerName)
   at System.Net.Sockets.Socket.DoBind(EndPoint endPointSnapshot, SocketAddress socketAddress)
   at System.Net.Sockets.Socket.Bind(EndPoint localEP)
   at Microsoft.AspNetCore.Server.Kestrel.Transport.Sockets.SocketTransportOptions.CreateDefaultBoundListenSocket(EndPoint endpoint)
   at Microsoft.AspNetCore.Server.Kestrel.Transport.Sockets.SocketConnectionListener.Bind()
   --- End of inner exception stack trace ---
   at Microsoft.AspNetCore.Server.Kestrel.Transport.Sockets.SocketConnectionListener.Bind()
   at Microsoft.AspNetCore.Server.Kestrel.Transport.Sockets.SocketTransportFactory.BindAsync(EndPoint endpoint, CancellationToken cancellationToken)
   at Microsoft.AspNetCore.Server.Kestrel.Core.Internal.Infrastructure.TransportManager.BindAsync(EndPoint endPoint, ConnectionDelegate connectionDelegate, EndpointConfig endpointConfig, CancellationToken cancellationToken)
   at Microsoft.AspNetCore.Server.Kestrel.Core.KestrelServerImpl.<>c__DisplayClass28_0`1.<<StartAsync>g__OnBind|0>d.MoveNext()
--- End of stack trace from previous location ---
   at Microsoft.AspNetCore.Server.Kestrel.Core.Internal.AddressBinder.BindEndpointAsync(ListenOptions endpoint, AddressBindContext context, CancellationToken cancellationToken)
   --- End of inner exception stack trace ---
   at Microsoft.AspNetCore.Server.Kestrel.Core.Internal.AddressBinder.BindEndpointAsync(ListenOptions endpoint, AddressBindContext context, CancellationToken cancellationToken)
   at Microsoft.AspNetCore.Server.Kestrel.Core.LocalhostListenOptions.BindAsync(AddressBindContext context, CancellationToken cancellationToken)
   at Microsoft.AspNetCore.Server.Kestrel.Core.Internal.AddressBinder.AddressesStrategy.BindAsync(AddressBindContext context, CancellationToken cancellationToken)
   at Microsoft.AspNetCore.Server.Kestrel.Core.Internal.AddressBinder.BindAsync(ListenOptions[] listenOptions, AddressBindContext context, Func`2 useHttps, CancellationToken cancellationToken)
   at Microsoft.AspNetCore.Server.Kestrel.Core.KestrelServerImpl.BindAsync(CancellationToken cancellationToken)
   at Microsoft.AspNetCore.Server.Kestrel.Core.KestrelServerImpl.StartAsync[TContext](IHttpApplication`1 application, CancellationToken cancellationToken)
   at Microsoft.AspNetCore.Hosting.GenericWebHostService.StartAsync(CancellationToken cancellationToken)
   at Microsoft.Extensions.Hosting.Internal.Host.<StartAsync>b__15_1(IHostedService service, CancellationToken token)
   at Microsoft.Extensions.Hosting.Internal.Host.ForeachService[T](IEnumerable`1 services, CancellationToken token, Boolean concurrent, Boolean abortOnFirstException, List`1 exceptions, Func`3 operation)
2026-04-06 21:38:26.202 -03:00 [INF] User profile is available. Using 'C:\Users\ACPGROUP\AppData\Local\ASP.NET\DataProtection-Keys' as key repository and Windows DPAPI to encrypt keys at rest.
2026-04-06 21:38:26.268 -03:00 [INF] Now listening on: http://localhost:8080
2026-04-06 21:38:26.272 -03:00 [INF] Application started. Press Ctrl+C to shut down.
2026-04-06 21:38:26.275 -03:00 [INF] Hosting environment: Development
2026-04-06 21:38:26.277 -03:00 [INF] Content root path: C:\Users\ACPGROUP\Desktop\HTML PURO\hidrorec\backend
2026-04-06 21:38:31.321 -03:00 [INF] Request starting HTTP/1.1 GET http://localhost:8080/ - null null
2026-04-06 21:38:31.409 -03:00 [INF] Executing endpoint 'HTTP: GET /'
2026-04-06 21:38:31.430 -03:00 [INF] Executed endpoint 'HTTP: GET /'
2026-04-06 21:38:31.439 -03:00 [INF] HTTP GET / responded 200 in 77.3053 ms
2026-04-06 21:38:31.446 -03:00 [INF] Request finished HTTP/1.1 GET http://localhost:8080/ - 200 null text/html; charset=utf-8 127.3062ms
2026-04-06 21:38:31.482 -03:00 [INF] Request starting HTTP/1.1 GET http://localhost:8080/css/global.css?v=20260406-2042 - null null
2026-04-06 21:38:31.484 -03:00 [INF] Request starting HTTP/1.1 GET http://localhost:8080/css/layout.css?v=20260406-2042 - null null
2026-04-06 21:38:31.485 -03:00 [INF] Request starting HTTP/1.1 GET http://localhost:8080/css/components.css?v=20260406-2042 - null null
2026-04-06 21:38:31.485 -03:00 [INF] Request starting HTTP/1.1 GET http://localhost:8080/css/dashboard.css?v=20260406-2042 - null null
2026-04-06 21:38:31.487 -03:00 [INF] Request starting HTTP/1.1 GET http://localhost:8080/js/dashboard.js?v=20260406-2042 - null null
2026-04-06 21:38:31.487 -03:00 [INF] Request starting HTTP/1.1 GET http://localhost:8080/css/mapa.css?v=20260406-2042 - null null
2026-04-06 21:38:31.504 -03:00 [INF] Sending file. Request path: '/css/dashboard.css'. Physical path: 'C:\Users\ACPGROUP\Desktop\HTML PURO\hidrorec\frontend\css\dashboard.css'
2026-04-06 21:38:31.506 -03:00 [INF] HTTP GET /css/dashboard.css responded 200 in 9.7068 ms
2026-04-06 21:38:31.507 -03:00 [INF] CORS policy execution successful.
2026-04-06 21:38:31.510 -03:00 [INF] Request finished HTTP/1.1 GET http://localhost:8080/css/dashboard.css?v=20260406-2042 - 200 3829 text/css 25.4727ms
2026-04-06 21:38:31.511 -03:00 [INF] Sending file. Request path: '/css/components.css'. Physical path: 'C:\Users\ACPGROUP\Desktop\HTML PURO\hidrorec\frontend\css\components.css'
2026-04-06 21:38:31.511 -03:00 [INF] Sending file. Request path: '/css/layout.css'. Physical path: 'C:\Users\ACPGROUP\Desktop\HTML PURO\hidrorec\frontend\css\layout.css'
2026-04-06 21:38:31.513 -03:00 [INF] Sending file. Request path: '/js/dashboard.js'. Physical path: 'C:\Users\ACPGROUP\Desktop\HTML PURO\hidrorec\frontend\js\dashboard.js'
2026-04-06 21:38:31.513 -03:00 [INF] Sending file. Request path: '/css/global.css'. Physical path: 'C:\Users\ACPGROUP\Desktop\HTML PURO\hidrorec\frontend\css\global.css'
2026-04-06 21:38:31.517 -03:00 [INF] HTTP GET /css/components.css responded 200 in 23.3952 ms
2026-04-06 21:38:31.519 -03:00 [INF] HTTP GET /css/layout.css responded 200 in 28.4187 ms
2026-04-06 21:38:31.520 -03:00 [INF] HTTP GET /js/dashboard.js responded 200 in 17.1059 ms
2026-04-06 21:38:31.521 -03:00 [INF] HTTP GET /css/global.css responded 200 in 30.9503 ms
2026-04-06 21:38:31.522 -03:00 [INF] Sending file. Request path: '/css/mapa.css'. Physical path: 'C:\Users\ACPGROUP\Desktop\HTML PURO\hidrorec\frontend\css\mapa.css'
2026-04-06 21:38:31.524 -03:00 [INF] Request finished HTTP/1.1 GET http://localhost:8080/css/components.css?v=20260406-2042 - 200 7524 text/css 39.4194ms
2026-04-06 21:38:31.526 -03:00 [INF] Request finished HTTP/1.1 GET http://localhost:8080/css/layout.css?v=20260406-2042 - 200 4821 text/css 42.1356ms
2026-04-06 21:38:31.527 -03:00 [INF] Request finished HTTP/1.1 GET http://localhost:8080/js/dashboard.js?v=20260406-2042 - 200 6976 text/javascript 40.1545ms
2026-04-06 21:38:31.529 -03:00 [INF] Request finished HTTP/1.1 GET http://localhost:8080/css/global.css?v=20260406-2042 - 200 3158 text/css 47.0925ms
2026-04-06 21:38:31.530 -03:00 [INF] HTTP GET /css/mapa.css responded 200 in 24.4708 ms
2026-04-06 21:38:31.540 -03:00 [INF] Request starting HTTP/1.1 GET http://localhost:8080/js/api.js - null null
2026-04-06 21:38:31.544 -03:00 [INF] Request finished HTTP/1.1 GET http://localhost:8080/css/mapa.css?v=20260406-2042 - 200 2088 text/css 56.943ms
2026-04-06 21:38:31.547 -03:00 [INF] CORS policy execution successful.
2026-04-06 21:38:31.552 -03:00 [INF] The file /js/api.js was not modified
2026-04-06 21:38:31.553 -03:00 [INF] HTTP GET /js/api.js responded 304 in 6.4865 ms
2026-04-06 21:38:31.555 -03:00 [INF] Request finished HTTP/1.1 GET http://localhost:8080/js/api.js - 304 null text/javascript 15.6201ms
2026-04-06 21:38:31.567 -03:00 [INF] Request starting HTTP/1.1 GET http://localhost:8080/api/dashboard/resumo - null null
2026-04-06 21:38:31.574 -03:00 [INF] Executing endpoint 'HidroRec.Backend.Controllers.DashboardController.GetResumo (HidroRec.Backend)'
2026-04-06 21:38:31.595 -03:00 [INF] Route matched with {action = "GetResumo", controller = "Dashboard"}. Executing controller action with signature System.Threading.Tasks.Task`1[Microsoft.AspNetCore.Mvc.ActionResult`1[HidroRec.Backend.Application.DTOs.Common.ApiResponse`1[HidroRec.Backend.Application.DTOs.Dashboard.DashboardResumoDto]]] GetResumo(System.Threading.CancellationToken) on controller HidroRec.Backend.Controllers.DashboardController (HidroRec.Backend).
2026-04-06 21:38:31.753 -03:00 [WRN] The query uses the 'First'/'FirstOrDefault' operator without 'OrderBy' and filter operators. This may lead to unpredictable results.
2026-04-06 21:38:32.022 -03:00 [INF] Start processing HTTP request GET https://geoportal.apac.pe.gov.br/server/rest/services/met_volume_acumulado_chuva_municipio_24hs/MapServer/0/query?where=nm_mun%20%3D%20%27Recife%27&outFields=nm_mun,horas_24,ultima_leitura_data_hora&returnGeometry=false&f=json
2026-04-06 21:38:32.024 -03:00 [INF] Sending HTTP request GET https://geoportal.apac.pe.gov.br/server/rest/services/met_volume_acumulado_chuva_municipio_24hs/MapServer/0/query?where=nm_mun%20%3D%20%27Recife%27&outFields=nm_mun,horas_24,ultima_leitura_data_hora&returnGeometry=false&f=json
2026-04-06 21:38:32.205 -03:00 [INF] Received HTTP response headers after 174.2181ms - 200
2026-04-06 21:38:32.210 -03:00 [INF] End processing HTTP request after 188.6248ms - 200
2026-04-06 21:38:32.281 -03:00 [INF] Executing OkObjectResult, writing value of type 'HidroRec.Backend.Application.DTOs.Common.ApiResponse`1[[HidroRec.Backend.Application.DTOs.Dashboard.DashboardResumoDto, HidroRec.Backend, Version=1.0.0.0, Culture=neutral, PublicKeyToken=null]]'.
2026-04-06 21:38:32.337 -03:00 [INF] Executed action HidroRec.Backend.Controllers.DashboardController.GetResumo (HidroRec.Backend) in 738.0704ms
2026-04-06 21:38:32.341 -03:00 [INF] Executed endpoint 'HidroRec.Backend.Controllers.DashboardController.GetResumo (HidroRec.Backend)'
2026-04-06 21:38:32.344 -03:00 [INF] HTTP GET /api/dashboard/resumo responded 200 in 771.0068 ms
2026-04-06 21:38:32.349 -03:00 [INF] Request finished HTTP/1.1 GET http://localhost:8080/api/dashboard/resumo - 200 null application/json; charset=utf-8 782.0495ms
2026-04-06 21:40:54.144 -03:00 [INF] Request starting HTTP/1.1 GET http://localhost:8080/previsoes.html - null null
2026-04-06 21:40:54.149 -03:00 [INF] Sending file. Request path: '/previsoes.html'. Physical path: 'C:\Users\ACPGROUP\Desktop\HTML PURO\hidrorec\frontend\previsoes.html'
2026-04-06 21:40:54.151 -03:00 [INF] HTTP GET /previsoes.html responded 200 in 2.8419 ms
2026-04-06 21:40:54.154 -03:00 [INF] Request finished HTTP/1.1 GET http://localhost:8080/previsoes.html - 200 2951 text/html 10.2357ms
2026-04-06 21:40:54.180 -03:00 [INF] Request starting HTTP/1.1 GET http://localhost:8080/css/previsoes.css?v=20260406-2042 - null null
2026-04-06 21:40:54.182 -03:00 [INF] Request starting HTTP/1.1 GET http://localhost:8080/js/previsoes.js?v=20260406-2042 - null null
2026-04-06 21:40:54.185 -03:00 [INF] Sending file. Request path: '/css/previsoes.css'. Physical path: 'C:\Users\ACPGROUP\Desktop\HTML PURO\hidrorec\frontend\css\previsoes.css'
2026-04-06 21:40:54.189 -03:00 [INF] CORS policy execution successful.
2026-04-06 21:40:54.191 -03:00 [INF] HTTP GET /css/previsoes.css responded 200 in 6.4823 ms
2026-04-06 21:40:54.193 -03:00 [INF] Sending file. Request path: '/js/previsoes.js'. Physical path: 'C:\Users\ACPGROUP\Desktop\HTML PURO\hidrorec\frontend\js\previsoes.js'
2026-04-06 21:40:54.195 -03:00 [INF] Request finished HTTP/1.1 GET http://localhost:8080/css/previsoes.css?v=20260406-2042 - 200 706 text/css 14.997ms
2026-04-06 21:40:54.197 -03:00 [INF] HTTP GET /js/previsoes.js responded 200 in 7.9671 ms
2026-04-06 21:40:54.205 -03:00 [INF] Request finished HTTP/1.1 GET http://localhost:8080/js/previsoes.js?v=20260406-2042 - 200 1643 text/javascript 23.4727ms
2026-04-06 21:40:54.210 -03:00 [INF] Request starting HTTP/1.1 GET http://localhost:8080/js/api.js - null null
2026-04-06 21:40:54.214 -03:00 [INF] CORS policy execution successful.
2026-04-06 21:40:54.217 -03:00 [INF] The file /js/api.js was not modified
2026-04-06 21:40:54.218 -03:00 [INF] HTTP GET /js/api.js responded 304 in 3.7974 ms
2026-04-06 21:40:54.223 -03:00 [INF] Request finished HTTP/1.1 GET http://localhost:8080/js/api.js - 304 null text/javascript 13.08ms
2026-04-06 21:40:54.231 -03:00 [INF] Request starting HTTP/1.1 GET http://localhost:8080/api/previsoes - null null
2026-04-06 21:40:54.241 -03:00 [INF] Executing endpoint 'HidroRec.Backend.Controllers.PrevisoesController.GetResumo (HidroRec.Backend)'
2026-04-06 21:40:54.249 -03:00 [INF] Route matched with {action = "GetResumo", controller = "Previsoes"}. Executing controller action with signature System.Threading.Tasks.Task`1[Microsoft.AspNetCore.Mvc.ActionResult`1[HidroRec.Backend.Application.DTOs.Common.ApiResponse`1[HidroRec.Backend.Application.DTOs.Previsoes.PrevisaoResumoDto]]] GetResumo(System.Threading.CancellationToken) on controller HidroRec.Backend.Controllers.PrevisoesController (HidroRec.Backend).
2026-04-06 21:40:54.260 -03:00 [INF] Start processing HTTP request GET https://geoportal.apac.pe.gov.br/server/rest/services/met_volume_acumulado_chuva_municipio_24hs/MapServer/0/query?where=nm_mun%20%3D%20%27Recife%27&outFields=nm_mun,horas_24,ultima_leitura_data_hora&returnGeometry=false&f=json
2026-04-06 21:40:54.262 -03:00 [INF] Sending HTTP request GET https://geoportal.apac.pe.gov.br/server/rest/services/met_volume_acumulado_chuva_municipio_24hs/MapServer/0/query?where=nm_mun%20%3D%20%27Recife%27&outFields=nm_mun,horas_24,ultima_leitura_data_hora&returnGeometry=false&f=json
2026-04-06 21:40:54.326 -03:00 [INF] Received HTTP response headers after 61.1712ms - 200
2026-04-06 21:40:54.331 -03:00 [INF] End processing HTTP request after 70.5309ms - 200
2026-04-06 21:40:54.341 -03:00 [INF] Executing OkObjectResult, writing value of type 'HidroRec.Backend.Application.DTOs.Common.ApiResponse`1[[HidroRec.Backend.Application.DTOs.Previsoes.PrevisaoResumoDto, HidroRec.Backend, Version=1.0.0.0, Culture=neutral, PublicKeyToken=null]]'.
2026-04-06 21:40:54.363 -03:00 [INF] Executed action HidroRec.Backend.Controllers.PrevisoesController.GetResumo (HidroRec.Backend) in 109.849ms
2026-04-06 21:40:54.368 -03:00 [INF] Executed endpoint 'HidroRec.Backend.Controllers.PrevisoesController.GetResumo (HidroRec.Backend)'
2026-04-06 21:40:54.371 -03:00 [INF] HTTP GET /api/previsoes responded 200 in 132.7365 ms
2026-04-06 21:40:54.378 -03:00 [INF] Request finished HTTP/1.1 GET http://localhost:8080/api/previsoes - 200 null application/json; charset=utf-8 147.4557ms
2026-04-06 21:41:58.208 -03:00 [INF] Request starting HTTP/1.1 GET http://localhost:8080/alertas.html - null null
2026-04-06 21:41:58.213 -03:00 [INF] Sending file. Request path: '/alertas.html'. Physical path: 'C:\Users\ACPGROUP\Desktop\HTML PURO\hidrorec\frontend\alertas.html'
2026-04-06 21:41:58.215 -03:00 [INF] HTTP GET /alertas.html responded 200 in 4.1929 ms
2026-04-06 21:41:58.218 -03:00 [INF] Request finished HTTP/1.1 GET http://localhost:8080/alertas.html - 200 2833 text/html 9.8713ms
2026-04-06 21:41:58.233 -03:00 [INF] Request starting HTTP/1.1 GET http://localhost:8080/css/alertas.css?v=20260406-2042 - null null
2026-04-06 21:41:58.234 -03:00 [INF] Request starting HTTP/1.1 GET http://localhost:8080/js/alertas.js?v=20260406-2042 - null null
2026-04-06 21:41:58.241 -03:00 [INF] CORS policy execution successful.
2026-04-06 21:41:58.250 -03:00 [INF] Sending file. Request path: '/css/alertas.css'. Physical path: 'C:\Users\ACPGROUP\Desktop\HTML PURO\hidrorec\frontend\css\alertas.css'
2026-04-06 21:41:58.252 -03:00 [INF] HTTP GET /css/alertas.css responded 200 in 13.8173 ms
2026-04-06 21:41:58.255 -03:00 [INF] Request finished HTTP/1.1 GET http://localhost:8080/css/alertas.css?v=20260406-2042 - 200 778 text/css 21.6398ms
2026-04-06 21:41:58.267 -03:00 [INF] Sending file. Request path: '/js/alertas.js'. Physical path: 'C:\Users\ACPGROUP\Desktop\HTML PURO\hidrorec\frontend\js\alertas.js'
2026-04-06 21:41:58.268 -03:00 [INF] HTTP GET /js/alertas.js responded 200 in 27.5698 ms
2026-04-06 21:41:58.273 -03:00 [INF] Request starting HTTP/1.1 GET http://localhost:8080/api/alertas/ativos - null null
2026-04-06 21:41:58.274 -03:00 [INF] Request finished HTTP/1.1 GET http://localhost:8080/js/alertas.js?v=20260406-2042 - 200 1287 text/javascript 39.1524ms
2026-04-06 21:41:58.278 -03:00 [INF] Executing endpoint 'HidroRec.Backend.Controllers.AlertasController.GetAtivos (HidroRec.Backend)'
2026-04-06 21:41:58.291 -03:00 [INF] Route matched with {action = "GetAtivos", controller = "Alertas"}. Executing controller action with signature System.Threading.Tasks.Task`1[Microsoft.AspNetCore.Mvc.ActionResult`1[HidroRec.Backend.Application.DTOs.Common.ApiResponse`1[System.Collections.Generic.IReadOnlyCollection`1[HidroRec.Backend.Application.DTOs.Alertas.AlertaDto]]]] GetAtivos(System.String, System.Threading.CancellationToken) on controller HidroRec.Backend.Controllers.AlertasController (HidroRec.Backend).
2026-04-06 21:41:58.561 -03:00 [INF] Executing OkObjectResult, writing value of type 'HidroRec.Backend.Application.DTOs.Common.ApiResponse`1[[System.Collections.Generic.IReadOnlyCollection`1[[HidroRec.Backend.Application.DTOs.Alertas.AlertaDto, HidroRec.Backend, Version=1.0.0.0, Culture=neutral, PublicKeyToken=null]], System.Private.CoreLib, Version=8.0.0.0, Culture=neutral, PublicKeyToken=7cec85d7bea7798e]]'.
2026-04-06 21:41:58.578 -03:00 [INF] Executed action HidroRec.Backend.Controllers.AlertasController.GetAtivos (HidroRec.Backend) in 283.906ms
2026-04-06 21:41:58.581 -03:00 [INF] Executed endpoint 'HidroRec.Backend.Controllers.AlertasController.GetAtivos (HidroRec.Backend)'
2026-04-06 21:41:58.583 -03:00 [INF] HTTP GET /api/alertas/ativos responded 200 in 306.9775 ms
2026-04-06 21:41:58.590 -03:00 [INF] Request finished HTTP/1.1 GET http://localhost:8080/api/alertas/ativos - 200 null application/json; charset=utf-8 316.533ms
2026-04-06 21:42:41.213 -03:00 [INF] Request starting HTTP/1.1 GET http://localhost:8080/previsoes.html - null null
2026-04-06 21:42:41.217 -03:00 [INF] The file /previsoes.html was not modified
2026-04-06 21:42:41.218 -03:00 [INF] HTTP GET /previsoes.html responded 304 in 1.8056 ms
2026-04-06 21:42:41.222 -03:00 [INF] Request finished HTTP/1.1 GET http://localhost:8080/previsoes.html - 304 null text/html 8.8485ms
2026-04-06 21:42:41.237 -03:00 [INF] Request starting HTTP/1.1 GET http://localhost:8080/css/previsoes.css?v=20260406-2042 - null null
2026-04-06 21:42:41.237 -03:00 [INF] Request starting HTTP/1.1 GET http://localhost:8080/js/previsoes.js?v=20260406-2042 - null null
2026-04-06 21:42:41.241 -03:00 [INF] The file /css/previsoes.css was not modified
2026-04-06 21:42:41.243 -03:00 [INF] CORS policy execution successful.
2026-04-06 21:42:41.244 -03:00 [INF] HTTP GET /css/previsoes.css responded 304 in 3.4191 ms
2026-04-06 21:42:41.246 -03:00 [INF] The file /js/previsoes.js was not modified
2026-04-06 21:42:41.247 -03:00 [INF] Request finished HTTP/1.1 GET http://localhost:8080/css/previsoes.css?v=20260406-2042 - 304 null text/css 10.5297ms
2026-04-06 21:42:41.249 -03:00 [INF] HTTP GET /js/previsoes.js responded 304 in 5.5421 ms
2026-04-06 21:42:41.264 -03:00 [INF] Request finished HTTP/1.1 GET http://localhost:8080/js/previsoes.js?v=20260406-2042 - 304 null text/javascript 26.5828ms
2026-04-06 21:42:41.267 -03:00 [INF] Request starting HTTP/1.1 GET http://localhost:8080/api/previsoes - null null
2026-04-06 21:42:41.270 -03:00 [INF] Executing endpoint 'HidroRec.Backend.Controllers.PrevisoesController.GetResumo (HidroRec.Backend)'
2026-04-06 21:42:41.273 -03:00 [INF] Route matched with {action = "GetResumo", controller = "Previsoes"}. Executing controller action with signature System.Threading.Tasks.Task`1[Microsoft.AspNetCore.Mvc.ActionResult`1[HidroRec.Backend.Application.DTOs.Common.ApiResponse`1[HidroRec.Backend.Application.DTOs.Previsoes.PrevisaoResumoDto]]] GetResumo(System.Threading.CancellationToken) on controller HidroRec.Backend.Controllers.PrevisoesController (HidroRec.Backend).
2026-04-06 21:42:41.278 -03:00 [INF] Start processing HTTP request GET https://geoportal.apac.pe.gov.br/server/rest/services/met_volume_acumulado_chuva_municipio_24hs/MapServer/0/query?where=nm_mun%20%3D%20%27Recife%27&outFields=nm_mun,horas_24,ultima_leitura_data_hora&returnGeometry=false&f=json
2026-04-06 21:42:41.280 -03:00 [INF] Sending HTTP request GET https://geoportal.apac.pe.gov.br/server/rest/services/met_volume_acumulado_chuva_municipio_24hs/MapServer/0/query?where=nm_mun%20%3D%20%27Recife%27&outFields=nm_mun,horas_24,ultima_leitura_data_hora&returnGeometry=false&f=json
2026-04-06 21:42:41.342 -03:00 [INF] Received HTTP response headers after 58.7956ms - 200
2026-04-06 21:42:41.346 -03:00 [INF] End processing HTTP request after 68.9502ms - 200
2026-04-06 21:42:41.351 -03:00 [INF] Executing OkObjectResult, writing value of type 'HidroRec.Backend.Application.DTOs.Common.ApiResponse`1[[HidroRec.Backend.Application.DTOs.Previsoes.PrevisaoResumoDto, HidroRec.Backend, Version=1.0.0.0, Culture=neutral, PublicKeyToken=null]]'.
2026-04-06 21:42:41.356 -03:00 [INF] Executed action HidroRec.Backend.Controllers.PrevisoesController.GetResumo (HidroRec.Backend) in 79.7458ms
2026-04-06 21:42:41.358 -03:00 [INF] Executed endpoint 'HidroRec.Backend.Controllers.PrevisoesController.GetResumo (HidroRec.Backend)'
2026-04-06 21:42:41.361 -03:00 [INF] HTTP GET /api/previsoes responded 200 in 90.5309 ms
2026-04-06 21:42:41.369 -03:00 [INF] Request finished HTTP/1.1 GET http://localhost:8080/api/previsoes - 200 null application/json; charset=utf-8 100.9798ms
2026-04-06 21:48:21.982 -03:00 [INF] User profile is available. Using 'C:\Users\ACPGROUP\AppData\Local\ASP.NET\DataProtection-Keys' as key repository and Windows DPAPI to encrypt keys at rest.
2026-04-06 21:48:22.042 -03:00 [INF] Now listening on: http://localhost:8080
2026-04-06 21:48:22.046 -03:00 [INF] Application started. Press Ctrl+C to shut down.
2026-04-06 21:48:22.048 -03:00 [INF] Hosting environment: Development
2026-04-06 21:48:22.049 -03:00 [INF] Content root path: C:\Users\ACPGROUP\Desktop\HTML PURO\hidrorec\backend
2026-04-06 21:48:32.256 -03:00 [INF] Request starting HTTP/1.1 GET http://localhost:8080/api/previsoes - null null
2026-04-06 21:48:32.256 -03:00 [INF] Request starting HTTP/1.1 GET http://localhost:8080/api/dashboard/resumo - null null
2026-04-06 21:48:32.289 -03:00 [INF] Request starting HTTP/1.1 GET http://localhost:8080/previsoes.html - null null
2026-04-06 21:48:32.306 -03:00 [INF] Sending file. Request path: '/previsoes.html'. Physical path: 'C:\Users\ACPGROUP\Desktop\HTML PURO\hidrorec\frontend\previsoes.html'
2026-04-06 21:48:32.309 -03:00 [INF] Executing endpoint 'HidroRec.Backend.Controllers.PrevisoesController.GetResumo (HidroRec.Backend)'
2026-04-06 21:48:32.309 -03:00 [INF] Executing endpoint 'HidroRec.Backend.Controllers.DashboardController.GetResumo (HidroRec.Backend)'
2026-04-06 21:48:32.311 -03:00 [INF] HTTP GET /previsoes.html responded 200 in 13.7533 ms
2026-04-06 21:48:32.317 -03:00 [INF] Request finished HTTP/1.1 GET http://localhost:8080/previsoes.html - 200 2951 text/html 28.4088ms
2026-04-06 21:48:32.326 -03:00 [INF] Route matched with {action = "GetResumo", controller = "Previsoes"}. Executing controller action with signature System.Threading.Tasks.Task`1[Microsoft.AspNetCore.Mvc.ActionResult`1[HidroRec.Backend.Application.DTOs.Common.ApiResponse`1[HidroRec.Backend.Application.DTOs.Previsoes.PrevisaoResumoDto]]] GetResumo(System.Threading.CancellationToken) on controller HidroRec.Backend.Controllers.PrevisoesController (HidroRec.Backend).
2026-04-06 21:48:32.326 -03:00 [INF] Route matched with {action = "GetResumo", controller = "Dashboard"}. Executing controller action with signature System.Threading.Tasks.Task`1[Microsoft.AspNetCore.Mvc.ActionResult`1[HidroRec.Backend.Application.DTOs.Common.ApiResponse`1[HidroRec.Backend.Application.DTOs.Dashboard.DashboardResumoDto]]] GetResumo(System.Threading.CancellationToken) on controller HidroRec.Backend.Controllers.DashboardController (HidroRec.Backend).
2026-04-06 21:48:32.358 -03:00 [INF] Start processing HTTP request GET https://geoportal.apac.pe.gov.br/server/rest/services/met_volume_acumulado_chuva_municipio_24hs/MapServer/0/query?where=nm_mun%20%3D%20%27Recife%27&outFields=nm_mun,horas_24,ultima_leitura_data_hora&returnGeometry=false&f=json
2026-04-06 21:48:32.362 -03:00 [INF] Sending HTTP request GET https://geoportal.apac.pe.gov.br/server/rest/services/met_volume_acumulado_chuva_municipio_24hs/MapServer/0/query?where=nm_mun%20%3D%20%27Recife%27&outFields=nm_mun,horas_24,ultima_leitura_data_hora&returnGeometry=false&f=json
2026-04-06 21:48:32.449 -03:00 [WRN] The query uses the 'First'/'FirstOrDefault' operator without 'OrderBy' and filter operators. This may lead to unpredictable results.
2026-04-06 21:48:32.607 -03:00 [INF] Received HTTP response headers after 232.505ms - 200
2026-04-06 21:48:32.616 -03:00 [INF] End processing HTTP request after 259.089ms - 200
2026-04-06 21:48:32.667 -03:00 [INF] Start processing HTTP request GET https://api.open-meteo.com/v1/forecast?latitude=-8.0476&longitude=-34.8770&hourly=precipitation,precipitation_probability&forecast_hours=12&timezone=America%2FSao_Paulo
2026-04-06 21:48:32.669 -03:00 [INF] Sending HTTP request GET https://api.open-meteo.com/v1/forecast?latitude=-8.0476&longitude=-34.8770&hourly=precipitation,precipitation_probability&forecast_hours=12&timezone=America%2FSao_Paulo
2026-04-06 21:48:32.775 -03:00 [INF] Start processing HTTP request GET https://geoportal.apac.pe.gov.br/server/rest/services/met_volume_acumulado_chuva_municipio_24hs/MapServer/0/query?where=nm_mun%20%3D%20%27Recife%27&outFields=nm_mun,horas_24,ultima_leitura_data_hora&returnGeometry=false&f=json
2026-04-06 21:48:32.776 -03:00 [INF] Sending HTTP request GET https://geoportal.apac.pe.gov.br/server/rest/services/met_volume_acumulado_chuva_municipio_24hs/MapServer/0/query?where=nm_mun%20%3D%20%27Recife%27&outFields=nm_mun,horas_24,ultima_leitura_data_hora&returnGeometry=false&f=json
2026-04-06 21:48:32.808 -03:00 [INF] Received HTTP response headers after 29.3173ms - 200
2026-04-06 21:48:32.809 -03:00 [INF] End processing HTTP request after 34.4195ms - 200
2026-04-06 21:48:32.812 -03:00 [INF] Start processing HTTP request GET https://api.open-meteo.com/v1/forecast?latitude=-8.0476&longitude=-34.8770&hourly=precipitation,precipitation_probability&forecast_hours=12&timezone=America%2FSao_Paulo
2026-04-06 21:48:32.815 -03:00 [INF] Sending HTTP request GET https://api.open-meteo.com/v1/forecast?latitude=-8.0476&longitude=-34.8770&hourly=precipitation,precipitation_probability&forecast_hours=12&timezone=America%2FSao_Paulo
2026-04-06 21:48:33.459 -03:00 [INF] Received HTTP response headers after 788.4077ms - 200
2026-04-06 21:48:33.462 -03:00 [INF] End processing HTTP request after 795.6526ms - 200
2026-04-06 21:48:33.506 -03:00 [INF] Executing OkObjectResult, writing value of type 'HidroRec.Backend.Application.DTOs.Common.ApiResponse`1[[HidroRec.Backend.Application.DTOs.Previsoes.PrevisaoResumoDto, HidroRec.Backend, Version=1.0.0.0, Culture=neutral, PublicKeyToken=null]]'.
2026-04-06 21:48:33.527 -03:00 [INF] Executed action HidroRec.Backend.Controllers.PrevisoesController.GetResumo (HidroRec.Backend) in 1195.5742ms
2026-04-06 21:48:33.531 -03:00 [INF] Executed endpoint 'HidroRec.Backend.Controllers.PrevisoesController.GetResumo (HidroRec.Backend)'
2026-04-06 21:48:33.535 -03:00 [INF] HTTP GET /api/previsoes responded 200 in 1256.5164 ms
2026-04-06 21:48:33.540 -03:00 [INF] Request finished HTTP/1.1 GET http://localhost:8080/api/previsoes - 200 null application/json; charset=utf-8 1286.778ms
2026-04-06 21:48:33.615 -03:00 [INF] Received HTTP response headers after 797.2906ms - 200
2026-04-06 21:48:33.617 -03:00 [INF] End processing HTTP request after 805.0835ms - 200
2026-04-06 21:48:33.647 -03:00 [INF] Executing OkObjectResult, writing value of type 'HidroRec.Backend.Application.DTOs.Common.ApiResponse`1[[HidroRec.Backend.Application.DTOs.Dashboard.DashboardResumoDto, HidroRec.Backend, Version=1.0.0.0, Culture=neutral, PublicKeyToken=null]]'.
2026-04-06 21:48:33.687 -03:00 [INF] Executed action HidroRec.Backend.Controllers.DashboardController.GetResumo (HidroRec.Backend) in 1355.1477ms
2026-04-06 21:48:33.689 -03:00 [INF] Executed endpoint 'HidroRec.Backend.Controllers.DashboardController.GetResumo (HidroRec.Backend)'
2026-04-06 21:48:33.690 -03:00 [INF] HTTP GET /api/dashboard/resumo responded 200 in 1411.1029 ms
2026-04-06 21:48:33.696 -03:00 [INF] Request finished HTTP/1.1 GET http://localhost:8080/api/dashboard/resumo - 200 null application/json; charset=utf-8 1442.3789ms
