Usando as configurações de inicialização de C:\Users\ACPGROUP\Desktop\HTML PURO\hidrorec\backend\Properties\launchSettings.json...
[22:00:46 INF] User profile is available. Using 'C:\Users\ACPGROUP\AppData\Local\ASP.NET\DataProtection-Keys' as key repository and Windows DPAPI to encrypt keys at rest.
[22:00:46 INF] Now listening on: http://localhost:8090
[22:00:46 INF] Application started. Press Ctrl+C to shut down.
[22:00:46 INF] Hosting environment: Development
[22:00:46 INF] Content root path: C:\Users\ACPGROUP\Desktop\HTML PURO\hidrorec\backend
[22:01:05 INF] Request starting HTTP/1.1 GET http://localhost:8090/api/previsoes - null null
[22:01:05 INF] Request starting HTTP/1.1 GET http://localhost:8090/api/dashboard/resumo - null null
[22:01:05 INF] Request starting HTTP/1.1 GET http://localhost:8090/previsoes.html - null null
[22:01:05 INF] Sending file. Request path: '/previsoes.html'. Physical path: 'C:\Users\ACPGROUP\Desktop\HTML PURO\hidrorec\frontend\previsoes.html'
[22:01:05 INF] HTTP GET /previsoes.html responded 200 in 30.2169 ms
[22:01:05 INF] Request finished HTTP/1.1 GET http://localhost:8090/previsoes.html - 200 3334 text/html 54.9184ms
[22:01:05 INF] Executing endpoint 'HidroRec.Backend.Controllers.PrevisoesController.GetResumo (HidroRec.Backend)'
[22:01:05 INF] Executing endpoint 'HidroRec.Backend.Controllers.DashboardController.GetResumo (HidroRec.Backend)'
[22:01:06 INF] Route matched with {action = "GetResumo", controller = "Previsoes"}. Executing controller action with signature System.Threading.Tasks.Task`1[Microsoft.AspNetCore.Mvc.ActionResult`1[HidroRec.Backend.Application.DTOs.Common.ApiResponse`1[HidroRec.Backend.Application.DTOs.Previsoes.PrevisaoResumoDto]]] GetResumo(System.Threading.CancellationToken) on controller HidroRec.Backend.Controllers.PrevisoesController (HidroRec.Backend).
[22:01:06 INF] Route matched with {action = "GetResumo", controller = "Dashboard"}. Executing controller action with signature System.Threading.Tasks.Task`1[Microsoft.AspNetCore.Mvc.ActionResult`1[HidroRec.Backend.Application.DTOs.Common.ApiResponse`1[HidroRec.Backend.Application.DTOs.Dashboard.DashboardResumoDto]]] GetResumo(System.Threading.CancellationToken) on controller HidroRec.Backend.Controllers.DashboardController (HidroRec.Backend).
[22:01:06 INF] Start processing HTTP request GET https://geoportal.apac.pe.gov.br/server/rest/services/met_volume_acumulado_chuva_municipio_24hs/MapServer/0/query?where=nm_mun%20%3D%20%27Recife%27&outFields=nm_mun,horas_24,ultima_leitura_data_hora&returnGeometry=false&f=json
[22:01:06 INF] Sending HTTP request GET https://geoportal.apac.pe.gov.br/server/rest/services/met_volume_acumulado_chuva_municipio_24hs/MapServer/0/query?where=nm_mun%20%3D%20%27Recife%27&outFields=nm_mun,horas_24,ultima_leitura_data_hora&returnGeometry=false&f=json
[22:01:06 WRN] The query uses the 'First'/'FirstOrDefault' operator without 'OrderBy' and filter operators. This may lead to unpredictable results.
[22:01:06 INF] Start processing HTTP request GET https://geoportal.apac.pe.gov.br/server/rest/services/met_volume_acumulado_chuva_municipio_24hs/MapServer/0/query?where=nm_mun%20%3D%20%27Recife%27&outFields=nm_mun,horas_24,ultima_leitura_data_hora&returnGeometry=false&f=json
[22:01:06 INF] Sending HTTP request GET https://geoportal.apac.pe.gov.br/server/rest/services/met_volume_acumulado_chuva_municipio_24hs/MapServer/0/query?where=nm_mun%20%3D%20%27Recife%27&outFields=nm_mun,horas_24,ultima_leitura_data_hora&returnGeometry=false&f=json
[22:01:06 INF] Received HTTP response headers after 330.6733ms - 200
[22:01:06 INF] End processing HTTP request after 338.772ms - 200
[22:01:06 INF] Start processing HTTP request GET https://api.open-meteo.com/v1/forecast?latitude=-8.0476&longitude=-34.8770&hourly=precipitation,precipitation_probability&forecast_hours=24&timezone=America%2FSao_Paulo
[22:01:06 INF] Sending HTTP request GET https://api.open-meteo.com/v1/forecast?latitude=-8.0476&longitude=-34.8770&hourly=precipitation,precipitation_probability&forecast_hours=24&timezone=America%2FSao_Paulo
[22:01:06 INF] Received HTTP response headers after 437.0922ms - 200
[22:01:06 INF] End processing HTTP request after 453.5373ms - 200
[22:01:06 INF] Start processing HTTP request GET https://api.open-meteo.com/v1/forecast?latitude=-8.0476&longitude=-34.8770&hourly=precipitation,precipitation_probability&forecast_hours=24&timezone=America%2FSao_Paulo
[22:01:06 INF] Sending HTTP request GET https://api.open-meteo.com/v1/forecast?latitude=-8.0476&longitude=-34.8770&hourly=precipitation,precipitation_probability&forecast_hours=24&timezone=America%2FSao_Paulo
[22:01:07 INF] Received HTTP response headers after 925.1932ms - 200
[22:01:07 INF] End processing HTTP request after 927.6843ms - 200
[22:01:07 INF] Executing OkObjectResult, writing value of type 'HidroRec.Backend.Application.DTOs.Common.ApiResponse`1[[HidroRec.Backend.Application.DTOs.Previsoes.PrevisaoResumoDto, HidroRec.Backend, Version=1.0.0.0, Culture=neutral, PublicKeyToken=null]]'.
[22:01:07 INF] Executed action HidroRec.Backend.Controllers.PrevisoesController.GetResumo (HidroRec.Backend) in 1401.2395ms
[22:01:07 INF] Executed endpoint 'HidroRec.Backend.Controllers.PrevisoesController.GetResumo (HidroRec.Backend)'
[22:01:07 INF] HTTP GET /api/previsoes responded 200 in 1469.7667 ms
[22:01:07 INF] Request finished HTTP/1.1 GET http://localhost:8090/api/previsoes - 200 null application/json; charset=utf-8 1511.1725ms
[22:01:07 INF] Received HTTP response headers after 775.6238ms - 200
[22:01:07 INF] End processing HTTP request after 776.9235ms - 200
[22:01:07 INF] Executing OkObjectResult, writing value of type 'HidroRec.Backend.Application.DTOs.Common.ApiResponse`1[[HidroRec.Backend.Application.DTOs.Dashboard.DashboardResumoDto, HidroRec.Backend, Version=1.0.0.0, Culture=neutral, PublicKeyToken=null]]'.
[22:01:07 INF] Executed action HidroRec.Backend.Controllers.DashboardController.GetResumo (HidroRec.Backend) in 1637.7263ms
[22:01:07 INF] Executed endpoint 'HidroRec.Backend.Controllers.DashboardController.GetResumo (HidroRec.Backend)'
[22:01:07 INF] HTTP GET /api/dashboard/resumo responded 200 in 1703.0035 ms
[22:01:07 INF] Request finished HTTP/1.1 GET http://localhost:8090/api/dashboard/resumo - 200 null application/json; charset=utf-8 1747.7895ms
[22:01:25 INF] Request starting HTTP/1.1 POST http://localhost:8090/api/auth/login - application/json 74
[22:01:25 INF] Executing endpoint 'HidroRec.Backend.Controllers.AuthController.Login (HidroRec.Backend)'
[22:01:25 INF] Route matched with {action = "Login", controller = "Auth"}. Executing controller action with signature System.Threading.Tasks.Task`1[Microsoft.AspNetCore.Mvc.ActionResult`1[HidroRec.Backend.Application.DTOs.Common.ApiResponse`1[HidroRec.Backend.Application.DTOs.Auth.AuthResponseDto]]] Login(HidroRec.Backend.Application.DTOs.Auth.LoginRequestDto, System.Threading.CancellationToken) on controller HidroRec.Backend.Controllers.AuthController (HidroRec.Backend).
[22:01:25 INF] Request starting HTTP/1.1 GET http://localhost:8090/index.html - null null
[22:01:25 INF] Sending file. Request path: '/index.html'. Physical path: 'C:\Users\ACPGROUP\Desktop\HTML PURO\hidrorec\frontend\index.html'
[22:01:25 INF] HTTP GET /index.html responded 200 in 6.2800 ms
[22:01:25 INF] Request finished HTTP/1.1 GET http://localhost:8090/index.html - 200 7602 text/html 7.2241ms
[22:01:26 INF] Executing OkObjectResult, writing value of type 'HidroRec.Backend.Application.DTOs.Common.ApiResponse`1[[HidroRec.Backend.Application.DTOs.Auth.AuthResponseDto, HidroRec.Backend, Version=1.0.0.0, Culture=neutral, PublicKeyToken=null]]'.
[22:01:26 INF] Executed action HidroRec.Backend.Controllers.AuthController.Login (HidroRec.Backend) in 450.8374ms
[22:01:26 INF] Executed endpoint 'HidroRec.Backend.Controllers.AuthController.Login (HidroRec.Backend)'
[22:01:26 INF] HTTP POST /api/auth/login responded 200 in 477.1202 ms
[22:01:26 INF] Request finished HTTP/1.1 POST http://localhost:8090/api/auth/login - 200 null application/json; charset=utf-8 479.594ms
[22:12:08 INF] Request starting HTTP/1.1 GET http://localhost:8090/index.html - null null
[22:12:08 INF] Sending file. Request path: '/index.html'. Physical path: 'C:\Users\ACPGROUP\Desktop\HTML PURO\hidrorec\frontend\index.html'
[22:12:08 INF] HTTP GET /index.html responded 200 in 3.8087 ms
[22:12:08 INF] Request finished HTTP/1.1 GET http://localhost:8090/index.html - 200 7620 text/html 6.3836ms
[22:12:08 INF] Request starting HTTP/1.1 GET http://localhost:8090/previsoes.html - null null
[22:12:08 INF] Sending file. Request path: '/previsoes.html'. Physical path: 'C:\Users\ACPGROUP\Desktop\HTML PURO\hidrorec\frontend\previsoes.html'
[22:12:08 INF] HTTP GET /previsoes.html responded 200 in 2.2159 ms
[22:12:08 INF] Request finished HTTP/1.1 GET http://localhost:8090/previsoes.html - 200 3334 text/html 3.5858ms
[22:12:08 INF] Request starting HTTP/1.1 GET http://localhost:8090/css/components.css?v=20260406-2042 - null null
[22:12:08 INF] Sending file. Request path: '/css/components.css'. Physical path: 'C:\Users\ACPGROUP\Desktop\HTML PURO\hidrorec\frontend\css\components.css'
[22:12:08 INF] HTTP GET /css/components.css responded 200 in 1.0552 ms
[22:12:08 INF] Request finished HTTP/1.1 GET http://localhost:8090/css/components.css?v=20260406-2042 - 200 8522 text/css 5.1927ms
[22:12:09 INF] Request starting HTTP/1.1 GET http://localhost:8090/js/previsoes.js?v=20260406-2042 - null null
[22:12:09 INF] Sending file. Request path: '/js/previsoes.js'. Physical path: 'C:\Users\ACPGROUP\Desktop\HTML PURO\hidrorec\frontend\js\previsoes.js'
[22:12:09 INF] HTTP GET /js/previsoes.js responded 200 in 1.0540 ms
[22:12:09 INF] Request finished HTTP/1.1 GET http://localhost:8090/js/previsoes.js?v=20260406-2042 - 200 2229 text/javascript 2.0777ms
[22:15:25 INF] Request starting HTTP/1.1 GET http://localhost:8090/index.html - null null
[22:15:25 INF] Sending file. Request path: '/index.html'. Physical path: 'C:\Users\ACPGROUP\Desktop\HTML PURO\hidrorec\frontend\index.html'
[22:15:25 INF] HTTP GET /index.html responded 200 in 5.4006 ms
[22:15:25 INF] Request finished HTTP/1.1 GET http://localhost:8090/index.html - 200 7638 text/html 43.4552ms
[22:15:25 INF] Request starting HTTP/1.1 GET http://localhost:8090/previsoes.html - null null
[22:15:25 INF] Sending file. Request path: '/previsoes.html'. Physical path: 'C:\Users\ACPGROUP\Desktop\HTML PURO\hidrorec\frontend\previsoes.html'
[22:15:25 INF] HTTP GET /previsoes.html responded 200 in 1.0472 ms
[22:15:25 INF] Request finished HTTP/1.1 GET http://localhost:8090/previsoes.html - 200 3334 text/html 1.8446ms
[22:15:25 INF] Request starting HTTP/1.1 GET http://localhost:8090/alertas.html - null null
[22:15:25 INF] Sending file. Request path: '/alertas.html'. Physical path: 'C:\Users\ACPGROUP\Desktop\HTML PURO\hidrorec\frontend\alertas.html'
[22:15:25 INF] HTTP GET /alertas.html responded 200 in 1.1709 ms
[22:15:25 INF] Request finished HTTP/1.1 GET http://localhost:8090/alertas.html - 200 2833 text/html 2.0422ms
[22:15:25 INF] Request starting HTTP/1.1 GET http://localhost:8090/css/components.css?v=20260406-2112 - null null
[22:15:25 INF] Sending file. Request path: '/css/components.css'. Physical path: 'C:\Users\ACPGROUP\Desktop\HTML PURO\hidrorec\frontend\css\components.css'
[22:15:25 INF] HTTP GET /css/components.css responded 200 in 3.5217 ms
[22:15:25 INF] Request finished HTTP/1.1 GET http://localhost:8090/css/components.css?v=20260406-2112 - 200 10778 text/css 4.6761ms
[22:15:25 INF] Request starting HTTP/1.1 GET http://localhost:8090/js/previsoes.js?v=20260406-2112 - null null
[22:15:25 INF] Sending file. Request path: '/js/previsoes.js'. Physical path: 'C:\Users\ACPGROUP\Desktop\HTML PURO\hidrorec\frontend\js\previsoes.js'
[22:15:25 INF] HTTP GET /js/previsoes.js responded 200 in 1.8256 ms
[22:15:25 INF] Request finished HTTP/1.1 GET http://localhost:8090/js/previsoes.js?v=20260406-2112 - 200 2303 text/javascript 3.0528ms
[22:15:25 INF] Request starting HTTP/1.1 GET http://localhost:8090/js/alertas.js?v=20260406-2112 - null null
[22:15:25 INF] Sending file. Request path: '/js/alertas.js'. Physical path: 'C:\Users\ACPGROUP\Desktop\HTML PURO\hidrorec\frontend\js\alertas.js'
[22:15:25 INF] HTTP GET /js/alertas.js responded 200 in 0.9636 ms
[22:15:25 INF] Request finished HTTP/1.1 GET http://localhost:8090/js/alertas.js?v=20260406-2112 - 200 1577 text/javascript 1.8296ms
[22:15:25 INF] Request starting HTTP/1.1 GET http://localhost:8090/js/dashboard.js?v=20260406-2112 - null null
[22:15:25 INF] Sending file. Request path: '/js/dashboard.js'. Physical path: 'C:\Users\ACPGROUP\Desktop\HTML PURO\hidrorec\frontend\js\dashboard.js'
[22:15:25 INF] HTTP GET /js/dashboard.js responded 200 in 1.4345 ms
[22:15:25 INF] Request finished HTTP/1.1 GET http://localhost:8090/js/dashboard.js?v=20260406-2112 - 200 7035 text/javascript 2.2344ms
